../Drivers/CMSIS/Include/core_cm4.h:1688:22:__NVIC_EnableIRQ	16	static
../Drivers/CMSIS/Include/core_cm4.h:1724:22:__NVIC_DisableIRQ	16	static,ignoring_inline_asm
../Platform/deca/port.c:25:19:portGetTickCnt	8	static
../Platform/deca/port.c:35:5:usleep	24	static,ignoring_inline_asm
../Platform/deca/port.c:50:15:Sleep	16	static
../Platform/deca/port.c:60:5:peripherals_init	4	static
../Platform/deca/port.c:68:6:spi_peripheral_init	4	static
../Platform/deca/port.c:83:10:EXTI_GetITEnStatus	16	static
../Platform/deca/port.c:96:6:reset_DWIC	8	static
../Platform/deca/port.c:114:6:setup_DWICRSTnIRQ	16	static
../Platform/deca/port.c:153:6:wakeup_device_with_io	8	static
../Platform/deca/port.c:171:6:make_very_short_wakeup_io	16	static,ignoring_inline_asm
../Platform/deca/port.c:185:5:port_is_boot1_low	4	static
../Platform/deca/port.c:195:5:port_is_boot1_on	16	static
../Platform/deca/port.c:206:5:port_is_switch_on	16	static
../Platform/deca/port.c:215:6:led_off	16	static
../Platform/deca/port.c:249:6:led_on	16	static
../Platform/deca/port.c:286:6:change_SPI	16	static
../Platform/deca/port.c:308:6:port_set_dw_ic_spi_slowrate	8	static
../Platform/deca/port.c:317:6:port_set_dw_ic_spi_fastrate	8	static
../Platform/deca/port.c:326:6:port_LCD_RS_set	4	static
../Platform/deca/port.c:335:6:port_LCD_RS_clear	4	static
../Platform/deca/port.c:344:6:port_LCD_RW_set	4	static
../Platform/deca/port.c:354:6:port_LCD_RW_clear	4	static
../Platform/deca/port.c:368:6:HAL_GPIO_EXTI_Callback	16	static
../Platform/deca/port.c:396:15:process_deca_irq	8	static
../Platform/deca/port.c:412:15:port_DisableEXT_IRQ	8	static
../Platform/deca/port.c:429:15:port_EnableEXT_IRQ	8	static
../Platform/deca/port.c:444:19:port_GetEXT_IRQStatus	16	static
../Platform/deca/port.c:462:19:port_CheckEXT_IRQ	16	static
