Archive member included to satisfy reference by file (symbol)

d:/sdk/arm/gnu_tool_arm_embedded/bin/../lib/gcc/arm-none-eabi/5.4.1/armv7e-m/fpu\libgcc.a(_aeabi_uldivmod.o)
                              CMakeFiles/UWB-UAV-LABEL.elf.dir/Drivers/STM32F4xx_HAL_Driver/Src/stm32f4xx_hal_rcc.c.obj (__aeabi_uldivmod)
d:/sdk/arm/gnu_tool_arm_embedded/bin/../lib/gcc/arm-none-eabi/5.4.1/armv7e-m/fpu\libgcc.a(_udivmoddi4.o)
                              d:/sdk/arm/gnu_tool_arm_embedded/bin/../lib/gcc/arm-none-eabi/5.4.1/armv7e-m/fpu\libgcc.a(_aeabi_uldivmod.o) (__udivmoddi4)
d:/sdk/arm/gnu_tool_arm_embedded/bin/../lib/gcc/arm-none-eabi/5.4.1/armv7e-m/fpu\libgcc.a(_dvmd_tls.o)
                              d:/sdk/arm/gnu_tool_arm_embedded/bin/../lib/gcc/arm-none-eabi/5.4.1/armv7e-m/fpu\libgcc.a(_aeabi_uldivmod.o) (__aeabi_ldiv0)
d:/sdk/arm/gnu_tool_arm_embedded/bin/../lib/gcc/arm-none-eabi/5.4.1/../../../../arm-none-eabi/lib/armv7e-m/fpu\libg.a(lib_a-errno.o)
                              CMakeFiles/UWB-UAV-LABEL.elf.dir/Core/Src/syscalls.c.obj (__errno)
d:/sdk/arm/gnu_tool_arm_embedded/bin/../lib/gcc/arm-none-eabi/5.4.1/../../../../arm-none-eabi/lib/armv7e-m/fpu\libg.a(lib_a-exit.o)
                              d:/sdk/arm/gnu_tool_arm_embedded/bin/../lib/gcc/arm-none-eabi/5.4.1/../../../../arm-none-eabi/lib/armv7e-m/fpu/crt0.o (exit)
d:/sdk/arm/gnu_tool_arm_embedded/bin/../lib/gcc/arm-none-eabi/5.4.1/../../../../arm-none-eabi/lib/armv7e-m/fpu\libg.a(lib_a-impure.o)
                              d:/sdk/arm/gnu_tool_arm_embedded/bin/../lib/gcc/arm-none-eabi/5.4.1/../../../../arm-none-eabi/lib/armv7e-m/fpu\libg.a(lib_a-exit.o) (_global_impure_ptr)
d:/sdk/arm/gnu_tool_arm_embedded/bin/../lib/gcc/arm-none-eabi/5.4.1/../../../../arm-none-eabi/lib/armv7e-m/fpu\libg.a(lib_a-init.o)
                              d:/sdk/arm/gnu_tool_arm_embedded/bin/../lib/gcc/arm-none-eabi/5.4.1/../../../../arm-none-eabi/lib/armv7e-m/fpu/crt0.o (__libc_init_array)
d:/sdk/arm/gnu_tool_arm_embedded/bin/../lib/gcc/arm-none-eabi/5.4.1/../../../../arm-none-eabi/lib/armv7e-m/fpu\libg.a(lib_a-memcpy.o)
                              CMakeFiles/UWB-UAV-LABEL.elf.dir/Middlewares/Third_Party/FreeRTOS/Source/CMSIS_RTOS_V2/cmsis_os2.c.obj (memcpy)
d:/sdk/arm/gnu_tool_arm_embedded/bin/../lib/gcc/arm-none-eabi/5.4.1/../../../../arm-none-eabi/lib/armv7e-m/fpu\libg.a(lib_a-memset.o)
                              d:/sdk/arm/gnu_tool_arm_embedded/bin/../lib/gcc/arm-none-eabi/5.4.1/../../../../arm-none-eabi/lib/armv7e-m/fpu/crt0.o (memset)
d:/sdk/arm/gnu_tool_arm_embedded/bin/../lib/gcc/arm-none-eabi/5.4.1/../../../../arm-none-eabi/lib/armv7e-m/fpu\libg.a(lib_a-reent.o)
                              CMakeFiles/UWB-UAV-LABEL.elf.dir/Middlewares/Third_Party/FreeRTOS/Source/tasks.c.obj (_reclaim_reent)
d:/sdk/arm/gnu_tool_arm_embedded/bin/../lib/gcc/arm-none-eabi/5.4.1/../../../../arm-none-eabi/lib/armv7e-m/fpu\libg.a(lib_a-vsnprintf.o)
                              CMakeFiles/UWB-UAV-LABEL.elf.dir/User/Source/printf.c.obj (vsnprintf)
d:/sdk/arm/gnu_tool_arm_embedded/bin/../lib/gcc/arm-none-eabi/5.4.1/../../../../arm-none-eabi/lib/armv7e-m/fpu\libg.a(lib_a-__call_atexit.o)
                              d:/sdk/arm/gnu_tool_arm_embedded/bin/../lib/gcc/arm-none-eabi/5.4.1/../../../../arm-none-eabi/lib/armv7e-m/fpu\libg.a(lib_a-exit.o) (__call_exitprocs)
d:/sdk/arm/gnu_tool_arm_embedded/bin/../lib/gcc/arm-none-eabi/5.4.1/../../../../arm-none-eabi/lib/armv7e-m/fpu\libg.a(lib_a-atexit.o)
                              d:/sdk/arm/gnu_tool_arm_embedded/bin/../lib/gcc/arm-none-eabi/5.4.1/../../../../arm-none-eabi/lib/armv7e-m/fpu\libg.a(lib_a-__call_atexit.o) (atexit)
d:/sdk/arm/gnu_tool_arm_embedded/bin/../lib/gcc/arm-none-eabi/5.4.1/../../../../arm-none-eabi/lib/armv7e-m/fpu\libg.a(lib_a-fini.o)
                              d:/sdk/arm/gnu_tool_arm_embedded/bin/../lib/gcc/arm-none-eabi/5.4.1/../../../../arm-none-eabi/lib/armv7e-m/fpu\libg.a(lib_a-__call_atexit.o) (__libc_fini_array)
d:/sdk/arm/gnu_tool_arm_embedded/bin/../lib/gcc/arm-none-eabi/5.4.1/../../../../arm-none-eabi/lib/armv7e-m/fpu\libg.a(lib_a-freer.o)
                              d:/sdk/arm/gnu_tool_arm_embedded/bin/../lib/gcc/arm-none-eabi/5.4.1/../../../../arm-none-eabi/lib/armv7e-m/fpu\libg.a(lib_a-reent.o) (_free_r)
d:/sdk/arm/gnu_tool_arm_embedded/bin/../lib/gcc/arm-none-eabi/5.4.1/../../../../arm-none-eabi/lib/armv7e-m/fpu\libg.a(lib_a-mallocr.o)
                              d:/sdk/arm/gnu_tool_arm_embedded/bin/../lib/gcc/arm-none-eabi/5.4.1/../../../../arm-none-eabi/lib/armv7e-m/fpu\libg.a(lib_a-freer.o) (__malloc_current_mallinfo)
d:/sdk/arm/gnu_tool_arm_embedded/bin/../lib/gcc/arm-none-eabi/5.4.1/../../../../arm-none-eabi/lib/armv7e-m/fpu\libg.a(lib_a-mlock.o)
                              d:/sdk/arm/gnu_tool_arm_embedded/bin/../lib/gcc/arm-none-eabi/5.4.1/../../../../arm-none-eabi/lib/armv7e-m/fpu\libg.a(lib_a-freer.o) (__malloc_lock)
[...]
Memory Configuration

Name             Origin             Length             Attributes
RAM              0x20000000         0x00010000         xrw
FLASH            0x08000000         0x00040000         xr
*default*        0x00000000         0xffffffff

Linker script and memory map

LOAD d:/sdk/arm/gnu_tool_arm_embedded/bin/../lib/gcc/arm-none-eabi/5.4.1/armv7e-m/fpu/crti.o
LOAD d:/sdk/arm/gnu_tool_arm_embedded/bin/../lib/gcc/arm-none-eabi/5.4.1/armv7e-m/fpu/crtbegin.o
LOAD d:/sdk/arm/gnu_tool_arm_embedded/bin/../lib/gcc/arm-none-eabi/5.4.1/../../../../arm-none-eabi/lib/armv7e-m/fpu/crt0.o
LOAD CMakeFiles/UWB-UAV-LABEL.elf.dir/Core/Src/freertos.c.obj
LOAD CMakeFiles/UWB-UAV-LABEL.elf.dir/Core/Src/gpio.c.obj
LOAD CMakeFiles/UWB-UAV-LABEL.elf.dir/Core/Src/main.c.obj
LOAD CMakeFiles/UWB-UAV-LABEL.elf.dir/Core/Src/spi.c.obj
LOAD CMakeFiles/UWB-UAV-LABEL.elf.dir/Core/Src/stm32f4xx_hal_msp.c.obj
LOAD CMakeFiles/UWB-UAV-LABEL.elf.dir/Core/Src/stm32f4xx_hal_timebase_tim.c.obj
LOAD CMakeFiles/UWB-UAV-LABEL.elf.dir/Core/Src/stm32f4xx_it.c.obj
LOAD CMakeFiles/UWB-UAV-LABEL.elf.dir/Core/Src/syscalls.c.obj
LOAD CMakeFiles/UWB-UAV-LABEL.elf.dir/Core/Src/sysmem.c.obj
LOAD CMakeFiles/UWB-UAV-LABEL.elf.dir/Core/Src/system_stm32f4xx.c.obj
LOAD CMakeFiles/UWB-UAV-LABEL.elf.dir/Core/Src/usart.c.obj
LOAD CMakeFiles/UWB-UAV-LABEL.elf.dir/Core/Startup/startup_stm32f401ccux.s.obj
LOAD CMakeFiles/UWB-UAV-LABEL.elf.dir/Drivers/STM32F4xx_HAL_Driver/Src/stm32f4xx_hal.c.obj
LOAD CMakeFiles/UWB-UAV-LABEL.elf.dir/Drivers/STM32F4xx_HAL_Driver/Src/stm32f4xx_hal_cortex.c.obj
LOAD CMakeFiles/UWB-UAV-LABEL.elf.dir/Drivers/STM32F4xx_HAL_Driver/Src/stm32f4xx_hal_dma.c.obj
LOAD CMakeFiles/UWB-UAV-LABEL.elf.dir/Drivers/STM32F4xx_HAL_Driver/Src/stm32f4xx_hal_dma_ex.c.obj
LOAD CMakeFiles/UWB-UAV-LABEL.elf.dir/Drivers/STM32F4xx_HAL_Driver/Src/stm32f4xx_hal_exti.c.obj
LOAD CMakeFiles/UWB-UAV-LABEL.elf.dir/Drivers/STM32F4xx_HAL_Driver/Src/stm32f4xx_hal_flash.c.obj
LOAD CMakeFiles/UWB-UAV-LABEL.elf.dir/Drivers/STM32F4xx_HAL_Driver/Src/stm32f4xx_hal_flash_ex.c.obj
LOAD CMakeFiles/UWB-UAV-LABEL.elf.dir/Drivers/STM32F4xx_HAL_Driver/Src/stm32f4xx_hal_flash_ramfunc.c.obj
LOAD CMakeFiles/UWB-UAV-LABEL.elf.dir/Drivers/STM32F4xx_HAL_Driver/Src/stm32f4xx_hal_gpio.c.obj
LOAD CMakeFiles/UWB-UAV-LABEL.elf.dir/Drivers/STM32F4xx_HAL_Driver/Src/stm32f4xx_hal_pcd.c.obj
LOAD CMakeFiles/UWB-UAV-LABEL.elf.dir/Drivers/STM32F4xx_HAL_Driver/Src/stm32f4xx_hal_pcd_ex.c.obj
LOAD CMakeFiles/UWB-UAV-LABEL.elf.dir/Drivers/STM32F4xx_HAL_Driver/Src/stm32f4xx_hal_pwr.c.obj
LOAD CMakeFiles/UWB-UAV-LABEL.elf.dir/Drivers/STM32F4xx_HAL_Driver/Src/stm32f4xx_hal_pwr_ex.c.obj
LOAD CMakeFiles/UWB-UAV-LABEL.elf.dir/Drivers/STM32F4xx_HAL_Driver/Src/stm32f4xx_hal_rcc.c.obj
LOAD CMakeFiles/UWB-UAV-LABEL.elf.dir/Drivers/STM32F4xx_HAL_Driver/Src/stm32f4xx_hal_rcc_ex.c.obj
LOAD CMakeFiles/UWB-UAV-LABEL.elf.dir/Drivers/STM32F4xx_HAL_Driver/Src/stm32f4xx_hal_spi.c.obj
LOAD CMakeFiles/UWB-UAV-LABEL.elf.dir/Drivers/STM32F4xx_HAL_Driver/Src/stm32f4xx_hal_tim.c.obj
LOAD CMakeFiles/UWB-UAV-LABEL.elf.dir/Drivers/STM32F4xx_HAL_Driver/Src/stm32f4xx_hal_tim_ex.c.obj
LOAD CMakeFiles/UWB-UAV-LABEL.elf.dir/Drivers/STM32F4xx_HAL_Driver/Src/stm32f4xx_hal_uart.c.obj
LOAD CMakeFiles/UWB-UAV-LABEL.elf.dir/Drivers/STM32F4xx_HAL_Driver/Src/stm32f4xx_ll_usb.c.obj
LOAD CMakeFiles/UWB-UAV-LABEL.elf.dir/Middlewares/ST/STM32_USB_Device_Library/Class/CDC/Src/usbd_cdc.c.obj
LOAD CMakeFiles/UWB-UAV-LABEL.elf.dir/Middlewares/ST/STM32_USB_Device_Library/Core/Src/usbd_core.c.obj
LOAD CMakeFiles/UWB-UAV-LABEL.elf.dir/Middlewares/ST/STM32_USB_Device_Library/Core/Src/usbd_ctlreq.c.obj
LOAD CMakeFiles/UWB-UAV-LABEL.elf.dir/Middlewares/ST/STM32_USB_Device_Library/Core/Src/usbd_ioreq.c.obj
LOAD CMakeFiles/UWB-UAV-LABEL.elf.dir/Middlewares/Third_Party/FreeRTOS/Source/CMSIS_RTOS_V2/cmsis_os2.c.obj
LOAD CMakeFiles/UWB-UAV-LABEL.elf.dir/Middlewares/Third_Party/FreeRTOS/Source/croutine.c.obj
LOAD CMakeFiles/UWB-UAV-LABEL.elf.dir/Middlewares/Third_Party/FreeRTOS/Source/event_groups.c.obj
LOAD CMakeFiles/UWB-UAV-LABEL.elf.dir/Middlewares/Third_Party/FreeRTOS/Source/list.c.obj
LOAD CMakeFiles/UWB-UAV-LABEL.elf.dir/Middlewares/Third_Party/FreeRTOS/Source/portable/GCC/ARM_CM4F/port.c.obj
LOAD CMakeFiles/UWB-UAV-LABEL.elf.dir/Middlewares/Third_Party/FreeRTOS/Source/portable/MemMang/heap_4.c.obj
LOAD CMakeFiles/UWB-UAV-LABEL.elf.dir/Middlewares/Third_Party/FreeRTOS/Source/queue.c.obj
LOAD CMakeFiles/UWB-UAV-LABEL.elf.dir/Middlewares/Third_Party/FreeRTOS/Source/stream_buffer.c.obj
LOAD CMakeFiles/UWB-UAV-LABEL.elf.dir/Middlewares/Third_Party/FreeRTOS/Source/tasks.c.obj
LOAD CMakeFiles/UWB-UAV-LABEL.elf.dir/Middlewares/Third_Party/FreeRTOS/Source/timers.c.obj
LOAD CMakeFiles/UWB-UAV-LABEL.elf.dir/USB_DEVICE/App/usb_device.c.obj
LOAD CMakeFiles/UWB-UAV-LABEL.elf.dir/USB_DEVICE/App/usbd_cdc_if.c.obj
LOAD CMakeFiles/UWB-UAV-LABEL.elf.dir/USB_DEVICE/App/usbd_desc.c.obj
LOAD CMakeFiles/UWB-UAV-LABEL.elf.dir/USB_DEVICE/Target/usbd_conf.c.obj
LOAD CMakeFiles/UWB-UAV-LABEL.elf.dir/User/Source/printf.c.obj
START GROUP
LOAD d:/sdk/arm/gnu_tool_arm_embedded/bin/../lib/gcc/arm-none-eabi/5.4.1/armv7e-m/fpu\libgcc.a
LOAD d:/sdk/arm/gnu_tool_arm_embedded/bin/../lib/gcc/arm-none-eabi/5.4.1/../../../../arm-none-eabi/lib/armv7e-m/fpu\libg.a
LOAD d:/sdk/arm/gnu_tool_arm_embedded/bin/../lib/gcc/arm-none-eabi/5.4.1/../../../../arm-none-eabi/lib/armv7e-m/fpu\libc.a
END GROUP
LOAD d:/sdk/arm/gnu_tool_arm_embedded/bin/../lib/gcc/arm-none-eabi/5.4.1/armv7e-m/fpu/crtend.o
LOAD d:/sdk/arm/gnu_tool_arm_embedded/bin/../lib/gcc/arm-none-eabi/5.4.1/armv7e-m/fpu/crtn.o
                0x20010000                _estack = (ORIGIN (RAM) + LENGTH (RAM))
                0x00000200                _Min_Heap_Size = 0x200
                0x00000400                _Min_Stack_Size = 0x400

.isr_vector     0x08000000      0x194
                0x08000000                . = ALIGN (0x4)
 *(.isr_vector)
 .isr_vector    0x08000000      0x194 CMakeFiles/UWB-UAV-LABEL.elf.dir/Core/Startup/startup_stm32f401ccux.s.obj
                0x08000000                g_pfnVectors
                0x08000194                . = ALIGN (0x4)

.text           0x080001c0     0xadb4
                0x080001c0                . = ALIGN (0x4)
 *(.text)
 .text          0x080001c0       0x5c d:/sdk/arm/gnu_tool_arm_embedded/bin/../lib/gcc/arm-none-eabi/5.4.1/armv7e-m/fpu/crtbegin.o
 .text          0x0800021c       0x30 d:/sdk/arm/gnu_tool_arm_embedded/bin/../lib/gcc/arm-none-eabi/5.4.1/armv7e-m/fpu\libgcc.a(_aeabi_uldivmod.o)
                0x0800021c                __aeabi_uldivmod
 .text          0x0800024c      0x2e4 d:/sdk/arm/gnu_tool_arm_embedded/bin/../lib/gcc/arm-none-eabi/5.4.1/armv7e-m/fpu\libgcc.a(_udivmoddi4.o)
                0x0800024c                __udivmoddi4
 .text          0x08000530        0x4 d:/sdk/arm/gnu_tool_arm_embedded/bin/../lib/gcc/arm-none-eabi/5.4.1/armv7e-m/fpu\libgcc.a(_dvmd_tls.o)
                0x08000530                __aeabi_idiv0
                0x08000530                __aeabi_ldiv0
 .text          0x08000534      0x134 d:/sdk/arm/gnu_tool_arm_embedded/bin/../lib/gcc/arm-none-eabi/5.4.1/../../../../arm-none-eabi/lib/armv7e-m/fpu\libg.a(lib_a-memcpy.o)
                0x08000534                memcpy
 *fill*         0x08000668        0x8 
 .text          0x08000670       0xa0 d:/sdk/arm/gnu_tool_arm_embedded/bin/../lib/gcc/arm-none-eabi/5.4.1/../../../../arm-none-eabi/lib/armv7e-m/fpu\libg.a(lib_a-memchr.o)
                0x08000670                memchr
 *fill*         0x08000710       0x30 
 .text          0x08000740       0xdc d:/sdk/arm/gnu_tool_arm_embedded/bin/../lib/gcc/arm-none-eabi/5.4.1/../../../../arm-none-eabi/lib/armv7e-m/fpu\libg.a(lib_a-strlen.o)
                0x08000740                strlen
 .text          0x0800081c      0x370 d:/sdk/arm/gnu_tool_arm_embedded/bin/../lib/gcc/arm-none-eabi/5.4.1/armv7e-m/fpu\libgcc.a(_arm_addsubdf3.o)
                0x0800081c                __aeabi_drsub
                0x08000824                __aeabi_dsub
                0x08000824                __subdf3
                0x08000828                __aeabi_dadd
                0x08000828                __adddf3
                0x08000aa0                __floatunsidf
                0x08000aa0                __aeabi_ui2d
                0x08000ac0                __floatsidf
                0x08000ac0                __aeabi_i2d
                0x08000ae4                __aeabi_f2d
                0x08000ae4                __extendsfdf2
                0x08000b20                __floatundidf
                0x08000b20                __aeabi_ul2d
                0x08000b30                __floatdidf
                0x08000b30                __aeabi_l2d
 .text          0x08000b8c      0x424 d:/sdk/arm/gnu_tool_arm_embedded/bin/../lib/gcc/arm-none-eabi/5.4.1/armv7e-m/fpu\libgcc.a(_arm_muldivdf3.o)
                0x08000b8c                __aeabi_dmul
                0x08000b8c                __muldf3
                0x08000de0                __divdf3
                0x08000de0                __aeabi_ddiv
 .text          0x08000fb0      0x110 d:/sdk/arm/gnu_tool_arm_embedded/bin/../lib/gcc/arm-none-eabi/5.4.1/armv7e-m/fpu\libgcc.a(_arm_cmpdf2.o)
                0x08000fb0                __gtdf2
                0x08000fb0                __gedf2
                0x08000fb8                __ltdf2
                0x08000fb8                __ledf2
                0x08000fc0                __nedf2
                0x08000fc0                __eqdf2
                0x08000fc0                __cmpdf2
                0x0800103c                __aeabi_cdrcmple
                0x0800104c                __aeabi_cdcmpeq
                0x0800104c                __aeabi_cdcmple
                0x0800105c                __aeabi_dcmpeq
                0x08001070                __aeabi_dcmplt
                0x08001084                __aeabi_dcmple
                0x08001098                __aeabi_dcmpge
                0x080010ac                __aeabi_dcmpgt
 .text          0x080010c0       0x2c d:/sdk/arm/gnu_tool_arm_embedded/bin/../lib/gcc/arm-none-eabi/5.4.1/armv7e-m/fpu\libgcc.a(_arm_unorddf2.o)
                0x080010c0                __unorddf2
                0x080010c0                __aeabi_dcmpun
 .text          0x080010ec       0x50 d:/sdk/arm/gnu_tool_arm_embedded/bin/../lib/gcc/arm-none-eabi/5.4.1/armv7e-m/fpu\libgcc.a(_arm_fixdfsi.o)
                0x080010ec                __aeabi_d2iz
                0x080010ec                __fixdfsi
 *(.text*)
 .text.StartDefaultTask
                0x0800113c       0x18 CMakeFiles/UWB-UAV-LABEL.elf.dir/Core/Src/freertos.c.obj
                0x0800113c                StartDefaultTask
 .text.MX_FREERTOS_Init
                0x08001154       0x20 CMakeFiles/UWB-UAV-LABEL.elf.dir/Core/Src/freertos.c.obj
                0x08001154                MX_FREERTOS_Init
 .text.MX_GPIO_Init
                0x08001174       0x7c CMakeFiles/UWB-UAV-LABEL.elf.dir/Core/Src/gpio.c.obj
                0x08001174                MX_GPIO_Init
 .text.HAL_TIM_PeriodElapsedCallback
                0x080011f0       0x14 CMakeFiles/UWB-UAV-LABEL.elf.dir/Core/Src/main.c.obj
                0x080011f0                HAL_TIM_PeriodElapsedCallback
 .text.Error_Handler
                0x08001204        0x4 CMakeFiles/UWB-UAV-LABEL.elf.dir/Core/Src/main.c.obj
                0x08001204                Error_Handler
 .text.SystemClock_Config
                0x08001208       0xac CMakeFiles/UWB-UAV-LABEL.elf.dir/Core/Src/main.c.obj
                0x08001208                SystemClock_Config
 .text.main     0x080012b4       0x24 CMakeFiles/UWB-UAV-LABEL.elf.dir/Core/Src/main.c.obj
                0x080012b4                main
 .text.MX_SPI1_Init
                0x080012d8       0x40 CMakeFiles/UWB-UAV-LABEL.elf.dir/Core/Src/spi.c.obj
                0x080012d8                MX_SPI1_Init
 .text.HAL_SPI_MspInit
                0x08001318       0x6c CMakeFiles/UWB-UAV-LABEL.elf.dir/Core/Src/spi.c.obj
                0x08001318                HAL_SPI_MspInit
 .text.HAL_MspInit
                0x08001384       0x44 CMakeFiles/UWB-UAV-LABEL.elf.dir/Core/Src/stm32f4xx_hal_msp.c.obj
                0x08001384                HAL_MspInit
 .text.HAL_InitTick
                0x080013c8       0x78 CMakeFiles/UWB-UAV-LABEL.elf.dir/Core/Src/stm32f4xx_hal_timebase_tim.c.obj
                0x080013c8                HAL_InitTick
 .text.NMI_Handler
                0x08001440        0x4 CMakeFiles/UWB-UAV-LABEL.elf.dir/Core/Src/stm32f4xx_it.c.obj
                0x08001440                NMI_Handler
 .text.HardFault_Handler
                0x08001444        0x4 CMakeFiles/UWB-UAV-LABEL.elf.dir/Core/Src/stm32f4xx_it.c.obj
                0x08001444                HardFault_Handler
 .text.MemManage_Handler
                0x08001448        0x4 CMakeFiles/UWB-UAV-LABEL.elf.dir/Core/Src/stm32f4xx_it.c.obj
                0x08001448                MemManage_Handler
 .text.BusFault_Handler
                0x0800144c        0x4 CMakeFiles/UWB-UAV-LABEL.elf.dir/Core/Src/stm32f4xx_it.c.obj
                0x0800144c                BusFault_Handler
 .text.UsageFault_Handler
                0x08001450        0x4 CMakeFiles/UWB-UAV-LABEL.elf.dir/Core/Src/stm32f4xx_it.c.obj
                0x08001450                UsageFault_Handler
 .text.DebugMon_Handler
                0x08001454        0x4 CMakeFiles/UWB-UAV-LABEL.elf.dir/Core/Src/stm32f4xx_it.c.obj
                0x08001454                DebugMon_Handler
 .text.TIM1_UP_TIM10_IRQHandler
                0x08001458       0x10 CMakeFiles/UWB-UAV-LABEL.elf.dir/Core/Src/stm32f4xx_it.c.obj
                0x08001458                TIM1_UP_TIM10_IRQHandler
 .text.OTG_FS_IRQHandler
                0x08001468       0x10 CMakeFiles/UWB-UAV-LABEL.elf.dir/Core/Src/stm32f4xx_it.c.obj
                0x08001468                OTG_FS_IRQHandler
 .text._sbrk    0x08001478       0x44 CMakeFiles/UWB-UAV-LABEL.elf.dir/Core/Src/sysmem.c.obj
                0x08001478                _sbrk
 .text.SystemInit
                0x080014bc       0x14 CMakeFiles/UWB-UAV-LABEL.elf.dir/Core/Src/system_stm32f4xx.c.obj
                0x080014bc                SystemInit
 .text.MX_USART1_UART_Init
                0x080014d0       0x34 CMakeFiles/UWB-UAV-LABEL.elf.dir/Core/Src/usart.c.obj
                0x080014d0                MX_USART1_UART_Init
 .text.HAL_UART_MspInit
                0x08001504       0x70 CMakeFiles/UWB-UAV-LABEL.elf.dir/Core/Src/usart.c.obj
                0x08001504                HAL_UART_MspInit
 .text.Reset_Handler
                0x08001574       0x50 CMakeFiles/UWB-UAV-LABEL.elf.dir/Core/Startup/startup_stm32f401ccux.s.obj
                0x08001574                Reset_Handler
 .text.Default_Handler
                0x080015c4        0x2 CMakeFiles/UWB-UAV-LABEL.elf.dir/Core/Startup/startup_stm32f401ccux.s.obj
                0x080015c4                RTC_Alarm_IRQHandler
                0x080015c4                EXTI2_IRQHandler
                0x080015c4                SPI4_IRQHandler
                0x080015c4                TIM1_CC_IRQHandler
                0x080015c4                DMA2_Stream5_IRQHandler
                0x080015c4                DMA1_Stream5_IRQHandler
                0x080015c4                PVD_IRQHandler
                0x080015c4                SDIO_IRQHandler
                0x080015c4                TAMP_STAMP_IRQHandler
                0x080015c4                EXTI3_IRQHandler
                0x080015c4                I2C3_ER_IRQHandler
                0x080015c4                EXTI0_IRQHandler
                0x080015c4                I2C2_EV_IRQHandler
                0x080015c4                DMA1_Stream2_IRQHandler
                0x080015c4                FPU_IRQHandler
                0x080015c4                DMA2_Stream2_IRQHandler
                0x080015c4                SPI1_IRQHandler
                0x080015c4                TIM1_BRK_TIM9_IRQHandler
                0x080015c4                DMA2_Stream3_IRQHandler
                0x080015c4                USART6_IRQHandler
                0x080015c4                DMA2_Stream0_IRQHandler
                0x080015c4                TIM4_IRQHandler
                0x080015c4                I2C1_EV_IRQHandler
                0x080015c4                DMA1_Stream6_IRQHandler
                0x080015c4                DMA1_Stream1_IRQHandler
                0x080015c4                TIM3_IRQHandler
                0x080015c4                RCC_IRQHandler
                0x080015c4                Default_Handler
                0x080015c4                EXTI15_10_IRQHandler
                0x080015c4                ADC_IRQHandler
                0x080015c4                DMA1_Stream7_IRQHandler
                0x080015c4                TIM5_IRQHandler
                0x080015c4                DMA2_Stream7_IRQHandler
                0x080015c4                I2C3_EV_IRQHandler
                0x080015c4                EXTI9_5_IRQHandler
                0x080015c4                RTC_WKUP_IRQHandler
                0x080015c4                SPI2_IRQHandler
                0x080015c4                DMA1_Stream0_IRQHandler
                0x080015c4                EXTI4_IRQHandler
                0x080015c4                WWDG_IRQHandler
                0x080015c4                TIM2_IRQHandler
                0x080015c4                OTG_FS_WKUP_IRQHandler
                0x080015c4                TIM1_TRG_COM_TIM11_IRQHandler
                0x080015c4                EXTI1_IRQHandler
                0x080015c4                USART2_IRQHandler
                0x080015c4                I2C2_ER_IRQHandler
                0x080015c4                DMA2_Stream1_IRQHandler
                0x080015c4                FLASH_IRQHandler
                0x080015c4                DMA2_Stream4_IRQHandler
                0x080015c4                USART1_IRQHandler
                0x080015c4                SPI3_IRQHandler
                0x080015c4                DMA1_Stream4_IRQHandler
                0x080015c4                I2C1_ER_IRQHandler
                0x080015c4                DMA2_Stream6_IRQHandler
                0x080015c4                DMA1_Stream3_IRQHandler
 *fill*         0x080015c6        0x2 
 .text.HAL_Init
                0x080015c8       0x34 CMakeFiles/UWB-UAV-LABEL.elf.dir/Drivers/STM32F4xx_HAL_Driver/Src/stm32f4xx_hal.c.obj
                0x080015c8                HAL_Init
 .text.HAL_IncTick
                0x080015fc       0x18 CMakeFiles/UWB-UAV-LABEL.elf.dir/Drivers/STM32F4xx_HAL_Driver/Src/stm32f4xx_hal.c.obj
                0x080015fc                HAL_IncTick
 .text.HAL_GetTick
                0x08001614        0xc CMakeFiles/UWB-UAV-LABEL.elf.dir/Drivers/STM32F4xx_HAL_Driver/Src/stm32f4xx_hal.c.obj
                0x08001614                HAL_GetTick
 .text.HAL_Delay
                0x08001620       0x28 CMakeFiles/UWB-UAV-LABEL.elf.dir/Drivers/STM32F4xx_HAL_Driver/Src/stm32f4xx_hal.c.obj
                0x08001620                HAL_Delay
 .text.HAL_NVIC_SetPriorityGrouping
                0x08001648       0x24 CMakeFiles/UWB-UAV-LABEL.elf.dir/Drivers/STM32F4xx_HAL_Driver/Src/stm32f4xx_hal_cortex.c.obj
                0x08001648                HAL_NVIC_SetPriorityGrouping
 .text.HAL_NVIC_SetPriority
                0x0800166c       0x64 CMakeFiles/UWB-UAV-LABEL.elf.dir/Drivers/STM32F4xx_HAL_Driver/Src/stm32f4xx_hal_cortex.c.obj
                0x0800166c                HAL_NVIC_SetPriority
 .text.HAL_NVIC_EnableIRQ
                0x080016d0       0x1c CMakeFiles/UWB-UAV-LABEL.elf.dir/Drivers/STM32F4xx_HAL_Driver/Src/stm32f4xx_hal_cortex.c.obj
                0x080016d0                HAL_NVIC_EnableIRQ
 .text.HAL_GPIO_Init
                0x080016ec      0x1ac CMakeFiles/UWB-UAV-LABEL.elf.dir/Drivers/STM32F4xx_HAL_Driver/Src/stm32f4xx_hal_gpio.c.obj
                0x080016ec                HAL_GPIO_Init
 .text.HAL_GPIO_WritePin
                0x08001898        0xc CMakeFiles/UWB-UAV-LABEL.elf.dir/Drivers/STM32F4xx_HAL_Driver/Src/stm32f4xx_hal_gpio.c.obj
                0x08001898                HAL_GPIO_WritePin
 .text.PCD_WriteEmptyTxFifo
                0x080018a4       0xd4 CMakeFiles/UWB-UAV-LABEL.elf.dir/Drivers/STM32F4xx_HAL_Driver/Src/stm32f4xx_hal_pcd.c.obj
 .text.HAL_PCD_Init
                0x08001978      0x128 CMakeFiles/UWB-UAV-LABEL.elf.dir/Drivers/STM32F4xx_HAL_Driver/Src/stm32f4xx_hal_pcd.c.obj
                0x08001978                HAL_PCD_Init
 .text.HAL_PCD_Start
                0x08001aa0       0x40 CMakeFiles/UWB-UAV-LABEL.elf.dir/Drivers/STM32F4xx_HAL_Driver/Src/stm32f4xx_hal_pcd.c.obj
                0x08001aa0                HAL_PCD_Start
 .text.PCD_EP_OutXfrComplete_int
                0x08001ae0      0x100 CMakeFiles/UWB-UAV-LABEL.elf.dir/Drivers/STM32F4xx_HAL_Driver/Src/stm32f4xx_hal_pcd.c.obj
 .text.PCD_EP_OutSetupPacket_int
                0x08001be0       0x4c CMakeFiles/UWB-UAV-LABEL.elf.dir/Drivers/STM32F4xx_HAL_Driver/Src/stm32f4xx_hal_pcd.c.obj
 .text.HAL_PCD_SetAddress
                0x08001c2c       0x28 CMakeFiles/UWB-UAV-LABEL.elf.dir/Drivers/STM32F4xx_HAL_Driver/Src/stm32f4xx_hal_pcd.c.obj
                0x08001c2c                HAL_PCD_SetAddress
 .text.HAL_PCD_EP_Open
                0x08001c54       0x80 CMakeFiles/UWB-UAV-LABEL.elf.dir/Drivers/STM32F4xx_HAL_Driver/Src/stm32f4xx_hal_pcd.c.obj
                0x08001c54                HAL_PCD_EP_Open
 .text.HAL_PCD_EP_Close
                0x08001cd4       0x70 CMakeFiles/UWB-UAV-LABEL.elf.dir/Drivers/STM32F4xx_HAL_Driver/Src/stm32f4xx_hal_pcd.c.obj
                0x08001cd4                HAL_PCD_EP_Close
 .text.HAL_PCD_EP_Receive
                0x08001d44       0x5c CMakeFiles/UWB-UAV-LABEL.elf.dir/Drivers/STM32F4xx_HAL_Driver/Src/stm32f4xx_hal_pcd.c.obj
                0x08001d44                HAL_PCD_EP_Receive
 .text.HAL_PCD_EP_GetRxCount
                0x08001da0       0x14 CMakeFiles/UWB-UAV-LABEL.elf.dir/Drivers/STM32F4xx_HAL_Driver/Src/stm32f4xx_hal_pcd.c.obj
                0x08001da0                HAL_PCD_EP_GetRxCount
 .text.HAL_PCD_EP_Transmit
                0x08001db4       0x54 CMakeFiles/UWB-UAV-LABEL.elf.dir/Drivers/STM32F4xx_HAL_Driver/Src/stm32f4xx_hal_pcd.c.obj
                0x08001db4                HAL_PCD_EP_Transmit
 .text.HAL_PCD_EP_SetStall
                0x08001e08       0x80 CMakeFiles/UWB-UAV-LABEL.elf.dir/Drivers/STM32F4xx_HAL_Driver/Src/stm32f4xx_hal_pcd.c.obj
                0x08001e08                HAL_PCD_EP_SetStall
 .text.HAL_PCD_EP_ClrStall
                0x08001e88       0x70 CMakeFiles/UWB-UAV-LABEL.elf.dir/Drivers/STM32F4xx_HAL_Driver/Src/stm32f4xx_hal_pcd.c.obj
                0x08001e88                HAL_PCD_EP_ClrStall
 .text.HAL_PCD_EP_Abort
                0x08001ef8       0x38 CMakeFiles/UWB-UAV-LABEL.elf.dir/Drivers/STM32F4xx_HAL_Driver/Src/stm32f4xx_hal_pcd.c.obj
                0x08001ef8                HAL_PCD_EP_Abort
 .text.HAL_PCD_IRQHandler
                0x08001f30      0x5b0 CMakeFiles/UWB-UAV-LABEL.elf.dir/Drivers/STM32F4xx_HAL_Driver/Src/stm32f4xx_hal_pcd.c.obj
                0x08001f30                HAL_PCD_IRQHandler
 .text.HAL_PCDEx_SetTxFiFo
                0x080024e0       0x48 CMakeFiles/UWB-UAV-LABEL.elf.dir/Drivers/STM32F4xx_HAL_Driver/Src/stm32f4xx_hal_pcd_ex.c.obj
                0x080024e0                HAL_PCDEx_SetTxFiFo
 .text.HAL_PCDEx_SetRxFiFo
                0x08002528        0x8 CMakeFiles/UWB-UAV-LABEL.elf.dir/Drivers/STM32F4xx_HAL_Driver/Src/stm32f4xx_hal_pcd_ex.c.obj
                0x08002528                HAL_PCDEx_SetRxFiFo
 .text.HAL_PCDEx_LPM_Callback
                0x08002530        0x4 CMakeFiles/UWB-UAV-LABEL.elf.dir/Drivers/STM32F4xx_HAL_Driver/Src/stm32f4xx_hal_pcd_ex.c.obj
                0x08002530                HAL_PCDEx_LPM_Callback
 .text.HAL_RCC_OscConfig
                0x08002534      0x428 CMakeFiles/UWB-UAV-LABEL.elf.dir/Drivers/STM32F4xx_HAL_Driver/Src/stm32f4xx_hal_rcc.c.obj
                0x08002534                HAL_RCC_OscConfig
 .text.HAL_RCC_GetSysClockFreq
                0x0800295c       0xc0 CMakeFiles/UWB-UAV-LABEL.elf.dir/Drivers/STM32F4xx_HAL_Driver/Src/stm32f4xx_hal_rcc.c.obj
                0x0800295c                HAL_RCC_GetSysClockFreq
 .text.HAL_RCC_ClockConfig
                0x08002a1c      0x168 CMakeFiles/UWB-UAV-LABEL.elf.dir/Drivers/STM32F4xx_HAL_Driver/Src/stm32f4xx_hal_rcc.c.obj
                0x08002a1c                HAL_RCC_ClockConfig
 .text.HAL_RCC_GetHCLKFreq
                0x08002b84        0xc CMakeFiles/UWB-UAV-LABEL.elf.dir/Drivers/STM32F4xx_HAL_Driver/Src/stm32f4xx_hal_rcc.c.obj
                0x08002b84                HAL_RCC_GetHCLKFreq
 .text.HAL_RCC_GetPCLK1Freq
                0x08002b90       0x20 CMakeFiles/UWB-UAV-LABEL.elf.dir/Drivers/STM32F4xx_HAL_Driver/Src/stm32f4xx_hal_rcc.c.obj
                0x08002b90                HAL_RCC_GetPCLK1Freq
 .text.HAL_RCC_GetPCLK2Freq
                0x08002bb0       0x20 CMakeFiles/UWB-UAV-LABEL.elf.dir/Drivers/STM32F4xx_HAL_Driver/Src/stm32f4xx_hal_rcc.c.obj
                0x08002bb0                HAL_RCC_GetPCLK2Freq
 .text.HAL_RCC_GetClockConfig
                0x08002bd0       0x3c CMakeFiles/UWB-UAV-LABEL.elf.dir/Drivers/STM32F4xx_HAL_Driver/Src/stm32f4xx_hal_rcc.c.obj
                0x08002bd0                HAL_RCC_GetClockConfig
 .text.HAL_SPI_Init
                0x08002c0c       0xc4 CMakeFiles/UWB-UAV-LABEL.elf.dir/Drivers/STM32F4xx_HAL_Driver/Src/stm32f4xx_hal_spi.c.obj
                0x08002c0c                HAL_SPI_Init
 .text.HAL_TIM_Base_MspInit
                0x08002cd0        0x4 CMakeFiles/UWB-UAV-LABEL.elf.dir/Drivers/STM32F4xx_HAL_Driver/Src/stm32f4xx_hal_tim.c.obj
                0x08002cd0                HAL_TIM_Base_MspInit
 .text.HAL_TIM_Base_Start_IT
                0x08002cd4       0x78 CMakeFiles/UWB-UAV-LABEL.elf.dir/Drivers/STM32F4xx_HAL_Driver/Src/stm32f4xx_hal_tim.c.obj
                0x08002cd4                HAL_TIM_Base_Start_IT
 .text.HAL_TIM_OC_DelayElapsedCallback
                0x08002d4c        0x4 CMakeFiles/UWB-UAV-LABEL.elf.dir/Drivers/STM32F4xx_HAL_Driver/Src/stm32f4xx_hal_tim.c.obj
                0x08002d4c                HAL_TIM_OC_DelayElapsedCallback
 .text.HAL_TIM_IC_CaptureCallback
                0x08002d50        0x4 CMakeFiles/UWB-UAV-LABEL.elf.dir/Drivers/STM32F4xx_HAL_Driver/Src/stm32f4xx_hal_tim.c.obj
                0x08002d50                HAL_TIM_IC_CaptureCallback
 .text.HAL_TIM_PWM_PulseFinishedCallback
                0x08002d54        0x4 CMakeFiles/UWB-UAV-LABEL.elf.dir/Drivers/STM32F4xx_HAL_Driver/Src/stm32f4xx_hal_tim.c.obj
                0x08002d54                HAL_TIM_PWM_PulseFinishedCallback
 .text.HAL_TIM_TriggerCallback
                0x08002d58        0x4 CMakeFiles/UWB-UAV-LABEL.elf.dir/Drivers/STM32F4xx_HAL_Driver/Src/stm32f4xx_hal_tim.c.obj
                0x08002d58                HAL_TIM_TriggerCallback
 .text.HAL_TIM_IRQHandler
                0x08002d5c      0x174 CMakeFiles/UWB-UAV-LABEL.elf.dir/Drivers/STM32F4xx_HAL_Driver/Src/stm32f4xx_hal_tim.c.obj
                0x08002d5c                HAL_TIM_IRQHandler
 .text.TIM_Base_SetConfig
                0x08002ed0       0x98 CMakeFiles/UWB-UAV-LABEL.elf.dir/Drivers/STM32F4xx_HAL_Driver/Src/stm32f4xx_hal_tim.c.obj
                0x08002ed0                TIM_Base_SetConfig
 .text.HAL_TIM_Base_Init
                0x08002f68       0x5c CMakeFiles/UWB-UAV-LABEL.elf.dir/Drivers/STM32F4xx_HAL_Driver/Src/stm32f4xx_hal_tim.c.obj
                0x08002f68                HAL_TIM_Base_Init
 .text.HAL_TIMEx_CommutCallback
                0x08002fc4        0x4 CMakeFiles/UWB-UAV-LABEL.elf.dir/Drivers/STM32F4xx_HAL_Driver/Src/stm32f4xx_hal_tim_ex.c.obj
                0x08002fc4                HAL_TIMEx_CommutCallback
 .text.HAL_TIMEx_BreakCallback
                0x08002fc8        0x4 CMakeFiles/UWB-UAV-LABEL.elf.dir/Drivers/STM32F4xx_HAL_Driver/Src/stm32f4xx_hal_tim_ex.c.obj
                0x08002fc8                HAL_TIMEx_BreakCallback
 .text.UART_SetConfig
                0x08002fcc      0x110 CMakeFiles/UWB-UAV-LABEL.elf.dir/Drivers/STM32F4xx_HAL_Driver/Src/stm32f4xx_hal_uart.c.obj
 .text.HAL_UART_Init
                0x080030dc       0x64 CMakeFiles/UWB-UAV-LABEL.elf.dir/Drivers/STM32F4xx_HAL_Driver/Src/stm32f4xx_hal_uart.c.obj
                0x080030dc                HAL_UART_Init
 .text.USB_CoreReset
                0x08003140       0x50 CMakeFiles/UWB-UAV-LABEL.elf.dir/Drivers/STM32F4xx_HAL_Driver/Src/stm32f4xx_ll_usb.c.obj
 .text.USB_CoreInit
                0x08003190       0x88 CMakeFiles/UWB-UAV-LABEL.elf.dir/Drivers/STM32F4xx_HAL_Driver/Src/stm32f4xx_ll_usb.c.obj
                0x08003190                USB_CoreInit
 .text.USB_SetTurnaroundTime
                0x08003218       0xec CMakeFiles/UWB-UAV-LABEL.elf.dir/Drivers/STM32F4xx_HAL_Driver/Src/stm32f4xx_ll_usb.c.obj
                0x08003218                USB_SetTurnaroundTime
 .text.USB_EnableGlobalInt
                0x08003304        0xc CMakeFiles/UWB-UAV-LABEL.elf.dir/Drivers/STM32F4xx_HAL_Driver/Src/stm32f4xx_ll_usb.c.obj
                0x08003304                USB_EnableGlobalInt
 .text.USB_DisableGlobalInt
                0x08003310        0xc CMakeFiles/UWB-UAV-LABEL.elf.dir/Drivers/STM32F4xx_HAL_Driver/Src/stm32f4xx_ll_usb.c.obj
                0x08003310                USB_DisableGlobalInt
 .text.USB_FlushTxFifo
                0x0800331c       0x50 CMakeFiles/UWB-UAV-LABEL.elf.dir/Drivers/STM32F4xx_HAL_Driver/Src/stm32f4xx_ll_usb.c.obj
                0x0800331c                USB_FlushTxFifo
 .text.USB_FlushRxFifo
                0x0800336c       0x4c CMakeFiles/UWB-UAV-LABEL.elf.dir/Drivers/STM32F4xx_HAL_Driver/Src/stm32f4xx_ll_usb.c.obj
                0x0800336c                USB_FlushRxFifo
 .text.USB_SetDevSpeed
                0x080033b8       0x10 CMakeFiles/UWB-UAV-LABEL.elf.dir/Drivers/STM32F4xx_HAL_Driver/Src/stm32f4xx_ll_usb.c.obj
                0x080033b8                USB_SetDevSpeed
 .text.USB_DevInit
                0x080033c8      0x194 CMakeFiles/UWB-UAV-LABEL.elf.dir/Drivers/STM32F4xx_HAL_Driver/Src/stm32f4xx_ll_usb.c.obj
                0x080033c8                USB_DevInit
 .text.USB_GetDevSpeed
                0x0800355c       0x24 CMakeFiles/UWB-UAV-LABEL.elf.dir/Drivers/STM32F4xx_HAL_Driver/Src/stm32f4xx_ll_usb.c.obj
                0x0800355c                USB_GetDevSpeed
 .text.USB_ActivateEndpoint
                0x08003580       0x98 CMakeFiles/UWB-UAV-LABEL.elf.dir/Drivers/STM32F4xx_HAL_Driver/Src/stm32f4xx_ll_usb.c.obj
                0x08003580                USB_ActivateEndpoint
 .text.USB_DeactivateEndpoint
                0x08003618       0xd8 CMakeFiles/UWB-UAV-LABEL.elf.dir/Drivers/STM32F4xx_HAL_Driver/Src/stm32f4xx_ll_usb.c.obj
                0x08003618                USB_DeactivateEndpoint
 .text.USB_EP0StartXfer
                0x080036f0      0x120 CMakeFiles/UWB-UAV-LABEL.elf.dir/Drivers/STM32F4xx_HAL_Driver/Src/stm32f4xx_ll_usb.c.obj
                0x080036f0                USB_EP0StartXfer
 .text.USB_EPStopXfer
                0x08003810       0xc4 CMakeFiles/UWB-UAV-LABEL.elf.dir/Drivers/STM32F4xx_HAL_Driver/Src/stm32f4xx_ll_usb.c.obj
                0x08003810                USB_EPStopXfer
 .text.USB_WritePacket
                0x080038d4       0x2c CMakeFiles/UWB-UAV-LABEL.elf.dir/Drivers/STM32F4xx_HAL_Driver/Src/stm32f4xx_ll_usb.c.obj
                0x080038d4                USB_WritePacket
 .text.USB_EPStartXfer
                0x08003900      0x210 CMakeFiles/UWB-UAV-LABEL.elf.dir/Drivers/STM32F4xx_HAL_Driver/Src/stm32f4xx_ll_usb.c.obj
                0x08003900                USB_EPStartXfer
 .text.USB_ReadPacket
                0x08003b10       0x4c CMakeFiles/UWB-UAV-LABEL.elf.dir/Drivers/STM32F4xx_HAL_Driver/Src/stm32f4xx_ll_usb.c.obj
                0x08003b10                USB_ReadPacket
 .text.USB_EPSetStall
                0x08003b5c       0x5c CMakeFiles/UWB-UAV-LABEL.elf.dir/Drivers/STM32F4xx_HAL_Driver/Src/stm32f4xx_ll_usb.c.obj
                0x08003b5c                USB_EPSetStall
 .text.USB_EPClearStall
                0x08003bb8       0x5c CMakeFiles/UWB-UAV-LABEL.elf.dir/Drivers/STM32F4xx_HAL_Driver/Src/stm32f4xx_ll_usb.c.obj
                0x08003bb8                USB_EPClearStall
 .text.USB_SetDevAddress
                0x08003c14       0x20 CMakeFiles/UWB-UAV-LABEL.elf.dir/Drivers/STM32F4xx_HAL_Driver/Src/stm32f4xx_ll_usb.c.obj
                0x08003c14                USB_SetDevAddress
 .text.USB_DevConnect
                0x08003c34       0x1c CMakeFiles/UWB-UAV-LABEL.elf.dir/Drivers/STM32F4xx_HAL_Driver/Src/stm32f4xx_ll_usb.c.obj
                0x08003c34                USB_DevConnect
 .text.USB_DevDisconnect
                0x08003c50       0x1c CMakeFiles/UWB-UAV-LABEL.elf.dir/Drivers/STM32F4xx_HAL_Driver/Src/stm32f4xx_ll_usb.c.obj
                0x08003c50                USB_DevDisconnect
 .text.USB_ReadInterrupts
                0x08003c6c        0x8 CMakeFiles/UWB-UAV-LABEL.elf.dir/Drivers/STM32F4xx_HAL_Driver/Src/stm32f4xx_ll_usb.c.obj
                0x08003c6c                USB_ReadInterrupts
 .text.USB_ReadDevAllOutEpInterrupt
                0x08003c74       0x10 CMakeFiles/UWB-UAV-LABEL.elf.dir/Drivers/STM32F4xx_HAL_Driver/Src/stm32f4xx_ll_usb.c.obj
                0x08003c74                USB_ReadDevAllOutEpInterrupt
 .text.USB_ReadDevAllInEpInterrupt
                0x08003c84       0x10 CMakeFiles/UWB-UAV-LABEL.elf.dir/Drivers/STM32F4xx_HAL_Driver/Src/stm32f4xx_ll_usb.c.obj
                0x08003c84                USB_ReadDevAllInEpInterrupt
 .text.USB_ReadDevOutEPInterrupt
                0x08003c94       0x14 CMakeFiles/UWB-UAV-LABEL.elf.dir/Drivers/STM32F4xx_HAL_Driver/Src/stm32f4xx_ll_usb.c.obj
                0x08003c94                USB_ReadDevOutEPInterrupt
 .text.USB_ReadDevInEPInterrupt
                0x08003ca8       0x2c CMakeFiles/UWB-UAV-LABEL.elf.dir/Drivers/STM32F4xx_HAL_Driver/Src/stm32f4xx_ll_usb.c.obj
                0x08003ca8                USB_ReadDevInEPInterrupt
 .text.USB_GetMode
                0x08003cd4        0x8 CMakeFiles/UWB-UAV-LABEL.elf.dir/Drivers/STM32F4xx_HAL_Driver/Src/stm32f4xx_ll_usb.c.obj
                0x08003cd4                USB_GetMode
 .text.USB_SetCurrentMode
                0x08003cdc       0x64 CMakeFiles/UWB-UAV-LABEL.elf.dir/Drivers/STM32F4xx_HAL_Driver/Src/stm32f4xx_ll_usb.c.obj
                0x08003cdc                USB_SetCurrentMode
 .text.USB_ActivateSetup
                0x08003d40       0x20 CMakeFiles/UWB-UAV-LABEL.elf.dir/Drivers/STM32F4xx_HAL_Driver/Src/stm32f4xx_ll_usb.c.obj
                0x08003d40                USB_ActivateSetup
 .text.USB_EP0_OutStart
                0x08003d60       0x5c CMakeFiles/UWB-UAV-LABEL.elf.dir/Drivers/STM32F4xx_HAL_Driver/Src/stm32f4xx_ll_usb.c.obj
                0x08003d60                USB_EP0_OutStart
 .text.USBD_CDC_EP0_RxReady
                0x08003dbc       0x40 CMakeFiles/UWB-UAV-LABEL.elf.dir/Middlewares/ST/STM32_USB_Device_Library/Class/CDC/Src/usbd_cdc.c.obj
 .text.USBD_CDC_GetDeviceQualifierDescriptor
                0x08003dfc        0xc CMakeFiles/UWB-UAV-LABEL.elf.dir/Middlewares/ST/STM32_USB_Device_Library/Class/CDC/Src/usbd_cdc.c.obj
                0x08003dfc                USBD_CDC_GetDeviceQualifierDescriptor
 .text.USBD_CDC_GetOtherSpeedCfgDesc
                0x08003e08       0x48 CMakeFiles/UWB-UAV-LABEL.elf.dir/Middlewares/ST/STM32_USB_Device_Library/Class/CDC/Src/usbd_cdc.c.obj
 .text.USBD_CDC_GetFSCfgDesc
                0x08003e50       0x48 CMakeFiles/UWB-UAV-LABEL.elf.dir/Middlewares/ST/STM32_USB_Device_Library/Class/CDC/Src/usbd_cdc.c.obj
 .text.USBD_CDC_GetHSCfgDesc
                0x08003e98       0x48 CMakeFiles/UWB-UAV-LABEL.elf.dir/Middlewares/ST/STM32_USB_Device_Library/Class/CDC/Src/usbd_cdc.c.obj
 .text.USBD_CDC_DataOut
                0x08003ee0       0x38 CMakeFiles/UWB-UAV-LABEL.elf.dir/Middlewares/ST/STM32_USB_Device_Library/Class/CDC/Src/usbd_cdc.c.obj
 .text.USBD_CDC_DataIn
                0x08003f18       0x7c CMakeFiles/UWB-UAV-LABEL.elf.dir/Middlewares/ST/STM32_USB_Device_Library/Class/CDC/Src/usbd_cdc.c.obj
 .text.USBD_CDC_Setup
                0x08003f94      0x118 CMakeFiles/UWB-UAV-LABEL.elf.dir/Middlewares/ST/STM32_USB_Device_Library/Class/CDC/Src/usbd_cdc.c.obj
 .text.USBD_CDC_DeInit
                0x080040ac       0x64 CMakeFiles/UWB-UAV-LABEL.elf.dir/Middlewares/ST/STM32_USB_Device_Library/Class/CDC/Src/usbd_cdc.c.obj
 .text.USBD_CDC_Init
                0x08004110       0xec CMakeFiles/UWB-UAV-LABEL.elf.dir/Middlewares/ST/STM32_USB_Device_Library/Class/CDC/Src/usbd_cdc.c.obj
 .text.USBD_CDC_RegisterInterface
                0x080041fc       0x18 CMakeFiles/UWB-UAV-LABEL.elf.dir/Middlewares/ST/STM32_USB_Device_Library/Class/CDC/Src/usbd_cdc.c.obj
                0x080041fc                USBD_CDC_RegisterInterface
 .text.USBD_CDC_SetTxBuffer
                0x08004214       0x1c CMakeFiles/UWB-UAV-LABEL.elf.dir/Middlewares/ST/STM32_USB_Device_Library/Class/CDC/Src/usbd_cdc.c.obj
                0x08004214                USBD_CDC_SetTxBuffer
 .text.USBD_CDC_SetRxBuffer
                0x08004230       0x18 CMakeFiles/UWB-UAV-LABEL.elf.dir/Middlewares/ST/STM32_USB_Device_Library/Class/CDC/Src/usbd_cdc.c.obj
                0x08004230                USBD_CDC_SetRxBuffer
 .text.USBD_CDC_TransmitPacket
                0x08004248       0x3c CMakeFiles/UWB-UAV-LABEL.elf.dir/Middlewares/ST/STM32_USB_Device_Library/Class/CDC/Src/usbd_cdc.c.obj
                0x08004248                USBD_CDC_TransmitPacket
 .text.USBD_CDC_ReceivePacket
                0x08004284       0x38 CMakeFiles/UWB-UAV-LABEL.elf.dir/Middlewares/ST/STM32_USB_Device_Library/Class/CDC/Src/usbd_cdc.c.obj
                0x08004284                USBD_CDC_ReceivePacket
 .text.USBD_Init
                0x080042bc       0x30 CMakeFiles/UWB-UAV-LABEL.elf.dir/Middlewares/ST/STM32_USB_Device_Library/Core/Src/usbd_core.c.obj
                0x080042bc                USBD_Init
 .text.USBD_RegisterClass
                0x080042ec       0x40 CMakeFiles/UWB-UAV-LABEL.elf.dir/Middlewares/ST/STM32_USB_Device_Library/Core/Src/usbd_core.c.obj
                0x080042ec                USBD_RegisterClass
 .text.USBD_Start
                0x0800432c        0x8 CMakeFiles/UWB-UAV-LABEL.elf.dir/Middlewares/ST/STM32_USB_Device_Library/Core/Src/usbd_core.c.obj
                0x0800432c                USBD_Start
 .text.USBD_SetClassConfig
                0x08004334       0x14 CMakeFiles/UWB-UAV-LABEL.elf.dir/Middlewares/ST/STM32_USB_Device_Library/Core/Src/usbd_core.c.obj
                0x08004334                USBD_SetClassConfig
 .text.USBD_ClrClassConfig
                0x08004348       0x10 CMakeFiles/UWB-UAV-LABEL.elf.dir/Middlewares/ST/STM32_USB_Device_Library/Core/Src/usbd_core.c.obj
                0x08004348                USBD_ClrClassConfig
 .text.USBD_LL_SetupStage
                0x08004358       0x5c CMakeFiles/UWB-UAV-LABEL.elf.dir/Middlewares/ST/STM32_USB_Device_Library/Core/Src/usbd_core.c.obj
                0x08004358                USBD_LL_SetupStage
 .text.USBD_LL_Reset
                0x080043b4       0x64 CMakeFiles/UWB-UAV-LABEL.elf.dir/Middlewares/ST/STM32_USB_Device_Library/Core/Src/usbd_core.c.obj
                0x080043b4                USBD_LL_Reset
 .text.USBD_LL_SetSpeed
                0x08004418        0x8 CMakeFiles/UWB-UAV-LABEL.elf.dir/Middlewares/ST/STM32_USB_Device_Library/Core/Src/usbd_core.c.obj
                0x08004418                USBD_LL_SetSpeed
 .text.USBD_LL_Suspend
                0x08004420       0x14 CMakeFiles/UWB-UAV-LABEL.elf.dir/Middlewares/ST/STM32_USB_Device_Library/Core/Src/usbd_core.c.obj
                0x08004420                USBD_LL_Suspend
 .text.USBD_LL_Resume
                0x08004434       0x18 CMakeFiles/UWB-UAV-LABEL.elf.dir/Middlewares/ST/STM32_USB_Device_Library/Core/Src/usbd_core.c.obj
                0x08004434                USBD_LL_Resume
 .text.USBD_LL_SOF
                0x0800444c       0x1c CMakeFiles/UWB-UAV-LABEL.elf.dir/Middlewares/ST/STM32_USB_Device_Library/Core/Src/usbd_core.c.obj
                0x0800444c                USBD_LL_SOF
 .text.USBD_LL_IsoINIncomplete
                0x08004468       0x30 CMakeFiles/UWB-UAV-LABEL.elf.dir/Middlewares/ST/STM32_USB_Device_Library/Core/Src/usbd_core.c.obj
                0x08004468                USBD_LL_IsoINIncomplete
 .text.USBD_LL_IsoOUTIncomplete
                0x08004498       0x30 CMakeFiles/UWB-UAV-LABEL.elf.dir/Middlewares/ST/STM32_USB_Device_Library/Core/Src/usbd_core.c.obj
                0x08004498                USBD_LL_IsoOUTIncomplete
 .text.USBD_LL_DevConnected
                0x080044c8        0x4 CMakeFiles/UWB-UAV-LABEL.elf.dir/Middlewares/ST/STM32_USB_Device_Library/Core/Src/usbd_core.c.obj
                0x080044c8                USBD_LL_DevConnected
 .text.USBD_LL_DevDisconnected
                0x080044cc       0x20 CMakeFiles/UWB-UAV-LABEL.elf.dir/Middlewares/ST/STM32_USB_Device_Library/Core/Src/usbd_core.c.obj
                0x080044cc                USBD_LL_DevDisconnected
 .text.USBD_CoreFindIF
                0x080044ec        0x4 CMakeFiles/UWB-UAV-LABEL.elf.dir/Middlewares/ST/STM32_USB_Device_Library/Core/Src/usbd_core.c.obj
                0x080044ec                USBD_CoreFindIF
 .text.USBD_CoreFindEP
                0x080044f0        0x4 CMakeFiles/UWB-UAV-LABEL.elf.dir/Middlewares/ST/STM32_USB_Device_Library/Core/Src/usbd_core.c.obj
                0x080044f0                USBD_CoreFindEP
 .text.USBD_LL_DataOutStage
                0x080044f4       0xdc CMakeFiles/UWB-UAV-LABEL.elf.dir/Middlewares/ST/STM32_USB_Device_Library/Core/Src/usbd_core.c.obj
                0x080044f4                USBD_LL_DataOutStage
 .text.USBD_LL_DataInStage
                0x080045d0       0xe8 CMakeFiles/UWB-UAV-LABEL.elf.dir/Middlewares/ST/STM32_USB_Device_Library/Core/Src/usbd_core.c.obj
                0x080045d0                USBD_LL_DataInStage
 .text.USBD_GetNextDesc
                0x080046b8       0x10 CMakeFiles/UWB-UAV-LABEL.elf.dir/Middlewares/ST/STM32_USB_Device_Library/Core/Src/usbd_core.c.obj
                0x080046b8                USBD_GetNextDesc
 .text.USBD_GetEpDesc
                0x080046c8       0x40 CMakeFiles/UWB-UAV-LABEL.elf.dir/Middlewares/ST/STM32_USB_Device_Library/Core/Src/usbd_core.c.obj
                0x080046c8                USBD_GetEpDesc
 .text.USBD_GetLen
                0x08004708       0x14 CMakeFiles/UWB-UAV-LABEL.elf.dir/Middlewares/ST/STM32_USB_Device_Library/Core/Src/usbd_ctlreq.c.obj
 .text.USBD_ParseSetupRequest
                0x0800471c       0x28 CMakeFiles/UWB-UAV-LABEL.elf.dir/Middlewares/ST/STM32_USB_Device_Library/Core/Src/usbd_ctlreq.c.obj
                0x0800471c                USBD_ParseSetupRequest
 .text.USBD_CtlError
                0x08004744       0x14 CMakeFiles/UWB-UAV-LABEL.elf.dir/Middlewares/ST/STM32_USB_Device_Library/Core/Src/usbd_ctlreq.c.obj
                0x08004744                USBD_CtlError
 .text.USBD_GetDescriptor
                0x08004758      0x1c4 CMakeFiles/UWB-UAV-LABEL.elf.dir/Middlewares/ST/STM32_USB_Device_Library/Core/Src/usbd_ctlreq.c.obj
 .text.USBD_SetAddress
                0x0800491c       0x50 CMakeFiles/UWB-UAV-LABEL.elf.dir/Middlewares/ST/STM32_USB_Device_Library/Core/Src/usbd_ctlreq.c.obj
 .text.USBD_SetConfig
                0x0800496c       0xd8 CMakeFiles/UWB-UAV-LABEL.elf.dir/Middlewares/ST/STM32_USB_Device_Library/Core/Src/usbd_ctlreq.c.obj
 .text.USBD_GetConfig
                0x08004a44       0x44 CMakeFiles/UWB-UAV-LABEL.elf.dir/Middlewares/ST/STM32_USB_Device_Library/Core/Src/usbd_ctlreq.c.obj
 .text.USBD_GetStatus
                0x08004a88       0x38 CMakeFiles/UWB-UAV-LABEL.elf.dir/Middlewares/ST/STM32_USB_Device_Library/Core/Src/usbd_ctlreq.c.obj
 .text.USBD_SetFeature
                0x08004ac0       0x2c CMakeFiles/UWB-UAV-LABEL.elf.dir/Middlewares/ST/STM32_USB_Device_Library/Core/Src/usbd_ctlreq.c.obj
 .text.USBD_ClrFeature
                0x08004aec       0x24 CMakeFiles/UWB-UAV-LABEL.elf.dir/Middlewares/ST/STM32_USB_Device_Library/Core/Src/usbd_ctlreq.c.obj
 .text.USBD_StdDevReq
                0x08004b10       0x80 CMakeFiles/UWB-UAV-LABEL.elf.dir/Middlewares/ST/STM32_USB_Device_Library/Core/Src/usbd_ctlreq.c.obj
                0x08004b10                USBD_StdDevReq
 .text.USBD_StdItfReq
                0x08004b90       0x88 CMakeFiles/UWB-UAV-LABEL.elf.dir/Middlewares/ST/STM32_USB_Device_Library/Core/Src/usbd_ctlreq.c.obj
                0x08004b90                USBD_StdItfReq
 .text.USBD_StdEPReq
                0x08004c18      0x250 CMakeFiles/UWB-UAV-LABEL.elf.dir/Middlewares/ST/STM32_USB_Device_Library/Core/Src/usbd_ctlreq.c.obj
                0x08004c18                USBD_StdEPReq
 .text.USBD_GetString
                0x08004e68       0x38 CMakeFiles/UWB-UAV-LABEL.elf.dir/Middlewares/ST/STM32_USB_Device_Library/Core/Src/usbd_ctlreq.c.obj
                0x08004e68                USBD_GetString
 .text.USBD_CtlSendData
                0x08004ea0       0x1c CMakeFiles/UWB-UAV-LABEL.elf.dir/Middlewares/ST/STM32_USB_Device_Library/Core/Src/usbd_ioreq.c.obj
                0x08004ea0                USBD_CtlSendData
 .text.USBD_CtlContinueSendData
                0x08004ebc       0x10 CMakeFiles/UWB-UAV-LABEL.elf.dir/Middlewares/ST/STM32_USB_Device_Library/Core/Src/usbd_ioreq.c.obj
                0x08004ebc                USBD_CtlContinueSendData
 .text.USBD_CtlPrepareRx
                0x08004ecc       0x20 CMakeFiles/UWB-UAV-LABEL.elf.dir/Middlewares/ST/STM32_USB_Device_Library/Core/Src/usbd_ioreq.c.obj
                0x08004ecc                USBD_CtlPrepareRx
 .text.USBD_CtlContinueRx
                0x08004eec       0x10 CMakeFiles/UWB-UAV-LABEL.elf.dir/Middlewares/ST/STM32_USB_Device_Library/Core/Src/usbd_ioreq.c.obj
                0x08004eec                USBD_CtlContinueRx
 .text.USBD_CtlSendStatus
                0x08004efc       0x18 CMakeFiles/UWB-UAV-LABEL.elf.dir/Middlewares/ST/STM32_USB_Device_Library/Core/Src/usbd_ioreq.c.obj
                0x08004efc                USBD_CtlSendStatus
 .text.USBD_CtlReceiveStatus
                0x08004f14       0x18 CMakeFiles/UWB-UAV-LABEL.elf.dir/Middlewares/ST/STM32_USB_Device_Library/Core/Src/usbd_ioreq.c.obj
                0x08004f14                USBD_CtlReceiveStatus
 .text.SysTick_Handler
                0x08004f2c       0x18 CMakeFiles/UWB-UAV-LABEL.elf.dir/Middlewares/Third_Party/FreeRTOS/Source/CMSIS_RTOS_V2/cmsis_os2.c.obj
                0x08004f2c                SysTick_Handler
 .text.osKernelInitialize
                0x08004f44       0x28 CMakeFiles/UWB-UAV-LABEL.elf.dir/Middlewares/Third_Party/FreeRTOS/Source/CMSIS_RTOS_V2/cmsis_os2.c.obj
                0x08004f44                osKernelInitialize
 .text.osKernelStart
                0x08004f6c       0x38 CMakeFiles/UWB-UAV-LABEL.elf.dir/Middlewares/Third_Party/FreeRTOS/Source/CMSIS_RTOS_V2/cmsis_os2.c.obj
                0x08004f6c                osKernelStart
 .text.osThreadNew
                0x08004fa4       0xc0 CMakeFiles/UWB-UAV-LABEL.elf.dir/Middlewares/Third_Party/FreeRTOS/Source/CMSIS_RTOS_V2/cmsis_os2.c.obj
                0x08004fa4                osThreadNew
 .text.osDelay  0x08005064       0x1c CMakeFiles/UWB-UAV-LABEL.elf.dir/Middlewares/Third_Party/FreeRTOS/Source/CMSIS_RTOS_V2/cmsis_os2.c.obj
                0x08005064                osDelay
 .text.vApplicationGetIdleTaskMemory
                0x08005080       0x18 CMakeFiles/UWB-UAV-LABEL.elf.dir/Middlewares/Third_Party/FreeRTOS/Source/CMSIS_RTOS_V2/cmsis_os2.c.obj
                0x08005080                vApplicationGetIdleTaskMemory
 .text.vApplicationGetTimerTaskMemory
                0x08005098       0x18 CMakeFiles/UWB-UAV-LABEL.elf.dir/Middlewares/Third_Party/FreeRTOS/Source/CMSIS_RTOS_V2/cmsis_os2.c.obj
                0x08005098                vApplicationGetTimerTaskMemory
 .text.vListInitialise
                0x080050b0       0x18 CMakeFiles/UWB-UAV-LABEL.elf.dir/Middlewares/Third_Party/FreeRTOS/Source/list.c.obj
                0x080050b0                vListInitialise
 .text.vListInitialiseItem
                0x080050c8        0x8 CMakeFiles/UWB-UAV-LABEL.elf.dir/Middlewares/Third_Party/FreeRTOS/Source/list.c.obj
                0x080050c8                vListInitialiseItem
 .text.vListInsertEnd
                0x080050d0       0x18 CMakeFiles/UWB-UAV-LABEL.elf.dir/Middlewares/Third_Party/FreeRTOS/Source/list.c.obj
                0x080050d0                vListInsertEnd
 .text.vListInsert
                0x080050e8       0x34 CMakeFiles/UWB-UAV-LABEL.elf.dir/Middlewares/Third_Party/FreeRTOS/Source/list.c.obj
                0x080050e8                vListInsert
 .text.uxListRemove
                0x0800511c       0x28 CMakeFiles/UWB-UAV-LABEL.elf.dir/Middlewares/Third_Party/FreeRTOS/Source/list.c.obj
                0x0800511c                uxListRemove
 .text.prvTaskExitError
                0x08005144       0x40 CMakeFiles/UWB-UAV-LABEL.elf.dir/Middlewares/Third_Party/FreeRTOS/Source/portable/GCC/ARM_CM4F/port.c.obj
 .text.prvPortStartFirstTask
                0x08005184       0x28 CMakeFiles/UWB-UAV-LABEL.elf.dir/Middlewares/Third_Party/FreeRTOS/Source/portable/GCC/ARM_CM4F/port.c.obj
 .text.vPortEnableVFP
                0x080051ac       0x14 CMakeFiles/UWB-UAV-LABEL.elf.dir/Middlewares/Third_Party/FreeRTOS/Source/portable/GCC/ARM_CM4F/port.c.obj
 .text.pxPortInitialiseStack
                0x080051c0       0x2c CMakeFiles/UWB-UAV-LABEL.elf.dir/Middlewares/Third_Party/FreeRTOS/Source/portable/GCC/ARM_CM4F/port.c.obj
                0x080051c0                pxPortInitialiseStack
 *fill*         0x080051ec        0x4 
 .text.SVC_Handler
                0x080051f0       0x24 CMakeFiles/UWB-UAV-LABEL.elf.dir/Middlewares/Third_Party/FreeRTOS/Source/portable/GCC/ARM_CM4F/port.c.obj
                0x080051f0                SVC_Handler
 .text.vPortEnterCritical
                0x08005214       0x44 CMakeFiles/UWB-UAV-LABEL.elf.dir/Middlewares/Third_Party/FreeRTOS/Source/portable/GCC/ARM_CM4F/port.c.obj
                0x08005214                vPortEnterCritical
 .text.vPortExitCritical
                0x08005258       0x2c CMakeFiles/UWB-UAV-LABEL.elf.dir/Middlewares/Third_Party/FreeRTOS/Source/portable/GCC/ARM_CM4F/port.c.obj
                0x08005258                vPortExitCritical
 *fill*         0x08005284        0xc 
 .text.PendSV_Handler
                0x08005290       0x64 CMakeFiles/UWB-UAV-LABEL.elf.dir/Middlewares/Third_Party/FreeRTOS/Source/portable/GCC/ARM_CM4F/port.c.obj
                0x08005290                PendSV_Handler
 .text.xPortSysTickHandler
                0x080052f4       0x2c CMakeFiles/UWB-UAV-LABEL.elf.dir/Middlewares/Third_Party/FreeRTOS/Source/portable/GCC/ARM_CM4F/port.c.obj
                0x080052f4                xPortSysTickHandler
 .text.vPortSetupTimerInterrupt
                0x08005320       0x38 CMakeFiles/UWB-UAV-LABEL.elf.dir/Middlewares/Third_Party/FreeRTOS/Source/portable/GCC/ARM_CM4F/port.c.obj
                0x08005320                vPortSetupTimerInterrupt
 .text.xPortStartScheduler
                0x08005358      0x110 CMakeFiles/UWB-UAV-LABEL.elf.dir/Middlewares/Third_Party/FreeRTOS/Source/portable/GCC/ARM_CM4F/port.c.obj
                0x08005358                xPortStartScheduler
 .text.vPortValidateInterruptPriority
                0x08005468       0x5c CMakeFiles/UWB-UAV-LABEL.elf.dir/Middlewares/Third_Party/FreeRTOS/Source/portable/GCC/ARM_CM4F/port.c.obj
                0x08005468                vPortValidateInterruptPriority
 .text.prvHeapInit
                0x080054c4       0x64 CMakeFiles/UWB-UAV-LABEL.elf.dir/Middlewares/Third_Party/FreeRTOS/Source/portable/MemMang/heap_4.c.obj
 .text.prvInsertBlockIntoFreeList
                0x08005528       0x58 CMakeFiles/UWB-UAV-LABEL.elf.dir/Middlewares/Third_Party/FreeRTOS/Source/portable/MemMang/heap_4.c.obj
 .text.pvPortMalloc
                0x08005580      0x110 CMakeFiles/UWB-UAV-LABEL.elf.dir/Middlewares/Third_Party/FreeRTOS/Source/portable/MemMang/heap_4.c.obj
                0x08005580                pvPortMalloc
 .text.vPortFree
                0x08005690       0x84 CMakeFiles/UWB-UAV-LABEL.elf.dir/Middlewares/Third_Party/FreeRTOS/Source/portable/MemMang/heap_4.c.obj
                0x08005690                vPortFree
 .text.prvIsQueueFull
                0x08005714       0x20 CMakeFiles/UWB-UAV-LABEL.elf.dir/Middlewares/Third_Party/FreeRTOS/Source/queue.c.obj
 .text.prvIsQueueEmpty
                0x08005734       0x1c CMakeFiles/UWB-UAV-LABEL.elf.dir/Middlewares/Third_Party/FreeRTOS/Source/queue.c.obj
 .text.prvCopyDataToQueue
                0x08005750       0x78 CMakeFiles/UWB-UAV-LABEL.elf.dir/Middlewares/Third_Party/FreeRTOS/Source/queue.c.obj
 .text.prvCopyDataFromQueue
                0x080057c8       0x24 CMakeFiles/UWB-UAV-LABEL.elf.dir/Middlewares/Third_Party/FreeRTOS/Source/queue.c.obj
 .text.prvUnlockQueue
                0x080057ec       0x68 CMakeFiles/UWB-UAV-LABEL.elf.dir/Middlewares/Third_Party/FreeRTOS/Source/queue.c.obj
 .text.xQueueGenericReset
                0x08005854       0x80 CMakeFiles/UWB-UAV-LABEL.elf.dir/Middlewares/Third_Party/FreeRTOS/Source/queue.c.obj
                0x08005854                xQueueGenericReset
 .text.prvInitialiseNewQueue
                0x080058d4       0x24 CMakeFiles/UWB-UAV-LABEL.elf.dir/Middlewares/Third_Party/FreeRTOS/Source/queue.c.obj
 .text.xQueueGenericCreateStatic
                0x080058f8       0xac CMakeFiles/UWB-UAV-LABEL.elf.dir/Middlewares/Third_Party/FreeRTOS/Source/queue.c.obj
                0x080058f8                xQueueGenericCreateStatic
 .text.xQueueGenericSend
                0x080059a4      0x190 CMakeFiles/UWB-UAV-LABEL.elf.dir/Middlewares/Third_Party/FreeRTOS/Source/queue.c.obj
                0x080059a4                xQueueGenericSend
 .text.xQueueGenericSendFromISR
                0x08005b34       0xe4 CMakeFiles/UWB-UAV-LABEL.elf.dir/Middlewares/Third_Party/FreeRTOS/Source/queue.c.obj
                0x08005b34                xQueueGenericSendFromISR
 .text.xQueueReceive
                0x08005c18      0x158 CMakeFiles/UWB-UAV-LABEL.elf.dir/Middlewares/Third_Party/FreeRTOS/Source/queue.c.obj
                0x08005c18                xQueueReceive
 .text.vQueueAddToRegistry
                0x08005d70       0x28 CMakeFiles/UWB-UAV-LABEL.elf.dir/Middlewares/Third_Party/FreeRTOS/Source/queue.c.obj
                0x08005d70                vQueueAddToRegistry
 .text.vQueueWaitForMessageRestricted
                0x08005d98       0x4c CMakeFiles/UWB-UAV-LABEL.elf.dir/Middlewares/Third_Party/FreeRTOS/Source/queue.c.obj
                0x08005d98                vQueueWaitForMessageRestricted
 .text.prvResetNextTaskUnblockTime
                0x08005de4       0x2c CMakeFiles/UWB-UAV-LABEL.elf.dir/Middlewares/Third_Party/FreeRTOS/Source/tasks.c.obj
 .text.prvInitialiseNewTask
                0x08005e10      0x100 CMakeFiles/UWB-UAV-LABEL.elf.dir/Middlewares/Third_Party/FreeRTOS/Source/tasks.c.obj
 .text.prvInitialiseTaskLists
                0x08005f10       0x68 CMakeFiles/UWB-UAV-LABEL.elf.dir/Middlewares/Third_Party/FreeRTOS/Source/tasks.c.obj
 .text.prvAddNewTaskToReadyList
                0x08005f78       0xa8 CMakeFiles/UWB-UAV-LABEL.elf.dir/Middlewares/Third_Party/FreeRTOS/Source/tasks.c.obj
 .text.prvDeleteTCB
                0x08006020       0x44 CMakeFiles/UWB-UAV-LABEL.elf.dir/Middlewares/Third_Party/FreeRTOS/Source/tasks.c.obj
 .text.prvCheckTasksWaitingTermination
                0x08006064       0x44 CMakeFiles/UWB-UAV-LABEL.elf.dir/Middlewares/Third_Party/FreeRTOS/Source/tasks.c.obj
 .text.prvIdleTask
                0x080060a8       0x28 CMakeFiles/UWB-UAV-LABEL.elf.dir/Middlewares/Third_Party/FreeRTOS/Source/tasks.c.obj
 .text.prvAddCurrentTaskToDelayedList
                0x080060d0       0x7c CMakeFiles/UWB-UAV-LABEL.elf.dir/Middlewares/Third_Party/FreeRTOS/Source/tasks.c.obj
 .text.xTaskCreateStatic
                0x0800614c       0x84 CMakeFiles/UWB-UAV-LABEL.elf.dir/Middlewares/Third_Party/FreeRTOS/Source/tasks.c.obj
                0x0800614c                xTaskCreateStatic
 .text.xTaskCreate
                0x080061d0       0x68 CMakeFiles/UWB-UAV-LABEL.elf.dir/Middlewares/Third_Party/FreeRTOS/Source/tasks.c.obj
                0x080061d0                xTaskCreate
 .text.vTaskStartScheduler
                0x08006238       0xac CMakeFiles/UWB-UAV-LABEL.elf.dir/Middlewares/Third_Party/FreeRTOS/Source/tasks.c.obj
                0x08006238                vTaskStartScheduler
 .text.vTaskSuspendAll
                0x080062e4       0x10 CMakeFiles/UWB-UAV-LABEL.elf.dir/Middlewares/Third_Party/FreeRTOS/Source/tasks.c.obj
                0x080062e4                vTaskSuspendAll
 .text.xTaskGetTickCount
                0x080062f4        0xc CMakeFiles/UWB-UAV-LABEL.elf.dir/Middlewares/Third_Party/FreeRTOS/Source/tasks.c.obj
                0x080062f4                xTaskGetTickCount
 .text.xTaskIncrementTick
                0x08006300      0x11c CMakeFiles/UWB-UAV-LABEL.elf.dir/Middlewares/Third_Party/FreeRTOS/Source/tasks.c.obj
                0x08006300                xTaskIncrementTick
 .text.xTaskResumeAll
                0x0800641c       0xf8 CMakeFiles/UWB-UAV-LABEL.elf.dir/Middlewares/Third_Party/FreeRTOS/Source/tasks.c.obj
                0x0800641c                xTaskResumeAll
 .text.vTaskDelay
                0x08006514       0x50 CMakeFiles/UWB-UAV-LABEL.elf.dir/Middlewares/Third_Party/FreeRTOS/Source/tasks.c.obj
                0x08006514                vTaskDelay
 .text.vTaskSwitchContext
                0x08006564       0xa4 CMakeFiles/UWB-UAV-LABEL.elf.dir/Middlewares/Third_Party/FreeRTOS/Source/tasks.c.obj
                0x08006564                vTaskSwitchContext
 .text.vTaskPlaceOnEventList
                0x08006608       0x30 CMakeFiles/UWB-UAV-LABEL.elf.dir/Middlewares/Third_Party/FreeRTOS/Source/tasks.c.obj
                0x08006608                vTaskPlaceOnEventList
 .text.vTaskPlaceOnEventListRestricted
                0x08006638       0x38 CMakeFiles/UWB-UAV-LABEL.elf.dir/Middlewares/Third_Party/FreeRTOS/Source/tasks.c.obj
                0x08006638                vTaskPlaceOnEventListRestricted
 .text.xTaskRemoveFromEventList
                0x08006670       0x8c CMakeFiles/UWB-UAV-LABEL.elf.dir/Middlewares/Third_Party/FreeRTOS/Source/tasks.c.obj
                0x08006670                xTaskRemoveFromEventList
 .text.vTaskInternalSetTimeOutState
                0x080066fc       0x18 CMakeFiles/UWB-UAV-LABEL.elf.dir/Middlewares/Third_Party/FreeRTOS/Source/tasks.c.obj
                0x080066fc                vTaskInternalSetTimeOutState
 .text.xTaskCheckForTimeOut
                0x08006714       0x80 CMakeFiles/UWB-UAV-LABEL.elf.dir/Middlewares/Third_Party/FreeRTOS/Source/tasks.c.obj
                0x08006714                xTaskCheckForTimeOut
 .text.vTaskMissedYield
                0x08006794        0xc CMakeFiles/UWB-UAV-LABEL.elf.dir/Middlewares/Third_Party/FreeRTOS/Source/tasks.c.obj
                0x08006794                vTaskMissedYield
 .text.xTaskGetSchedulerState
                0x080067a0       0x20 CMakeFiles/UWB-UAV-LABEL.elf.dir/Middlewares/Third_Party/FreeRTOS/Source/tasks.c.obj
                0x080067a0                xTaskGetSchedulerState
 .text.xTaskPriorityDisinherit
                0x080067c0       0x94 CMakeFiles/UWB-UAV-LABEL.elf.dir/Middlewares/Third_Party/FreeRTOS/Source/tasks.c.obj
                0x080067c0                xTaskPriorityDisinherit
 .text.prvGetNextExpireTime
                0x08006854       0x20 CMakeFiles/UWB-UAV-LABEL.elf.dir/Middlewares/Third_Party/FreeRTOS/Source/timers.c.obj
 .text.prvInsertTimerInActiveList
                0x08006874       0x48 CMakeFiles/UWB-UAV-LABEL.elf.dir/Middlewares/Third_Party/FreeRTOS/Source/timers.c.obj
 .text.prvCheckForValidListAndQueue
                0x080068bc       0x6c CMakeFiles/UWB-UAV-LABEL.elf.dir/Middlewares/Third_Party/FreeRTOS/Source/timers.c.obj
 .text.xTimerCreateTimerTask
                0x08006928       0x70 CMakeFiles/UWB-UAV-LABEL.elf.dir/Middlewares/Third_Party/FreeRTOS/Source/timers.c.obj
                0x08006928                xTimerCreateTimerTask
 .text.xTimerGenericCommand
                0x08006998       0x6c CMakeFiles/UWB-UAV-LABEL.elf.dir/Middlewares/Third_Party/FreeRTOS/Source/timers.c.obj
                0x08006998                xTimerGenericCommand
 .text.prvSwitchTimerLists
                0x08006a04       0x80 CMakeFiles/UWB-UAV-LABEL.elf.dir/Middlewares/Third_Party/FreeRTOS/Source/timers.c.obj
 .text.prvSampleTimeNow
                0x08006a84       0x2c CMakeFiles/UWB-UAV-LABEL.elf.dir/Middlewares/Third_Party/FreeRTOS/Source/timers.c.obj
 .text.prvProcessExpiredTimer
                0x08006ab0       0x68 CMakeFiles/UWB-UAV-LABEL.elf.dir/Middlewares/Third_Party/FreeRTOS/Source/timers.c.obj
 .text.prvProcessTimerOrBlockTask
                0x08006b18       0x74 CMakeFiles/UWB-UAV-LABEL.elf.dir/Middlewares/Third_Party/FreeRTOS/Source/timers.c.obj
 .text.prvProcessReceivedCommands
                0x08006b8c      0x108 CMakeFiles/UWB-UAV-LABEL.elf.dir/Middlewares/Third_Party/FreeRTOS/Source/timers.c.obj
 .text.prvTimerTask
                0x08006c94       0x18 CMakeFiles/UWB-UAV-LABEL.elf.dir/Middlewares/Third_Party/FreeRTOS/Source/timers.c.obj
 .text.MX_USB_DEVICE_Init
                0x08006cac       0x4c CMakeFiles/UWB-UAV-LABEL.elf.dir/USB_DEVICE/App/usb_device.c.obj
                0x08006cac                MX_USB_DEVICE_Init
 .text.CDC_DeInit_FS
                0x08006cf8        0x4 CMakeFiles/UWB-UAV-LABEL.elf.dir/USB_DEVICE/App/usbd_cdc_if.c.obj
 .text.CDC_Control_FS
                0x08006cfc        0x4 CMakeFiles/UWB-UAV-LABEL.elf.dir/USB_DEVICE/App/usbd_cdc_if.c.obj
 .text.CDC_TransmitCplt_FS
                0x08006d00        0x4 CMakeFiles/UWB-UAV-LABEL.elf.dir/USB_DEVICE/App/usbd_cdc_if.c.obj
 .text.CDC_Receive_FS
                0x08006d04       0x1c CMakeFiles/UWB-UAV-LABEL.elf.dir/USB_DEVICE/App/usbd_cdc_if.c.obj
 .text.CDC_Init_FS
                0x08006d20       0x28 CMakeFiles/UWB-UAV-LABEL.elf.dir/USB_DEVICE/App/usbd_cdc_if.c.obj
 .text.CDC_Transmit_FS
                0x08006d48       0x2c CMakeFiles/UWB-UAV-LABEL.elf.dir/USB_DEVICE/App/usbd_cdc_if.c.obj
                0x08006d48                CDC_Transmit_FS
 .text.USBD_FS_DeviceDescriptor
                0x08006d74        0xc CMakeFiles/UWB-UAV-LABEL.elf.dir/USB_DEVICE/App/usbd_desc.c.obj
                0x08006d74                USBD_FS_DeviceDescriptor
 .text.USBD_FS_LangIDStrDescriptor
                0x08006d80        0xc CMakeFiles/UWB-UAV-LABEL.elf.dir/USB_DEVICE/App/usbd_desc.c.obj
                0x08006d80                USBD_FS_LangIDStrDescriptor
 .text.IntToUnicode
                0x08006d8c       0x30 CMakeFiles/UWB-UAV-LABEL.elf.dir/USB_DEVICE/App/usbd_desc.c.obj
 .text.Get_SerialNum
                0x08006dbc       0x38 CMakeFiles/UWB-UAV-LABEL.elf.dir/USB_DEVICE/App/usbd_desc.c.obj
 .text.USBD_FS_SerialStrDescriptor
                0x08006df4       0x14 CMakeFiles/UWB-UAV-LABEL.elf.dir/USB_DEVICE/App/usbd_desc.c.obj
                0x08006df4                USBD_FS_SerialStrDescriptor
 .text.USBD_FS_ProductStrDescriptor
                0x08006e08       0x24 CMakeFiles/UWB-UAV-LABEL.elf.dir/USB_DEVICE/App/usbd_desc.c.obj
                0x08006e08                USBD_FS_ProductStrDescriptor
 .text.USBD_FS_ManufacturerStrDescriptor
                0x08006e2c       0x1c CMakeFiles/UWB-UAV-LABEL.elf.dir/USB_DEVICE/App/usbd_desc.c.obj
                0x08006e2c                USBD_FS_ManufacturerStrDescriptor
 .text.USBD_FS_ConfigStrDescriptor
                0x08006e48       0x24 CMakeFiles/UWB-UAV-LABEL.elf.dir/USB_DEVICE/App/usbd_desc.c.obj
                0x08006e48                USBD_FS_ConfigStrDescriptor
 .text.USBD_FS_InterfaceStrDescriptor
                0x08006e6c       0x24 CMakeFiles/UWB-UAV-LABEL.elf.dir/USB_DEVICE/App/usbd_desc.c.obj
                0x08006e6c                USBD_FS_InterfaceStrDescriptor
 .text.HAL_PCD_MspInit
                0x08006e90       0x84 CMakeFiles/UWB-UAV-LABEL.elf.dir/USB_DEVICE/Target/usbd_conf.c.obj
                0x08006e90                HAL_PCD_MspInit
 .text.HAL_PCD_SetupStageCallback
                0x08006f14       0x10 CMakeFiles/UWB-UAV-LABEL.elf.dir/USB_DEVICE/Target/usbd_conf.c.obj
                0x08006f14                HAL_PCD_SetupStageCallback
 .text.HAL_PCD_DataOutStageCallback
                0x08006f24       0x18 CMakeFiles/UWB-UAV-LABEL.elf.dir/USB_DEVICE/Target/usbd_conf.c.obj
                0x08006f24                HAL_PCD_DataOutStageCallback
 .text.HAL_PCD_DataInStageCallback
                0x08006f3c       0x18 CMakeFiles/UWB-UAV-LABEL.elf.dir/USB_DEVICE/Target/usbd_conf.c.obj
                0x08006f3c                HAL_PCD_DataInStageCallback
 .text.HAL_PCD_SOFCallback
                0x08006f54        0xc CMakeFiles/UWB-UAV-LABEL.elf.dir/USB_DEVICE/Target/usbd_conf.c.obj
                0x08006f54                HAL_PCD_SOFCallback
 .text.HAL_PCD_ResetCallback
                0x08006f60       0x24 CMakeFiles/UWB-UAV-LABEL.elf.dir/USB_DEVICE/Target/usbd_conf.c.obj
                0x08006f60                HAL_PCD_ResetCallback
 .text.HAL_PCD_SuspendCallback
                0x08006f84       0x30 CMakeFiles/UWB-UAV-LABEL.elf.dir/USB_DEVICE/Target/usbd_conf.c.obj
                0x08006f84                HAL_PCD_SuspendCallback
 .text.HAL_PCD_ResumeCallback
                0x08006fb4        0xc CMakeFiles/UWB-UAV-LABEL.elf.dir/USB_DEVICE/Target/usbd_conf.c.obj
                0x08006fb4                HAL_PCD_ResumeCallback
 .text.HAL_PCD_ISOOUTIncompleteCallback
                0x08006fc0        0xc CMakeFiles/UWB-UAV-LABEL.elf.dir/USB_DEVICE/Target/usbd_conf.c.obj
                0x08006fc0                HAL_PCD_ISOOUTIncompleteCallback
 .text.HAL_PCD_ISOINIncompleteCallback
                0x08006fcc        0xc CMakeFiles/UWB-UAV-LABEL.elf.dir/USB_DEVICE/Target/usbd_conf.c.obj
                0x08006fcc                HAL_PCD_ISOINIncompleteCallback
 .text.HAL_PCD_ConnectCallback
                0x08006fd8        0xc CMakeFiles/UWB-UAV-LABEL.elf.dir/USB_DEVICE/Target/usbd_conf.c.obj
                0x08006fd8                HAL_PCD_ConnectCallback
 .text.HAL_PCD_DisconnectCallback
                0x08006fe4        0xc CMakeFiles/UWB-UAV-LABEL.elf.dir/USB_DEVICE/Target/usbd_conf.c.obj
                0x08006fe4                HAL_PCD_DisconnectCallback
 .text.USBD_LL_Init
                0x08006ff0       0x64 CMakeFiles/UWB-UAV-LABEL.elf.dir/USB_DEVICE/Target/usbd_conf.c.obj
                0x08006ff0                USBD_LL_Init
 .text.USBD_LL_IsStallEP
                0x08007054       0x30 CMakeFiles/UWB-UAV-LABEL.elf.dir/USB_DEVICE/Target/usbd_conf.c.obj
                0x08007054                USBD_LL_IsStallEP
 .text.USBD_LL_GetRxDataSize
                0x08007084        0xc CMakeFiles/UWB-UAV-LABEL.elf.dir/USB_DEVICE/Target/usbd_conf.c.obj
                0x08007084                USBD_LL_GetRxDataSize
 .text.USBD_static_malloc
                0x08007090        0x8 CMakeFiles/UWB-UAV-LABEL.elf.dir/USB_DEVICE/Target/usbd_conf.c.obj
                0x08007090                USBD_static_malloc
 .text.USBD_static_free
                0x08007098        0x4 CMakeFiles/UWB-UAV-LABEL.elf.dir/USB_DEVICE/Target/usbd_conf.c.obj
                0x08007098                USBD_static_free
 .text.USBD_Get_USB_Status
                0x0800709c       0x14 CMakeFiles/UWB-UAV-LABEL.elf.dir/USB_DEVICE/Target/usbd_conf.c.obj
                0x0800709c                USBD_Get_USB_Status
 .text.USBD_LL_Start
                0x080070b0       0x10 CMakeFiles/UWB-UAV-LABEL.elf.dir/USB_DEVICE/Target/usbd_conf.c.obj
                0x080070b0                USBD_LL_Start
 .text.USBD_LL_OpenEP
                0x080070c0       0x18 CMakeFiles/UWB-UAV-LABEL.elf.dir/USB_DEVICE/Target/usbd_conf.c.obj
                0x080070c0                USBD_LL_OpenEP
 .text.USBD_LL_CloseEP
                0x080070d8       0x10 CMakeFiles/UWB-UAV-LABEL.elf.dir/USB_DEVICE/Target/usbd_conf.c.obj
                0x080070d8                USBD_LL_CloseEP
 .text.USBD_LL_StallEP
                0x080070e8       0x10 CMakeFiles/UWB-UAV-LABEL.elf.dir/USB_DEVICE/Target/usbd_conf.c.obj
                0x080070e8                USBD_LL_StallEP
 .text.USBD_LL_ClearStallEP
                0x080070f8       0x10 CMakeFiles/UWB-UAV-LABEL.elf.dir/USB_DEVICE/Target/usbd_conf.c.obj
                0x080070f8                USBD_LL_ClearStallEP
 .text.USBD_LL_SetUSBAddress
                0x08007108       0x10 CMakeFiles/UWB-UAV-LABEL.elf.dir/USB_DEVICE/Target/usbd_conf.c.obj
                0x08007108                USBD_LL_SetUSBAddress
 .text.USBD_LL_Transmit
                0x08007118       0x10 CMakeFiles/UWB-UAV-LABEL.elf.dir/USB_DEVICE/Target/usbd_conf.c.obj
                0x08007118                USBD_LL_Transmit
 .text.USBD_LL_PrepareReceive
                0x08007128       0x10 CMakeFiles/UWB-UAV-LABEL.elf.dir/USB_DEVICE/Target/usbd_conf.c.obj
                0x08007128                USBD_LL_PrepareReceive
 .text.usb_printf
                0x08007138       0x30 CMakeFiles/UWB-UAV-LABEL.elf.dir/User/Source/printf.c.obj
                0x08007138                usb_printf
 .text.__errno  0x08007168        0xc d:/sdk/arm/gnu_tool_arm_embedded/bin/../lib/gcc/arm-none-eabi/5.4.1/../../../../arm-none-eabi/lib/armv7e-m/fpu\libg.a(lib_a-errno.o)
                0x08007168                __errno
 .text.__libc_init_array
                0x08007174       0x50 d:/sdk/arm/gnu_tool_arm_embedded/bin/../lib/gcc/arm-none-eabi/5.4.1/../../../../arm-none-eabi/lib/armv7e-m/fpu\libg.a(lib_a-init.o)
                0x08007174                __libc_init_array
 .text.memset   0x080071c4       0x9c d:/sdk/arm/gnu_tool_arm_embedded/bin/../lib/gcc/arm-none-eabi/5.4.1/../../../../arm-none-eabi/lib/armv7e-m/fpu\libg.a(lib_a-memset.o)
                0x080071c4                memset
 .text.cleanup_glue
                0x08007260       0x1c d:/sdk/arm/gnu_tool_arm_embedded/bin/../lib/gcc/arm-none-eabi/5.4.1/../../../../arm-none-eabi/lib/armv7e-m/fpu\libg.a(lib_a-reent.o)
                0x08007260                cleanup_glue
 .text._reclaim_reent
                0x0800727c       0x88 d:/sdk/arm/gnu_tool_arm_embedded/bin/../lib/gcc/arm-none-eabi/5.4.1/../../../../arm-none-eabi/lib/armv7e-m/fpu\libg.a(lib_a-reent.o)
                0x0800727c                _reclaim_reent
 .text._vsnprintf_r
                0x08007304       0x74 d:/sdk/arm/gnu_tool_arm_embedded/bin/../lib/gcc/arm-none-eabi/5.4.1/../../../../arm-none-eabi/lib/armv7e-m/fpu\libg.a(lib_a-vsnprintf.o)
                0x08007304                _vsnprintf_r
 .text.vsnprintf
                0x08007378       0x20 d:/sdk/arm/gnu_tool_arm_embedded/bin/../lib/gcc/arm-none-eabi/5.4.1/../../../../arm-none-eabi/lib/armv7e-m/fpu\libg.a(lib_a-vsnprintf.o)
                0x08007378                vsnprintf
 .text.startup.register_fini
                0x08007398       0x14 d:/sdk/arm/gnu_tool_arm_embedded/bin/../lib/gcc/arm-none-eabi/5.4.1/../../../../arm-none-eabi/lib/armv7e-m/fpu\libg.a(lib_a-__call_atexit.o)
 .text.atexit   0x080073ac        0xc d:/sdk/arm/gnu_tool_arm_embedded/bin/../lib/gcc/arm-none-eabi/5.4.1/../../../../arm-none-eabi/lib/armv7e-m/fpu\libg.a(lib_a-atexit.o)
                0x080073ac                atexit
 .text.__libc_fini_array
                0x080073b8       0x28 d:/sdk/arm/gnu_tool_arm_embedded/bin/../lib/gcc/arm-none-eabi/5.4.1/../../../../arm-none-eabi/lib/armv7e-m/fpu\libg.a(lib_a-fini.o)
                0x080073b8                __libc_fini_array
 .text._malloc_trim_r
                0x080073e0       0x9c d:/sdk/arm/gnu_tool_arm_embedded/bin/../lib/gcc/arm-none-eabi/5.4.1/../../../../arm-none-eabi/lib/armv7e-m/fpu\libg.a(lib_a-freer.o)
                0x080073e0                _malloc_trim_r
 .text._free_r  0x0800747c      0x1d0 d:/sdk/arm/gnu_tool_arm_embedded/bin/../lib/gcc/arm-none-eabi/5.4.1/../../../../arm-none-eabi/lib/armv7e-m/fpu\libg.a(lib_a-freer.o)
                0x0800747c                _free_r
 .text._malloc_r
                0x0800764c      0x570 d:/sdk/arm/gnu_tool_arm_embedded/bin/../lib/gcc/arm-none-eabi/5.4.1/../../../../arm-none-eabi/lib/armv7e-m/fpu\libg.a(lib_a-mallocr.o)
                0x0800764c                _malloc_r
 .text.__malloc_lock
                0x08007bbc        0x4 d:/sdk/arm/gnu_tool_arm_embedded/bin/../lib/gcc/arm-none-eabi/5.4.1/../../../../arm-none-eabi/lib/armv7e-m/fpu\libg.a(lib_a-mlock.o)
                0x08007bbc                __malloc_lock
 .text.__malloc_unlock
                0x08007bc0        0x4 d:/sdk/arm/gnu_tool_arm_embedded/bin/../lib/gcc/arm-none-eabi/5.4.1/../../../../arm-none-eabi/lib/armv7e-m/fpu\libg.a(lib_a-mlock.o)
                0x08007bc0                __malloc_unlock
 .text._sbrk_r  0x08007bc4       0x24 d:/sdk/arm/gnu_tool_arm_embedded/bin/../lib/gcc/arm-none-eabi/5.4.1/../../../../arm-none-eabi/lib/armv7e-m/fpu\libg.a(lib_a-sbrkr.o)
                0x08007bc4                _sbrk_r
 .text._svfprintf_r
                0x08007be8     0x16e4 d:/sdk/arm/gnu_tool_arm_embedded/bin/../lib/gcc/arm-none-eabi/5.4.1/../../../../arm-none-eabi/lib/armv7e-m/fpu\libg.a(lib_a-svfprintf.o)
                0x08007be8                _svfprintf_r
 .text.__register_exitproc
                0x080092cc       0xa4 d:/sdk/arm/gnu_tool_arm_embedded/bin/../lib/gcc/arm-none-eabi/5.4.1/../../../../arm-none-eabi/lib/armv7e-m/fpu\libg.a(lib_a-__atexit.o)
                0x080092cc                __register_exitproc
 .text.quorem   0x08009370      0x128 d:/sdk/arm/gnu_tool_arm_embedded/bin/../lib/gcc/arm-none-eabi/5.4.1/../../../../arm-none-eabi/lib/armv7e-m/fpu\libg.a(lib_a-dtoa.o)
 .text._dtoa_r  0x08009498      0xe34 d:/sdk/arm/gnu_tool_arm_embedded/bin/../lib/gcc/arm-none-eabi/5.4.1/../../../../arm-none-eabi/lib/armv7e-m/fpu\libg.a(lib_a-dtoa.o)
                0x08009498                _dtoa_r
 .text._localeconv_r
                0x0800a2cc       0x1c d:/sdk/arm/gnu_tool_arm_embedded/bin/../lib/gcc/arm-none-eabi/5.4.1/../../../../arm-none-eabi/lib/armv7e-m/fpu\libg.a(lib_a-localeconv.o)
                0x0800a2cc                _localeconv_r
 .text._Balloc  0x0800a2e8       0x4c d:/sdk/arm/gnu_tool_arm_embedded/bin/../lib/gcc/arm-none-eabi/5.4.1/../../../../arm-none-eabi/lib/armv7e-m/fpu\libg.a(lib_a-mprec.o)
                0x0800a2e8                _Balloc
 .text._Bfree   0x0800a334       0x14 d:/sdk/arm/gnu_tool_arm_embedded/bin/../lib/gcc/arm-none-eabi/5.4.1/../../../../arm-none-eabi/lib/armv7e-m/fpu\libg.a(lib_a-mprec.o)
                0x0800a334                _Bfree
 .text.__multadd
                0x0800a348       0x80 d:/sdk/arm/gnu_tool_arm_embedded/bin/../lib/gcc/arm-none-eabi/5.4.1/../../../../arm-none-eabi/lib/armv7e-m/fpu\libg.a(lib_a-mprec.o)
                0x0800a348                __multadd
 .text.__hi0bits
                0x0800a3c8       0x40 d:/sdk/arm/gnu_tool_arm_embedded/bin/../lib/gcc/arm-none-eabi/5.4.1/../../../../arm-none-eabi/lib/armv7e-m/fpu\libg.a(lib_a-mprec.o)
                0x0800a3c8                __hi0bits
 .text.__lo0bits
                0x0800a408       0x5c d:/sdk/arm/gnu_tool_arm_embedded/bin/../lib/gcc/arm-none-eabi/5.4.1/../../../../arm-none-eabi/lib/armv7e-m/fpu\libg.a(lib_a-mprec.o)
                0x0800a408                __lo0bits
 .text.__i2b    0x0800a464       0x14 d:/sdk/arm/gnu_tool_arm_embedded/bin/../lib/gcc/arm-none-eabi/5.4.1/../../../../arm-none-eabi/lib/armv7e-m/fpu\libg.a(lib_a-mprec.o)
                0x0800a464                __i2b
 .text.__multiply
                0x0800a478      0x130 d:/sdk/arm/gnu_tool_arm_embedded/bin/../lib/gcc/arm-none-eabi/5.4.1/../../../../arm-none-eabi/lib/armv7e-m/fpu\libg.a(lib_a-mprec.o)
                0x0800a478                __multiply
 .text.__pow5mult
                0x0800a5a8       0xa0 d:/sdk/arm/gnu_tool_arm_embedded/bin/../lib/gcc/arm-none-eabi/5.4.1/../../../../arm-none-eabi/lib/armv7e-m/fpu\libg.a(lib_a-mprec.o)
                0x0800a5a8                __pow5mult
 .text.__lshift
                0x0800a648       0xb0 d:/sdk/arm/gnu_tool_arm_embedded/bin/../lib/gcc/arm-none-eabi/5.4.1/../../../../arm-none-eabi/lib/armv7e-m/fpu\libg.a(lib_a-mprec.o)
                0x0800a648                __lshift
 .text.__mcmp   0x0800a6f8       0x44 d:/sdk/arm/gnu_tool_arm_embedded/bin/../lib/gcc/arm-none-eabi/5.4.1/../../../../arm-none-eabi/lib/armv7e-m/fpu\libg.a(lib_a-mprec.o)
                0x0800a6f8                __mcmp
 .text.__mdiff  0x0800a73c      0x114 d:/sdk/arm/gnu_tool_arm_embedded/bin/../lib/gcc/arm-none-eabi/5.4.1/../../../../arm-none-eabi/lib/armv7e-m/fpu\libg.a(lib_a-mprec.o)
                0x0800a73c                __mdiff
 .text.__d2b    0x0800a850       0xbc d:/sdk/arm/gnu_tool_arm_embedded/bin/../lib/gcc/arm-none-eabi/5.4.1/../../../../arm-none-eabi/lib/armv7e-m/fpu\libg.a(lib_a-mprec.o)
                0x0800a850                __d2b
 .text.__ssprint_r
                0x0800a90c      0x100 d:/sdk/arm/gnu_tool_arm_embedded/bin/../lib/gcc/arm-none-eabi/5.4.1/../../../../arm-none-eabi/lib/armv7e-m/fpu\libg.a(lib_a-svfiprintf.o)
                0x0800a90c                __ssprint_r
 .text._calloc_r
                0x0800aa0c       0x60 d:/sdk/arm/gnu_tool_arm_embedded/bin/../lib/gcc/arm-none-eabi/5.4.1/../../../../arm-none-eabi/lib/armv7e-m/fpu\libg.a(lib_a-callocr.o)
                0x0800aa0c                _calloc_r
 .text.__ascii_mbtowc
                0x0800aa6c       0x2c d:/sdk/arm/gnu_tool_arm_embedded/bin/../lib/gcc/arm-none-eabi/5.4.1/../../../../arm-none-eabi/lib/armv7e-m/fpu\libg.a(lib_a-mbtowc_r.o)
                0x0800aa6c                __ascii_mbtowc
 .text.memmove  0x0800aa98       0xc8 d:/sdk/arm/gnu_tool_arm_embedded/bin/../lib/gcc/arm-none-eabi/5.4.1/../../../../arm-none-eabi/lib/armv7e-m/fpu\libg.a(lib_a-memmove.o)
                0x0800aa98                memmove
 .text._realloc_r
                0x0800ab60      0x3e0 d:/sdk/arm/gnu_tool_arm_embedded/bin/../lib/gcc/arm-none-eabi/5.4.1/../../../../arm-none-eabi/lib/armv7e-m/fpu\libg.a(lib_a-reallocr.o)
                0x0800ab60                _realloc_r
 .text.__ascii_wctomb
                0x0800af40       0x1c d:/sdk/arm/gnu_tool_arm_embedded/bin/../lib/gcc/arm-none-eabi/5.4.1/../../../../arm-none-eabi/lib/armv7e-m/fpu\libg.a(lib_a-wctomb_r.o)
                0x0800af40                __ascii_wctomb
 *(.glue_7)
 .glue_7        0x0800af5c        0x0 linker stubs
 *(.glue_7t)
 .glue_7t       0x0800af5c        0x0 linker stubs
 *(.eh_frame)
 .eh_frame      0x0800af5c        0x0 d:/sdk/arm/gnu_tool_arm_embedded/bin/../lib/gcc/arm-none-eabi/5.4.1/armv7e-m/fpu/crtbegin.o
 *(.init)
 .init          0x0800af5c        0x4 d:/sdk/arm/gnu_tool_arm_embedded/bin/../lib/gcc/arm-none-eabi/5.4.1/armv7e-m/fpu/crti.o
                0x0800af5c                _init
 .init          0x0800af60        0x8 d:/sdk/arm/gnu_tool_arm_embedded/bin/../lib/gcc/arm-none-eabi/5.4.1/armv7e-m/fpu/crtn.o
 *(.fini)
 .fini          0x0800af68        0x4 d:/sdk/arm/gnu_tool_arm_embedded/bin/../lib/gcc/arm-none-eabi/5.4.1/armv7e-m/fpu/crti.o
                0x0800af68                _fini
 .fini          0x0800af6c        0x8 d:/sdk/arm/gnu_tool_arm_embedded/bin/../lib/gcc/arm-none-eabi/5.4.1/armv7e-m/fpu/crtn.o
                0x0800af74                . = ALIGN (0x4)
                0x0800af74                _etext = .

.vfp11_veneer   0x0800af74        0x0
 .vfp11_veneer  0x0800af74        0x0 linker stubs

.v4_bx          0x0800af74        0x0
 .v4_bx         0x0800af74        0x0 linker stubs

.iplt           0x0800af74        0x0
 .iplt          0x0800af74        0x0 d:/sdk/arm/gnu_tool_arm_embedded/bin/../lib/gcc/arm-none-eabi/5.4.1/armv7e-m/fpu/crtbegin.o

.rodata         0x0800af78      0x338
                0x0800af78                . = ALIGN (0x4)
 *(.rodata)
 *(.rodata*)
 .rodata.defaultTask_attributes
                0x0800af78       0x24 CMakeFiles/UWB-UAV-LABEL.elf.dir/Core/Src/freertos.c.obj
                0x0800af78                defaultTask_attributes
 .rodata.str1.4
                0x0800af9c       0x14 CMakeFiles/UWB-UAV-LABEL.elf.dir/Core/Src/freertos.c.obj
 .rodata.AHBPrescTable
                0x0800afb0       0x10 CMakeFiles/UWB-UAV-LABEL.elf.dir/Core/Src/system_stm32f4xx.c.obj
                0x0800afb0                AHBPrescTable
 .rodata.APBPrescTable
                0x0800afc0        0x8 CMakeFiles/UWB-UAV-LABEL.elf.dir/Core/Src/system_stm32f4xx.c.obj
                0x0800afc0                APBPrescTable
 .rodata.str1.4
                0x0800afc8        0x5 CMakeFiles/UWB-UAV-LABEL.elf.dir/Middlewares/Third_Party/FreeRTOS/Source/tasks.c.obj
 *fill*         0x0800afcd        0x3 
 .rodata.str1.4
                0x0800afd0       0x10 CMakeFiles/UWB-UAV-LABEL.elf.dir/Middlewares/Third_Party/FreeRTOS/Source/timers.c.obj
 .rodata.str1.4
                0x0800afe0       0x46 CMakeFiles/UWB-UAV-LABEL.elf.dir/USB_DEVICE/App/usbd_desc.c.obj
 *fill*         0x0800b026        0x2 
 .rodata._global_impure_ptr
                0x0800b028        0x4 d:/sdk/arm/gnu_tool_arm_embedded/bin/../lib/gcc/arm-none-eabi/5.4.1/../../../../arm-none-eabi/lib/armv7e-m/fpu\libg.a(lib_a-impure.o)
                0x0800b028                _global_impure_ptr
 .rodata.zeroes.7258
                0x0800b02c       0x10 d:/sdk/arm/gnu_tool_arm_embedded/bin/../lib/gcc/arm-none-eabi/5.4.1/../../../../arm-none-eabi/lib/armv7e-m/fpu\libg.a(lib_a-svfprintf.o)
 .rodata.str1.4
                0x0800b03c       0x42 d:/sdk/arm/gnu_tool_arm_embedded/bin/../lib/gcc/arm-none-eabi/5.4.1/../../../../arm-none-eabi/lib/armv7e-m/fpu\libg.a(lib_a-svfprintf.o)
 *fill*         0x0800b07e        0x2 
 .rodata.blanks.7257
                0x0800b080       0x10 d:/sdk/arm/gnu_tool_arm_embedded/bin/../lib/gcc/arm-none-eabi/5.4.1/../../../../arm-none-eabi/lib/armv7e-m/fpu\libg.a(lib_a-svfprintf.o)
 .rodata.str1.4
                0x0800b090       0x10 d:/sdk/arm/gnu_tool_arm_embedded/bin/../lib/gcc/arm-none-eabi/5.4.1/../../../../arm-none-eabi/lib/armv7e-m/fpu\libg.a(lib_a-dtoa.o)
                                 0x12 (size before relaxing)
 .rodata.__mprec_tens
                0x0800b0a0       0xc8 d:/sdk/arm/gnu_tool_arm_embedded/bin/../lib/gcc/arm-none-eabi/5.4.1/../../../../arm-none-eabi/lib/armv7e-m/fpu\libg.a(lib_a-mprec.o)
                0x0800b0a0                __mprec_tens
 .rodata.__mprec_bigtens
                0x0800b168       0x28 d:/sdk/arm/gnu_tool_arm_embedded/bin/../lib/gcc/arm-none-eabi/5.4.1/../../../../arm-none-eabi/lib/armv7e-m/fpu\libg.a(lib_a-mprec.o)
                0x0800b168                __mprec_bigtens
 .rodata.p05.6087
                0x0800b190        0xc d:/sdk/arm/gnu_tool_arm_embedded/bin/../lib/gcc/arm-none-eabi/5.4.1/../../../../arm-none-eabi/lib/armv7e-m/fpu\libg.a(lib_a-mprec.o)
 .rodata.str1.4
                0x0800b19c       0x10 d:/sdk/arm/gnu_tool_arm_embedded/bin/../lib/gcc/arm-none-eabi/5.4.1/../../../../arm-none-eabi/lib/armv7e-m/fpu\libg.a(lib_a-locale.o)
                                 0x12 (size before relaxing)
 .rodata._ctype_
                0x0800b1ac      0x101 d:/sdk/arm/gnu_tool_arm_embedded/bin/../lib/gcc/arm-none-eabi/5.4.1/../../../../arm-none-eabi/lib/armv7e-m/fpu\libg.a(lib_a-ctype_.o)
                0x0800b1ac                _ctype_
                0x0800b2b0                . = ALIGN (0x4)
 *fill*         0x0800b2ad        0x3 

.ARM.extab      0x0800b2b0        0x0
                0x0800b2b0                . = ALIGN (0x4)
 *(.ARM.extab* .gnu.linkonce.armextab.*)
                0x0800b2b0                . = ALIGN (0x4)

.ARM            0x0800b2b0        0x8
                0x0800b2b0                . = ALIGN (0x4)
                0x0800b2b0                __exidx_start = .
 *(.ARM.exidx*)
 .ARM.exidx     0x0800b2b0        0x8 d:/sdk/arm/gnu_tool_arm_embedded/bin/../lib/gcc/arm-none-eabi/5.4.1/armv7e-m/fpu\libgcc.a(_udivmoddi4.o)
                0x0800b2b8                __exidx_end = .
                0x0800b2b8                . = ALIGN (0x4)

.rel.dyn        0x0800b2b8        0x0
 .rel.iplt      0x0800b2b8        0x0 d:/sdk/arm/gnu_tool_arm_embedded/bin/../lib/gcc/arm-none-eabi/5.4.1/armv7e-m/fpu/crtbegin.o

.preinit_array  0x0800b2b8        0x0
                0x0800b2b8                . = ALIGN (0x4)
                0x0800b2b8                PROVIDE (__preinit_array_start, .)
 *(.preinit_array*)
                0x0800b2b8                PROVIDE (__preinit_array_end, .)
                0x0800b2b8                . = ALIGN (0x4)

.init_array     0x0800b2b8        0x8
                0x0800b2b8                . = ALIGN (0x4)
                0x0800b2b8                PROVIDE (__init_array_start, .)
 *(SORT(.init_array.*))
 .init_array.00000
                0x0800b2b8        0x4 d:/sdk/arm/gnu_tool_arm_embedded/bin/../lib/gcc/arm-none-eabi/5.4.1/../../../../arm-none-eabi/lib/armv7e-m/fpu\libg.a(lib_a-__call_atexit.o)
 *(.init_array*)
 .init_array    0x0800b2bc        0x4 d:/sdk/arm/gnu_tool_arm_embedded/bin/../lib/gcc/arm-none-eabi/5.4.1/armv7e-m/fpu/crtbegin.o
                0x0800b2c0                PROVIDE (__init_array_end, .)
                0x0800b2c0                . = ALIGN (0x4)

.fini_array     0x0800b2c0        0x4
                0x0800b2c0                . = ALIGN (0x4)
                0x0800b2c0                PROVIDE (__fini_array_start, .)
 *(SORT(.fini_array.*))
 *(.fini_array*)
 .fini_array    0x0800b2c0        0x4 d:/sdk/arm/gnu_tool_arm_embedded/bin/../lib/gcc/arm-none-eabi/5.4.1/armv7e-m/fpu/crtbegin.o
                0x0800b2c4                PROVIDE (__fini_array_end, .)
                0x0800b2c4                . = ALIGN (0x4)
                0x0800b2c4                _sidata = LOADADDR (.data)

.data           0x20000000      0xaa8 load address 0x0800b2c4
                0x20000000                . = ALIGN (0x4)
                0x20000000                _sdata = .
 *(.data)
 *(.data*)
 .data.SystemCoreClock
                0x20000000        0x4 CMakeFiles/UWB-UAV-LABEL.elf.dir/Core/Src/system_stm32f4xx.c.obj
                0x20000000                SystemCoreClock
 .data.uwTickPrio
                0x20000004        0x4 CMakeFiles/UWB-UAV-LABEL.elf.dir/Drivers/STM32F4xx_HAL_Driver/Src/stm32f4xx_hal.c.obj
                0x20000004                uwTickPrio
 .data.uwTickFreq
                0x20000008        0x1 CMakeFiles/UWB-UAV-LABEL.elf.dir/Drivers/STM32F4xx_HAL_Driver/Src/stm32f4xx_hal.c.obj
                0x20000008                uwTickFreq
 *fill*         0x20000009        0x3 
 .data.USBD_CDC
                0x2000000c       0x38 CMakeFiles/UWB-UAV-LABEL.elf.dir/Middlewares/ST/STM32_USB_Device_Library/Class/CDC/Src/usbd_cdc.c.obj
                0x2000000c                USBD_CDC
 .data.USBD_CDC_DeviceQualifierDesc
                0x20000044        0xa CMakeFiles/UWB-UAV-LABEL.elf.dir/Middlewares/ST/STM32_USB_Device_Library/Class/CDC/Src/usbd_cdc.c.obj
 *fill*         0x2000004e        0x2 
 .data.USBD_CDC_CfgDesc
                0x20000050       0x43 CMakeFiles/UWB-UAV-LABEL.elf.dir/Middlewares/ST/STM32_USB_Device_Library/Class/CDC/Src/usbd_cdc.c.obj
 *fill*         0x20000093        0x1 
 .data.uxCriticalNesting
                0x20000094        0x4 CMakeFiles/UWB-UAV-LABEL.elf.dir/Middlewares/Third_Party/FreeRTOS/Source/portable/GCC/ARM_CM4F/port.c.obj
 .data.USBD_Interface_fops_FS
                0x20000098       0x14 CMakeFiles/UWB-UAV-LABEL.elf.dir/USB_DEVICE/App/usbd_cdc_if.c.obj
                0x20000098                USBD_Interface_fops_FS
 .data.FS_Desc  0x200000ac       0x1c CMakeFiles/UWB-UAV-LABEL.elf.dir/USB_DEVICE/App/usbd_desc.c.obj
                0x200000ac                FS_Desc
 .data.USBD_LangIDDesc
                0x200000c8        0x4 CMakeFiles/UWB-UAV-LABEL.elf.dir/USB_DEVICE/App/usbd_desc.c.obj
                0x200000c8                USBD_LangIDDesc
 .data.USBD_StringSerial
                0x200000cc       0x1a CMakeFiles/UWB-UAV-LABEL.elf.dir/USB_DEVICE/App/usbd_desc.c.obj
                0x200000cc                USBD_StringSerial
 *fill*         0x200000e6        0x2 
 .data.USBD_FS_DeviceDesc
                0x200000e8       0x12 CMakeFiles/UWB-UAV-LABEL.elf.dir/USB_DEVICE/App/usbd_desc.c.obj
                0x200000e8                USBD_FS_DeviceDesc
 *fill*         0x200000fa        0x6 
 .data.impure_data
                0x20000100      0x428 d:/sdk/arm/gnu_tool_arm_embedded/bin/../lib/gcc/arm-none-eabi/5.4.1/../../../../arm-none-eabi/lib/armv7e-m/fpu\libg.a(lib_a-impure.o)
 .data._impure_ptr
                0x20000528        0x4 d:/sdk/arm/gnu_tool_arm_embedded/bin/../lib/gcc/arm-none-eabi/5.4.1/../../../../arm-none-eabi/lib/armv7e-m/fpu\libg.a(lib_a-impure.o)
                0x20000528                _impure_ptr
 .data.__malloc_av_
                0x2000052c      0x408 d:/sdk/arm/gnu_tool_arm_embedded/bin/../lib/gcc/arm-none-eabi/5.4.1/../../../../arm-none-eabi/lib/armv7e-m/fpu\libg.a(lib_a-mallocr.o)
                0x2000052c                __malloc_av_
 .data.__malloc_trim_threshold
                0x20000934        0x4 d:/sdk/arm/gnu_tool_arm_embedded/bin/../lib/gcc/arm-none-eabi/5.4.1/../../../../arm-none-eabi/lib/armv7e-m/fpu\libg.a(lib_a-mallocr.o)
                0x20000934                __malloc_trim_threshold
 .data.__malloc_sbrk_base
                0x20000938        0x4 d:/sdk/arm/gnu_tool_arm_embedded/bin/../lib/gcc/arm-none-eabi/5.4.1/../../../../arm-none-eabi/lib/armv7e-m/fpu\libg.a(lib_a-mallocr.o)
                0x20000938                __malloc_sbrk_base
 .data.__global_locale
                0x2000093c      0x16c d:/sdk/arm/gnu_tool_arm_embedded/bin/../lib/gcc/arm-none-eabi/5.4.1/../../../../arm-none-eabi/lib/armv7e-m/fpu\libg.a(lib_a-locale.o)
                0x2000093c                __global_locale
 *(.RamFunc)
 *(.RamFunc*)
                0x20000aa8                . = ALIGN (0x4)
                0x20000aa8                _edata = .

.jcr            0x20000aa8        0x0 load address 0x0800bd6c
 .jcr           0x20000aa8        0x0 d:/sdk/arm/gnu_tool_arm_embedded/bin/../lib/gcc/arm-none-eabi/5.4.1/armv7e-m/fpu/crtbegin.o

.igot.plt       0x20000aa8        0x0 load address 0x0800bd6c
 .igot.plt      0x20000aa8        0x0 d:/sdk/arm/gnu_tool_arm_embedded/bin/../lib/gcc/arm-none-eabi/5.4.1/armv7e-m/fpu/crtbegin.o
                0x20000aa8                . = ALIGN (0x4)

.bss            0x20000aa8     0x66c8 load address 0x0800bd6c
                0x20000aa8                _sbss = .
                0x20000aa8                __bss_start__ = _sbss
 *(.bss)
 .bss           0x20000aa8       0x1c d:/sdk/arm/gnu_tool_arm_embedded/bin/../lib/gcc/arm-none-eabi/5.4.1/armv7e-m/fpu/crtbegin.o
 *(.bss*)
 .bss.defaultTaskHandle
                0x20000ac4        0x4 CMakeFiles/UWB-UAV-LABEL.elf.dir/Core/Src/freertos.c.obj
                0x20000ac4                defaultTaskHandle
 .bss.hspi1     0x20000ac8       0x58 CMakeFiles/UWB-UAV-LABEL.elf.dir/Core/Src/spi.c.obj
                0x20000ac8                hspi1
 .bss.htim1     0x20000b20       0x48 CMakeFiles/UWB-UAV-LABEL.elf.dir/Core/Src/stm32f4xx_hal_timebase_tim.c.obj
                0x20000b20                htim1
 .bss.__sbrk_heap_end
                0x20000b68        0x4 CMakeFiles/UWB-UAV-LABEL.elf.dir/Core/Src/sysmem.c.obj
 .bss.huart1    0x20000b6c       0x44 CMakeFiles/UWB-UAV-LABEL.elf.dir/Core/Src/usart.c.obj
                0x20000b6c                huart1
 .bss.uwTick    0x20000bb0        0x4 CMakeFiles/UWB-UAV-LABEL.elf.dir/Drivers/STM32F4xx_HAL_Driver/Src/stm32f4xx_hal.c.obj
                0x20000bb0                uwTick
 .bss.cfgidx.9157
                0x20000bb4        0x1 CMakeFiles/UWB-UAV-LABEL.elf.dir/Middlewares/ST/STM32_USB_Device_Library/Core/Src/usbd_ctlreq.c.obj
 *fill*         0x20000bb5        0x3 
 .bss.Timer_TCB.9118
                0x20000bb8      0x488 CMakeFiles/UWB-UAV-LABEL.elf.dir/Middlewares/Third_Party/FreeRTOS/Source/CMSIS_RTOS_V2/cmsis_os2.c.obj
 .bss.Idle_Stack.9112
                0x20001040      0x200 CMakeFiles/UWB-UAV-LABEL.elf.dir/Middlewares/Third_Party/FreeRTOS/Source/CMSIS_RTOS_V2/cmsis_os2.c.obj
 .bss.Timer_Stack.9119
                0x20001240      0x400 CMakeFiles/UWB-UAV-LABEL.elf.dir/Middlewares/Third_Party/FreeRTOS/Source/CMSIS_RTOS_V2/cmsis_os2.c.obj
 .bss.KernelState
                0x20001640        0x4 CMakeFiles/UWB-UAV-LABEL.elf.dir/Middlewares/Third_Party/FreeRTOS/Source/CMSIS_RTOS_V2/cmsis_os2.c.obj
 *fill*         0x20001644        0x4 
 .bss.Idle_TCB.9111
                0x20001648      0x488 CMakeFiles/UWB-UAV-LABEL.elf.dir/Middlewares/Third_Party/FreeRTOS/Source/CMSIS_RTOS_V2/cmsis_os2.c.obj
 .bss.ucMaxSysCallPriority
                0x20001ad0        0x1 CMakeFiles/UWB-UAV-LABEL.elf.dir/Middlewares/Third_Party/FreeRTOS/Source/portable/GCC/ARM_CM4F/port.c.obj
 *fill*         0x20001ad1        0x3 
 .bss.ulMaxPRIGROUPValue
                0x20001ad4        0x4 CMakeFiles/UWB-UAV-LABEL.elf.dir/Middlewares/Third_Party/FreeRTOS/Source/portable/GCC/ARM_CM4F/port.c.obj
 .bss.xNumberOfSuccessfulAllocations
                0x20001ad8        0x4 CMakeFiles/UWB-UAV-LABEL.elf.dir/Middlewares/Third_Party/FreeRTOS/Source/portable/MemMang/heap_4.c.obj
 .bss.xFreeBytesRemaining
                0x20001adc        0x4 CMakeFiles/UWB-UAV-LABEL.elf.dir/Middlewares/Third_Party/FreeRTOS/Source/portable/MemMang/heap_4.c.obj
 .bss.pxEnd     0x20001ae0        0x4 CMakeFiles/UWB-UAV-LABEL.elf.dir/Middlewares/Third_Party/FreeRTOS/Source/portable/MemMang/heap_4.c.obj
 .bss.xStart    0x20001ae4        0x8 CMakeFiles/UWB-UAV-LABEL.elf.dir/Middlewares/Third_Party/FreeRTOS/Source/portable/MemMang/heap_4.c.obj
 .bss.xNumberOfSuccessfulFrees
                0x20001aec        0x4 CMakeFiles/UWB-UAV-LABEL.elf.dir/Middlewares/Third_Party/FreeRTOS/Source/portable/MemMang/heap_4.c.obj
 .bss.ucHeap    0x20001af0     0x3c00 CMakeFiles/UWB-UAV-LABEL.elf.dir/Middlewares/Third_Party/FreeRTOS/Source/portable/MemMang/heap_4.c.obj
 .bss.xBlockAllocatedBit
                0x200056f0        0x4 CMakeFiles/UWB-UAV-LABEL.elf.dir/Middlewares/Third_Party/FreeRTOS/Source/portable/MemMang/heap_4.c.obj
 .bss.xMinimumEverFreeBytesRemaining
                0x200056f4        0x4 CMakeFiles/UWB-UAV-LABEL.elf.dir/Middlewares/Third_Party/FreeRTOS/Source/portable/MemMang/heap_4.c.obj
 .bss.xQueueRegistry
                0x200056f8       0x40 CMakeFiles/UWB-UAV-LABEL.elf.dir/Middlewares/Third_Party/FreeRTOS/Source/queue.c.obj
                0x200056f8                xQueueRegistry