Archive member included to satisfy reference by file (symbol)

d:/sdk/arm/gnu_tool_arm_embedded/bin/../lib/gcc/arm-none-eabi/5.4.1/armv7e-m/fpu\libgcc.a(_aeabi_uldivmod.o)
                              CMakeFiles/UWB-UAV-LABEL.elf.dir/Drivers/STM32F4xx_HAL_Driver/Src/stm32f4xx_hal_rcc.c.obj (__aeabi_uldivmod)
d:/sdk/arm/gnu_tool_arm_embedded/bin/../lib/gcc/arm-none-eabi/5.4.1/armv7e-m/fpu\libgcc.a(_udivmoddi4.o)
                              d:/sdk/arm/gnu_tool_arm_embedded/bin/../lib/gcc/arm-none-eabi/5.4.1/armv7e-m/fpu\libgcc.a(_aeabi_uldivmod.o) (__udivmoddi4)
d:/sdk/arm/gnu_tool_arm_embedded/bin/../lib/gcc/arm-none-eabi/5.4.1/armv7e-m/fpu\libgcc.a(_dvmd_tls.o)
                              d:/sdk/arm/gnu_tool_arm_embedded/bin/../lib/gcc/arm-none-eabi/5.4.1/armv7e-m/fpu\libgcc.a(_aeabi_uldivmod.o) (__aeabi_ldiv0)
d:/sdk/arm/gnu_tool_arm_embedded/bin/../lib/gcc/arm-none-eabi/5.4.1/../../../../arm-none-eabi/lib/armv7e-m/fpu\libg.a(lib_a-assert.o)
                              CMakeFiles/UWB-UAV-LABEL.elf.dir/DecaDriver/deca_device.c.obj (__assert_func)
d:/sdk/arm/gnu_tool_arm_embedded/bin/../lib/gcc/arm-none-eabi/5.4.1/../../../../arm-none-eabi/lib/armv7e-m/fpu\libg.a(lib_a-errno.o)
                              CMakeFiles/UWB-UAV-LABEL.elf.dir/Core/Src/syscalls.c.obj (__errno)
d:/sdk/arm/gnu_tool_arm_embedded/bin/../lib/gcc/arm-none-eabi/5.4.1/../../../../arm-none-eabi/lib/armv7e-m/fpu\libg.a(lib_a-exit.o)
                              d:/sdk/arm/gnu_tool_arm_embedded/bin/../lib/gcc/arm-none-eabi/5.4.1/../../../../arm-none-eabi/lib/armv7e-m/fpu/crt0.o (exit)
d:/sdk/arm/gnu_tool_arm_embedded/bin/../lib/gcc/arm-none-eabi/5.4.1/../../../../arm-none-eabi/lib/armv7e-m/fpu\libg.a(lib_a-fiprintf.o)
                              d:/sdk/arm/gnu_tool_arm_embedded/bin/../lib/gcc/arm-none-eabi/5.4.1/../../../../arm-none-eabi/lib/armv7e-m/fpu\libg.a(lib_a-assert.o) (fiprintf)
d:/sdk/arm/gnu_tool_arm_embedded/bin/../lib/gcc/arm-none-eabi/5.4.1/../../../../arm-none-eabi/lib/armv7e-m/fpu\libg.a(lib_a-impure.o)
                              d:/sdk/arm/gnu_tool_arm_embedded/bin/../lib/gcc/arm-none-eabi/5.4.1/../../../../arm-none-eabi/lib/armv7e-m/fpu\libg.a(lib_a-exit.o) (_global_impure_ptr)
d:/sdk/arm/gnu_tool_arm_embedded/bin/../lib/gcc/arm-none-eabi/5.4.1/../../../../arm-none-eabi/lib/armv7e-m/fpu\libg.a(lib_a-init.o)
                              d:/sdk/arm/gnu_tool_arm_embedded/bin/../lib/gcc/arm-none-eabi/5.4.1/../../../../arm-none-eabi/lib/armv7e-m/fpu/crt0.o (__libc_init_array)
d:/sdk/arm/gnu_tool_arm_embedded/bin/../lib/gcc/arm-none-eabi/5.4.1/../../../../arm-none-eabi/lib/armv7e-m/fpu\libg.a(lib_a-memcpy.o)
                              CMakeFiles/UWB-UAV-LABEL.elf.dir/Middlewares/Third_Party/FreeRTOS/Source/CMSIS_RTOS_V2/cmsis_os2.c.obj (memcpy)
d:/sdk/arm/gnu_tool_arm_embedded/bin/../lib/gcc/arm-none-eabi/5.4.1/../../../../arm-none-eabi/lib/armv7e-m/fpu\libg.a(lib_a-memset.o)
                              d:/sdk/arm/gnu_tool_arm_embedded/bin/../lib/gcc/arm-none-eabi/5.4.1/../../../../arm-none-eabi/lib/armv7e-m/fpu/crt0.o (memset)
d:/sdk/arm/gnu_tool_arm_embedded/bin/../lib/gcc/arm-none-eabi/5.4.1/../../../../arm-none-eabi/lib/armv7e-m/fpu\libg.a(lib_a-reent.o)
                              CMakeFiles/UWB-UAV-LABEL.elf.dir/Middlewares/Third_Party/FreeRTOS/Source/tasks.c.obj (_reclaim_reent)
d:/sdk/arm/gnu_tool_arm_embedded/bin/../lib/gcc/arm-none-eabi/5.4.1/../../../../arm-none-eabi/lib/armv7e-m/fpu\libg.a(lib_a-vfiprintf.o)
                              d:/sdk/arm/gnu_tool_arm_embedded/bin/../lib/gcc/arm-none-eabi/5.4.1/../../../../arm-none-eabi/lib/armv7e-m/fpu\libg.a(lib_a-fiprintf.o) (_vfiprintf_r)
d:/sdk/arm/gnu_tool_arm_embedded/bin/../lib/gcc/arm-none-eabi/5.4.1/../../../../arm-none-eabi/lib/armv7e-m/fpu\libg.a(lib_a-vsnprintf.o)
                              CMakeFiles/UWB-UAV-LABEL.elf.dir/User/Driver/Source/printf.c.obj (vsnprintf)
d:/sdk/arm/gnu_tool_arm_embedded/bin/../lib/gcc/arm-none-eabi/5.4.1/../../../../arm-none-eabi/lib/armv7e-m/fpu\libg.a(lib_a-wsetup.o)
                              d:/sdk/arm/gnu_tool_arm_embedded/bin/../lib/gcc/arm-none-eabi/5.4.1/../../../../arm-none-eabi/lib/armv7e-m/fpu\libg.a(lib_a-vfiprintf.o) (__swsetup_r)
d:/sdk/arm/gnu_tool_arm_embedded/bin/../lib/gcc/arm-none-eabi/5.4.1/../../../../arm-none-eabi/lib/armv7e-m/fpu\libg.a(lib_a-__call_atexit.o)
                              d:/sdk/arm/gnu_tool_arm_embedded/bin/../lib/gcc/arm-none-eabi/5.4.1/../../../../arm-none-eabi/lib/armv7e-m/fpu\libg.a(lib_a-exit.o) (__call_exitprocs)
d:/sdk/arm/gnu_tool_arm_embedded/bin/../lib/gcc/arm-none-eabi/5.4.1/../../../../arm-none-eabi/lib/armv7e-m/fpu\libg.a(lib_a-abort.o)
                              d:/sdk/arm/gnu_tool_arm_embedded/bin/../lib/gcc/arm-none-eabi/5.4.1/../../../../arm-none-eabi/lib/armv7e-m/fpu\libg.a(lib_a-assert.o) (abort)
d:/sdk/arm/gnu_tool_arm_embedded/bin/../lib/gcc/arm-none-eabi/5.4.1/../../../../arm-none-eabi/lib/armv7e-m/fpu\libg.a(lib_a-atexit.o)
[...]
Memory Configuration

Name             Origin             Length             Attributes
RAM              0x20000000         0x00010000         xrw
FLASH            0x08000000         0x00040000         xr
*default*        0x00000000         0xffffffff

Linker script and memory map

LOAD d:/sdk/arm/gnu_tool_arm_embedded/bin/../lib/gcc/arm-none-eabi/5.4.1/armv7e-m/fpu/crti.o
LOAD d:/sdk/arm/gnu_tool_arm_embedded/bin/../lib/gcc/arm-none-eabi/5.4.1/armv7e-m/fpu/crtbegin.o
LOAD d:/sdk/arm/gnu_tool_arm_embedded/bin/../lib/gcc/arm-none-eabi/5.4.1/../../../../arm-none-eabi/lib/armv7e-m/fpu/crt0.o
LOAD CMakeFiles/UWB-UAV-LABEL.elf.dir/Core/Src/freertos.c.obj
LOAD CMakeFiles/UWB-UAV-LABEL.elf.dir/Core/Src/gpio.c.obj
LOAD CMakeFiles/UWB-UAV-LABEL.elf.dir/Core/Src/main.c.obj
LOAD CMakeFiles/UWB-UAV-LABEL.elf.dir/Core/Src/spi.c.obj
LOAD CMakeFiles/UWB-UAV-LABEL.elf.dir/Core/Src/stm32f4xx_hal_msp.c.obj
LOAD CMakeFiles/UWB-UAV-LABEL.elf.dir/Core/Src/stm32f4xx_hal_timebase_tim.c.obj
LOAD CMakeFiles/UWB-UAV-LABEL.elf.dir/Core/Src/stm32f4xx_it.c.obj
LOAD CMakeFiles/UWB-UAV-LABEL.elf.dir/Core/Src/syscalls.c.obj
LOAD CMakeFiles/UWB-UAV-LABEL.elf.dir/Core/Src/sysmem.c.obj
LOAD CMakeFiles/UWB-UAV-LABEL.elf.dir/Core/Src/system_stm32f4xx.c.obj
LOAD CMakeFiles/UWB-UAV-LABEL.elf.dir/Core/Src/usart.c.obj
LOAD CMakeFiles/UWB-UAV-LABEL.elf.dir/Core/Startup/startup_stm32f401ccux.s.obj
LOAD CMakeFiles/UWB-UAV-LABEL.elf.dir/DecaDriver/deca_device.c.obj
LOAD CMakeFiles/UWB-UAV-LABEL.elf.dir/Drivers/STM32F4xx_HAL_Driver/Src/stm32f4xx_hal.c.obj
LOAD CMakeFiles/UWB-UAV-LABEL.elf.dir/Drivers/STM32F4xx_HAL_Driver/Src/stm32f4xx_hal_cortex.c.obj
LOAD CMakeFiles/UWB-UAV-LABEL.elf.dir/Drivers/STM32F4xx_HAL_Driver/Src/stm32f4xx_hal_dma.c.obj
LOAD CMakeFiles/UWB-UAV-LABEL.elf.dir/Drivers/STM32F4xx_HAL_Driver/Src/stm32f4xx_hal_dma_ex.c.obj
LOAD CMakeFiles/UWB-UAV-LABEL.elf.dir/Drivers/STM32F4xx_HAL_Driver/Src/stm32f4xx_hal_exti.c.obj
LOAD CMakeFiles/UWB-UAV-LABEL.elf.dir/Drivers/STM32F4xx_HAL_Driver/Src/stm32f4xx_hal_flash.c.obj
LOAD CMakeFiles/UWB-UAV-LABEL.elf.dir/Drivers/STM32F4xx_HAL_Driver/Src/stm32f4xx_hal_flash_ex.c.obj
LOAD CMakeFiles/UWB-UAV-LABEL.elf.dir/Drivers/STM32F4xx_HAL_Driver/Src/stm32f4xx_hal_flash_ramfunc.c.obj
LOAD CMakeFiles/UWB-UAV-LABEL.elf.dir/Drivers/STM32F4xx_HAL_Driver/Src/stm32f4xx_hal_gpio.c.obj
LOAD CMakeFiles/UWB-UAV-LABEL.elf.dir/Drivers/STM32F4xx_HAL_Driver/Src/stm32f4xx_hal_pcd.c.obj
LOAD CMakeFiles/UWB-UAV-LABEL.elf.dir/Drivers/STM32F4xx_HAL_Driver/Src/stm32f4xx_hal_pcd_ex.c.obj
LOAD CMakeFiles/UWB-UAV-LABEL.elf.dir/Drivers/STM32F4xx_HAL_Driver/Src/stm32f4xx_hal_pwr.c.obj
LOAD CMakeFiles/UWB-UAV-LABEL.elf.dir/Drivers/STM32F4xx_HAL_Driver/Src/stm32f4xx_hal_pwr_ex.c.obj
LOAD CMakeFiles/UWB-UAV-LABEL.elf.dir/Drivers/STM32F4xx_HAL_Driver/Src/stm32f4xx_hal_rcc.c.obj
LOAD CMakeFiles/UWB-UAV-LABEL.elf.dir/Drivers/STM32F4xx_HAL_Driver/Src/stm32f4xx_hal_rcc_ex.c.obj
LOAD CMakeFiles/UWB-UAV-LABEL.elf.dir/Drivers/STM32F4xx_HAL_Driver/Src/stm32f4xx_hal_spi.c.obj
LOAD CMakeFiles/UWB-UAV-LABEL.elf.dir/Drivers/STM32F4xx_HAL_Driver/Src/stm32f4xx_hal_tim.c.obj
LOAD CMakeFiles/UWB-UAV-LABEL.elf.dir/Drivers/STM32F4xx_HAL_Driver/Src/stm32f4xx_hal_tim_ex.c.obj
LOAD CMakeFiles/UWB-UAV-LABEL.elf.dir/Drivers/STM32F4xx_HAL_Driver/Src/stm32f4xx_hal_uart.c.obj
LOAD CMakeFiles/UWB-UAV-LABEL.elf.dir/Drivers/STM32F4xx_HAL_Driver/Src/stm32f4xx_ll_usb.c.obj
LOAD CMakeFiles/UWB-UAV-LABEL.elf.dir/Middlewares/ST/STM32_USB_Device_Library/Class/CDC/Src/usbd_cdc.c.obj
LOAD CMakeFiles/UWB-UAV-LABEL.elf.dir/Middlewares/ST/STM32_USB_Device_Library/Core/Src/usbd_core.c.obj
LOAD CMakeFiles/UWB-UAV-LABEL.elf.dir/Middlewares/ST/STM32_USB_Device_Library/Core/Src/usbd_ctlreq.c.obj
LOAD CMakeFiles/UWB-UAV-LABEL.elf.dir/Middlewares/ST/STM32_USB_Device_Library/Core/Src/usbd_ioreq.c.obj
LOAD CMakeFiles/UWB-UAV-LABEL.elf.dir/Middlewares/Third_Party/FreeRTOS/Source/CMSIS_RTOS_V2/cmsis_os2.c.obj
LOAD CMakeFiles/UWB-UAV-LABEL.elf.dir/Middlewares/Third_Party/FreeRTOS/Source/croutine.c.obj
LOAD CMakeFiles/UWB-UAV-LABEL.elf.dir/Middlewares/Third_Party/FreeRTOS/Source/event_groups.c.obj
LOAD CMakeFiles/UWB-UAV-LABEL.elf.dir/Middlewares/Third_Party/FreeRTOS/Source/list.c.obj
LOAD CMakeFiles/UWB-UAV-LABEL.elf.dir/Middlewares/Third_Party/FreeRTOS/Source/portable/GCC/ARM_CM4F/port.c.obj
LOAD CMakeFiles/UWB-UAV-LABEL.elf.dir/Middlewares/Third_Party/FreeRTOS/Source/portable/MemMang/heap_4.c.obj
LOAD CMakeFiles/UWB-UAV-LABEL.elf.dir/Middlewares/Third_Party/FreeRTOS/Source/queue.c.obj
LOAD CMakeFiles/UWB-UAV-LABEL.elf.dir/Middlewares/Third_Party/FreeRTOS/Source/stream_buffer.c.obj
LOAD CMakeFiles/UWB-UAV-LABEL.elf.dir/Middlewares/Third_Party/FreeRTOS/Source/tasks.c.obj
LOAD CMakeFiles/UWB-UAV-LABEL.elf.dir/Middlewares/Third_Party/FreeRTOS/Source/timers.c.obj
LOAD CMakeFiles/UWB-UAV-LABEL.elf.dir/USB_DEVICE/App/usb_device.c.obj
LOAD CMakeFiles/UWB-UAV-LABEL.elf.dir/USB_DEVICE/App/usbd_cdc_if.c.obj
LOAD CMakeFiles/UWB-UAV-LABEL.elf.dir/USB_DEVICE/App/usbd_desc.c.obj
LOAD CMakeFiles/UWB-UAV-LABEL.elf.dir/USB_DEVICE/Target/usbd_conf.c.obj
LOAD CMakeFiles/UWB-UAV-LABEL.elf.dir/User/Driver/Source/deca_conf.c.obj
LOAD CMakeFiles/UWB-UAV-LABEL.elf.dir/User/Driver/Source/deca_config_options.c.obj
LOAD CMakeFiles/UWB-UAV-LABEL.elf.dir/User/Driver/Source/deca_process.c.obj
LOAD CMakeFiles/UWB-UAV-LABEL.elf.dir/User/Driver/Source/deca_sleep.c.obj
LOAD CMakeFiles/UWB-UAV-LABEL.elf.dir/User/Driver/Source/deca_spi.c.obj
LOAD CMakeFiles/UWB-UAV-LABEL.elf.dir/User/Driver/Source/printf.c.obj
LOAD CMakeFiles/UWB-UAV-LABEL.elf.dir/User/Driver/Source/shared_functions.c.obj
START GROUP
LOAD d:/sdk/arm/gnu_tool_arm_embedded/bin/../lib/gcc/arm-none-eabi/5.4.1/armv7e-m/fpu\libgcc.a
LOAD d:/sdk/arm/gnu_tool_arm_embedded/bin/../lib/gcc/arm-none-eabi/5.4.1/../../../../arm-none-eabi/lib/armv7e-m/fpu\libg.a
LOAD d:/sdk/arm/gnu_tool_arm_embedded/bin/../lib/gcc/arm-none-eabi/5.4.1/../../../../arm-none-eabi/lib/armv7e-m/fpu\libc.a
END GROUP
LOAD d:/sdk/arm/gnu_tool_arm_embedded/bin/../lib/gcc/arm-none-eabi/5.4.1/armv7e-m/fpu/crtend.o
LOAD d:/sdk/arm/gnu_tool_arm_embedded/bin/../lib/gcc/arm-none-eabi/5.4.1/armv7e-m/fpu/crtn.o
                0x20010000                _estack = (ORIGIN (RAM) + LENGTH (RAM))
                0x00000200                _Min_Heap_Size = 0x200
                0x00000400                _Min_Stack_Size = 0x400

.isr_vector     0x08000000      0x194
                0x08000000                . = ALIGN (0x4)
 *(.isr_vector)
 .isr_vector    0x08000000      0x194 CMakeFiles/UWB-UAV-LABEL.elf.dir/Core/Startup/startup_stm32f401ccux.s.obj
                0x08000000                g_pfnVectors
                0x08000194                . = ALIGN (0x4)

.text           0x080001c0     0xdfbc
                0x080001c0                . = ALIGN (0x4)
 *(.text)
 .text          0x080001c0       0x5c d:/sdk/arm/gnu_tool_arm_embedded/bin/../lib/gcc/arm-none-eabi/5.4.1/armv7e-m/fpu/crtbegin.o
 .text          0x0800021c       0x30 d:/sdk/arm/gnu_tool_arm_embedded/bin/../lib/gcc/arm-none-eabi/5.4.1/armv7e-m/fpu\libgcc.a(_aeabi_uldivmod.o)
                0x0800021c                __aeabi_uldivmod
 .text          0x0800024c      0x2e4 d:/sdk/arm/gnu_tool_arm_embedded/bin/../lib/gcc/arm-none-eabi/5.4.1/armv7e-m/fpu\libgcc.a(_udivmoddi4.o)
                0x0800024c                __udivmoddi4
 .text          0x08000530        0x4 d:/sdk/arm/gnu_tool_arm_embedded/bin/../lib/gcc/arm-none-eabi/5.4.1/armv7e-m/fpu\libgcc.a(_dvmd_tls.o)
                0x08000530                __aeabi_idiv0
                0x08000530                __aeabi_ldiv0
 .text          0x08000534      0x134 d:/sdk/arm/gnu_tool_arm_embedded/bin/../lib/gcc/arm-none-eabi/5.4.1/../../../../arm-none-eabi/lib/armv7e-m/fpu\libg.a(lib_a-memcpy.o)
                0x08000534                memcpy
 *fill*         0x08000668        0x8 
 .text          0x08000670       0xa0 d:/sdk/arm/gnu_tool_arm_embedded/bin/../lib/gcc/arm-none-eabi/5.4.1/../../../../arm-none-eabi/lib/armv7e-m/fpu\libg.a(lib_a-memchr.o)
                0x08000670                memchr
 *fill*         0x08000710       0x30 
 .text          0x08000740       0xdc d:/sdk/arm/gnu_tool_arm_embedded/bin/../lib/gcc/arm-none-eabi/5.4.1/../../../../arm-none-eabi/lib/armv7e-m/fpu\libg.a(lib_a-strlen.o)
                0x08000740                strlen
 .text          0x0800081c      0x370 d:/sdk/arm/gnu_tool_arm_embedded/bin/../lib/gcc/arm-none-eabi/5.4.1/armv7e-m/fpu\libgcc.a(_arm_addsubdf3.o)
                0x0800081c                __aeabi_drsub
                0x08000824                __aeabi_dsub
                0x08000824                __subdf3
                0x08000828                __aeabi_dadd
                0x08000828                __adddf3
                0x08000aa0                __floatunsidf
                0x08000aa0                __aeabi_ui2d
                0x08000ac0                __floatsidf
                0x08000ac0                __aeabi_i2d
                0x08000ae4                __aeabi_f2d
                0x08000ae4                __extendsfdf2
                0x08000b20                __floatundidf
                0x08000b20                __aeabi_ul2d
                0x08000b30                __floatdidf
                0x08000b30                __aeabi_l2d
 .text          0x08000b8c      0x424 d:/sdk/arm/gnu_tool_arm_embedded/bin/../lib/gcc/arm-none-eabi/5.4.1/armv7e-m/fpu\libgcc.a(_arm_muldivdf3.o)
                0x08000b8c                __aeabi_dmul
                0x08000b8c                __muldf3
                0x08000de0                __divdf3
                0x08000de0                __aeabi_ddiv
 .text          0x08000fb0      0x110 d:/sdk/arm/gnu_tool_arm_embedded/bin/../lib/gcc/arm-none-eabi/5.4.1/armv7e-m/fpu\libgcc.a(_arm_cmpdf2.o)
                0x08000fb0                __gtdf2
                0x08000fb0                __gedf2
                0x08000fb8                __ltdf2
                0x08000fb8                __ledf2
                0x08000fc0                __nedf2
                0x08000fc0                __eqdf2
                0x08000fc0                __cmpdf2
                0x0800103c                __aeabi_cdrcmple
                0x0800104c                __aeabi_cdcmpeq
                0x0800104c                __aeabi_cdcmple
                0x0800105c                __aeabi_dcmpeq
                0x08001070                __aeabi_dcmplt
                0x08001084                __aeabi_dcmple
                0x08001098                __aeabi_dcmpge
                0x080010ac                __aeabi_dcmpgt
 .text          0x080010c0       0x2c d:/sdk/arm/gnu_tool_arm_embedded/bin/../lib/gcc/arm-none-eabi/5.4.1/armv7e-m/fpu\libgcc.a(_arm_unorddf2.o)
                0x080010c0                __unorddf2
                0x080010c0                __aeabi_dcmpun
 .text          0x080010ec       0x50 d:/sdk/arm/gnu_tool_arm_embedded/bin/../lib/gcc/arm-none-eabi/5.4.1/armv7e-m/fpu\libgcc.a(_arm_fixdfsi.o)
                0x080010ec                __aeabi_d2iz
                0x080010ec                __fixdfsi
 *(.text*)
 .text.StartDefaultTask
                0x0800113c       0x24 CMakeFiles/UWB-UAV-LABEL.elf.dir/Core/Src/freertos.c.obj
                0x0800113c                StartDefaultTask
 .text.MX_FREERTOS_Init
                0x08001160       0x20 CMakeFiles/UWB-UAV-LABEL.elf.dir/Core/Src/freertos.c.obj
                0x08001160                MX_FREERTOS_Init
 .text.MX_GPIO_Init
                0x08001180       0xc0 CMakeFiles/UWB-UAV-LABEL.elf.dir/Core/Src/gpio.c.obj
                0x08001180                MX_GPIO_Init
 .text.HAL_TIM_PeriodElapsedCallback
                0x08001240       0x14 CMakeFiles/UWB-UAV-LABEL.elf.dir/Core/Src/main.c.obj
                0x08001240                HAL_TIM_PeriodElapsedCallback
 .text.Error_Handler
                0x08001254        0x4 CMakeFiles/UWB-UAV-LABEL.elf.dir/Core/Src/main.c.obj
                0x08001254                Error_Handler
 .text.SystemClock_Config
                0x08001258       0xa8 CMakeFiles/UWB-UAV-LABEL.elf.dir/Core/Src/main.c.obj
                0x08001258                SystemClock_Config
 .text.main     0x08001300       0x38 CMakeFiles/UWB-UAV-LABEL.elf.dir/Core/Src/main.c.obj
                0x08001300                main
 .text.MX_SPI1_Init
                0x08001338       0x40 CMakeFiles/UWB-UAV-LABEL.elf.dir/Core/Src/spi.c.obj
                0x08001338                MX_SPI1_Init
 .text.HAL_SPI_MspInit
                0x08001378       0x6c CMakeFiles/UWB-UAV-LABEL.elf.dir/Core/Src/spi.c.obj
                0x08001378                HAL_SPI_MspInit
 .text.HAL_MspInit
                0x080013e4       0x44 CMakeFiles/UWB-UAV-LABEL.elf.dir/Core/Src/stm32f4xx_hal_msp.c.obj
                0x080013e4                HAL_MspInit
 .text.HAL_InitTick
                0x08001428       0x78 CMakeFiles/UWB-UAV-LABEL.elf.dir/Core/Src/stm32f4xx_hal_timebase_tim.c.obj
                0x08001428                HAL_InitTick
 .text.NMI_Handler
                0x080014a0        0x4 CMakeFiles/UWB-UAV-LABEL.elf.dir/Core/Src/stm32f4xx_it.c.obj
                0x080014a0                NMI_Handler
 .text.HardFault_Handler
                0x080014a4        0x4 CMakeFiles/UWB-UAV-LABEL.elf.dir/Core/Src/stm32f4xx_it.c.obj
                0x080014a4                HardFault_Handler
 .text.MemManage_Handler
                0x080014a8        0x4 CMakeFiles/UWB-UAV-LABEL.elf.dir/Core/Src/stm32f4xx_it.c.obj
                0x080014a8                MemManage_Handler
 .text.BusFault_Handler
                0x080014ac        0x4 CMakeFiles/UWB-UAV-LABEL.elf.dir/Core/Src/stm32f4xx_it.c.obj
                0x080014ac                BusFault_Handler
 .text.UsageFault_Handler
                0x080014b0        0x4 CMakeFiles/UWB-UAV-LABEL.elf.dir/Core/Src/stm32f4xx_it.c.obj
                0x080014b0                UsageFault_Handler
 .text.DebugMon_Handler
                0x080014b4        0x4 CMakeFiles/UWB-UAV-LABEL.elf.dir/Core/Src/stm32f4xx_it.c.obj
                0x080014b4                DebugMon_Handler
 .text.EXTI0_IRQHandler
                0x080014b8       0x10 CMakeFiles/UWB-UAV-LABEL.elf.dir/Core/Src/stm32f4xx_it.c.obj
                0x080014b8                EXTI0_IRQHandler
 .text.TIM1_UP_TIM10_IRQHandler
                0x080014c8       0x10 CMakeFiles/UWB-UAV-LABEL.elf.dir/Core/Src/stm32f4xx_it.c.obj
                0x080014c8                TIM1_UP_TIM10_IRQHandler
 .text.OTG_FS_IRQHandler
                0x080014d8       0x10 CMakeFiles/UWB-UAV-LABEL.elf.dir/Core/Src/stm32f4xx_it.c.obj
                0x080014d8                OTG_FS_IRQHandler
 .text._getpid  0x080014e8        0x4 CMakeFiles/UWB-UAV-LABEL.elf.dir/Core/Src/syscalls.c.obj
                0x080014e8                _getpid
 .text._kill    0x080014ec       0x10 CMakeFiles/UWB-UAV-LABEL.elf.dir/Core/Src/syscalls.c.obj
                0x080014ec                _kill
 .text._exit    0x080014fc        0xc CMakeFiles/UWB-UAV-LABEL.elf.dir/Core/Src/syscalls.c.obj
                0x080014fc                _exit
 .text._read    0x08001508       0x20 CMakeFiles/UWB-UAV-LABEL.elf.dir/Core/Src/syscalls.c.obj
                0x08001508                _read
 .text._write   0x08001528       0x1c CMakeFiles/UWB-UAV-LABEL.elf.dir/Core/Src/syscalls.c.obj
                0x08001528                _write
 .text._close   0x08001544        0x8 CMakeFiles/UWB-UAV-LABEL.elf.dir/Core/Src/syscalls.c.obj
                0x08001544                _close
 .text._fstat   0x0800154c        0xc CMakeFiles/UWB-UAV-LABEL.elf.dir/Core/Src/syscalls.c.obj
                0x0800154c                _fstat
 .text._isatty  0x08001558        0x4 CMakeFiles/UWB-UAV-LABEL.elf.dir/Core/Src/syscalls.c.obj
                0x08001558                _isatty
 .text._lseek   0x0800155c        0x4 CMakeFiles/UWB-UAV-LABEL.elf.dir/Core/Src/syscalls.c.obj
                0x0800155c                _lseek
 .text._sbrk    0x08001560       0x44 CMakeFiles/UWB-UAV-LABEL.elf.dir/Core/Src/sysmem.c.obj
                0x08001560                _sbrk
 .text.SystemInit
                0x080015a4       0x14 CMakeFiles/UWB-UAV-LABEL.elf.dir/Core/Src/system_stm32f4xx.c.obj
                0x080015a4                SystemInit
 .text.MX_USART1_UART_Init
                0x080015b8       0x34 CMakeFiles/UWB-UAV-LABEL.elf.dir/Core/Src/usart.c.obj
                0x080015b8                MX_USART1_UART_Init
 .text.HAL_UART_MspInit
                0x080015ec       0x70 CMakeFiles/UWB-UAV-LABEL.elf.dir/Core/Src/usart.c.obj
                0x080015ec                HAL_UART_MspInit
 .text.Reset_Handler
                0x0800165c       0x50 CMakeFiles/UWB-UAV-LABEL.elf.dir/Core/Startup/startup_stm32f401ccux.s.obj
                0x0800165c                Reset_Handler
 .text.Default_Handler
                0x080016ac        0x2 CMakeFiles/UWB-UAV-LABEL.elf.dir/Core/Startup/startup_stm32f401ccux.s.obj
                0x080016ac                RTC_Alarm_IRQHandler
                0x080016ac                EXTI2_IRQHandler
                0x080016ac                SPI4_IRQHandler
                0x080016ac                TIM1_CC_IRQHandler
                0x080016ac                DMA2_Stream5_IRQHandler
                0x080016ac                DMA1_Stream5_IRQHandler
                0x080016ac                PVD_IRQHandler
                0x080016ac                SDIO_IRQHandler
                0x080016ac                TAMP_STAMP_IRQHandler
                0x080016ac                EXTI3_IRQHandler
                0x080016ac                I2C3_ER_IRQHandler
                0x080016ac                I2C2_EV_IRQHandler
                0x080016ac                DMA1_Stream2_IRQHandler
                0x080016ac                FPU_IRQHandler
                0x080016ac                DMA2_Stream2_IRQHandler
                0x080016ac                SPI1_IRQHandler
                0x080016ac                TIM1_BRK_TIM9_IRQHandler
                0x080016ac                DMA2_Stream3_IRQHandler
                0x080016ac                USART6_IRQHandler
                0x080016ac                DMA2_Stream0_IRQHandler
                0x080016ac                TIM4_IRQHandler
                0x080016ac                I2C1_EV_IRQHandler
                0x080016ac                DMA1_Stream6_IRQHandler
                0x080016ac                DMA1_Stream1_IRQHandler
                0x080016ac                TIM3_IRQHandler
                0x080016ac                RCC_IRQHandler
                0x080016ac                Default_Handler
                0x080016ac                EXTI15_10_IRQHandler
                0x080016ac                ADC_IRQHandler
                0x080016ac                DMA1_Stream7_IRQHandler
                0x080016ac                TIM5_IRQHandler
                0x080016ac                DMA2_Stream7_IRQHandler
                0x080016ac                I2C3_EV_IRQHandler
                0x080016ac                EXTI9_5_IRQHandler
                0x080016ac                RTC_WKUP_IRQHandler
                0x080016ac                SPI2_IRQHandler
                0x080016ac                DMA1_Stream0_IRQHandler
                0x080016ac                EXTI4_IRQHandler
                0x080016ac                WWDG_IRQHandler
                0x080016ac                TIM2_IRQHandler
                0x080016ac                OTG_FS_WKUP_IRQHandler
                0x080016ac                TIM1_TRG_COM_TIM11_IRQHandler
                0x080016ac                EXTI1_IRQHandler
                0x080016ac                USART2_IRQHandler
                0x080016ac                I2C2_ER_IRQHandler
                0x080016ac                DMA2_Stream1_IRQHandler
                0x080016ac                FLASH_IRQHandler
                0x080016ac                DMA2_Stream4_IRQHandler
                0x080016ac                USART1_IRQHandler
                0x080016ac                SPI3_IRQHandler
                0x080016ac                DMA1_Stream4_IRQHandler
                0x080016ac                I2C1_ER_IRQHandler
                0x080016ac                DMA2_Stream6_IRQHandler
                0x080016ac                DMA1_Stream3_IRQHandler
 *fill*         0x080016ae        0x2 
 .text.get_sts_mnth
                0x080016b0       0x28 CMakeFiles/UWB-UAV-LABEL.elf.dir/DecaDriver/deca_device.c.obj
 .text.dwt_generatecrc8
                0x080016d8       0x20 CMakeFiles/UWB-UAV-LABEL.elf.dir/DecaDriver/deca_device.c.obj
                0x080016d8                dwt_generatecrc8
 .text.dwt_xfer3000
                0x080016f8      0x15c CMakeFiles/UWB-UAV-LABEL.elf.dir/DecaDriver/deca_device.c.obj
 .text.dwt_writetodevice
                0x08001854       0x14 CMakeFiles/UWB-UAV-LABEL.elf.dir/DecaDriver/deca_device.c.obj
                0x08001854                dwt_writetodevice
 .text.dwt_write32bitoffsetreg
                0x08001868       0x28 CMakeFiles/UWB-UAV-LABEL.elf.dir/DecaDriver/deca_device.c.obj
                0x08001868                dwt_write32bitoffsetreg
 .text.dwt_disable_rftx_blocks
                0x08001890       0x14 CMakeFiles/UWB-UAV-LABEL.elf.dir/DecaDriver/deca_device.c.obj
 .text.dwt_disable_rf_tx
                0x080018a4       0x34 CMakeFiles/UWB-UAV-LABEL.elf.dir/DecaDriver/deca_device.c.obj
 .text.dwt_write16bitoffsetreg
                0x080018d8       0x20 CMakeFiles/UWB-UAV-LABEL.elf.dir/DecaDriver/deca_device.c.obj
                0x080018d8                dwt_write16bitoffsetreg
 .text.dwt_force_clocks
                0x080018f8       0x2c CMakeFiles/UWB-UAV-LABEL.elf.dir/DecaDriver/deca_device.c.obj
 .text.dwt_write8bitoffsetreg
                0x08001924       0x18 CMakeFiles/UWB-UAV-LABEL.elf.dir/DecaDriver/deca_device.c.obj
                0x08001924                dwt_write8bitoffsetreg
 .text.dwt_readfromdevice
                0x0800193c       0x10 CMakeFiles/UWB-UAV-LABEL.elf.dir/DecaDriver/deca_device.c.obj
                0x0800193c                dwt_readfromdevice
 .text.dwt_read32bitoffsetreg
                0x0800194c       0x2c CMakeFiles/UWB-UAV-LABEL.elf.dir/DecaDriver/deca_device.c.obj
                0x0800194c                dwt_read32bitoffsetreg
 .text._dwt_otpread
                0x08001978       0x3c CMakeFiles/UWB-UAV-LABEL.elf.dir/DecaDriver/deca_device.c.obj
 .text.dwt_read16bitoffsetreg
                0x080019b4       0x24 CMakeFiles/UWB-UAV-LABEL.elf.dir/DecaDriver/deca_device.c.obj
                0x080019b4                dwt_read16bitoffsetreg
 .text.dwt_read8bitoffsetreg
                0x080019d8       0x1c CMakeFiles/UWB-UAV-LABEL.elf.dir/DecaDriver/deca_device.c.obj
                0x080019d8                dwt_read8bitoffsetreg
 .text.dwt_modify32bitoffsetreg
                0x080019f4       0x4c CMakeFiles/UWB-UAV-LABEL.elf.dir/DecaDriver/deca_device.c.obj
                0x080019f4                dwt_modify32bitoffsetreg
 .text._dwt_kick_dgc_on_wakeup
                0x08001a40       0x30 CMakeFiles/UWB-UAV-LABEL.elf.dir/DecaDriver/deca_device.c.obj
 .text.dwt_enable_rf_tx
                0x08001a70       0x70 CMakeFiles/UWB-UAV-LABEL.elf.dir/DecaDriver/deca_device.c.obj
 .text.dwt_enable_rftx_blocks
                0x08001ae0       0x38 CMakeFiles/UWB-UAV-LABEL.elf.dir/DecaDriver/deca_device.c.obj
 .text.dwt_modify16bitoffsetreg
                0x08001b18       0x30 CMakeFiles/UWB-UAV-LABEL.elf.dir/DecaDriver/deca_device.c.obj
                0x08001b18                dwt_modify16bitoffsetreg
 .text._dwt_prog_ldo_and_bias_tune
                0x08001b48       0x34 CMakeFiles/UWB-UAV-LABEL.elf.dir/DecaDriver/deca_device.c.obj
 .text.dwt_modify8bitoffsetreg
                0x08001b7c       0x24 CMakeFiles/UWB-UAV-LABEL.elf.dir/DecaDriver/deca_device.c.obj
                0x08001b7c                dwt_modify8bitoffsetreg
 .text.dwt_setdwstate
                0x08001ba0       0x84 CMakeFiles/UWB-UAV-LABEL.elf.dir/DecaDriver/deca_device.c.obj
                0x08001ba0                dwt_setdwstate
 .text.dwt_readdevid
                0x08001c24        0xc CMakeFiles/UWB-UAV-LABEL.elf.dir/DecaDriver/deca_device.c.obj
                0x08001c24                dwt_readdevid
 .text.dwt_configmrxlut
                0x08001c30       0xec CMakeFiles/UWB-UAV-LABEL.elf.dir/DecaDriver/deca_device.c.obj
                0x08001c30                dwt_configmrxlut
 .text.dwt_run_pgfcal
                0x08001d1c       0xac CMakeFiles/UWB-UAV-LABEL.elf.dir/DecaDriver/deca_device.c.obj
                0x08001d1c                dwt_run_pgfcal
 .text.dwt_pgf_cal
                0x08001dc8       0x44 CMakeFiles/UWB-UAV-LABEL.elf.dir/DecaDriver/deca_device.c.obj
                0x08001dc8                dwt_pgf_cal
 .text.dwt_setrxantennadelay
                0x08001e0c       0x10 CMakeFiles/UWB-UAV-LABEL.elf.dir/DecaDriver/deca_device.c.obj
                0x08001e0c                dwt_setrxantennadelay
 .text.dwt_settxantennadelay
                0x08001e1c       0x14 CMakeFiles/UWB-UAV-LABEL.elf.dir/DecaDriver/deca_device.c.obj
                0x08001e1c                dwt_settxantennadelay
 .text.dwt_setplenfine
                0x08001e30       0x10 CMakeFiles/UWB-UAV-LABEL.elf.dir/DecaDriver/deca_device.c.obj
                0x08001e30                dwt_setplenfine
 .text.dwt_configure
                0x08001e40      0x374 CMakeFiles/UWB-UAV-LABEL.elf.dir/DecaDriver/deca_device.c.obj
                0x08001e40                dwt_configure
 .text.dwt_setpanid
                0x080021b4       0x10 CMakeFiles/UWB-UAV-LABEL.elf.dir/DecaDriver/deca_device.c.obj
                0x080021b4                dwt_setpanid
 .text.dwt_setaddress16
                0x080021c4       0x10 CMakeFiles/UWB-UAV-LABEL.elf.dir/DecaDriver/deca_device.c.obj
                0x080021c4                dwt_setaddress16
 .text.dwt_check_dev_id
                0x080021d4       0x24 CMakeFiles/UWB-UAV-LABEL.elf.dir/DecaDriver/deca_device.c.obj
                0x080021d4                dwt_check_dev_id
 .text.dwt_initialise
                0x080021f8      0x124 CMakeFiles/UWB-UAV-LABEL.elf.dir/DecaDriver/deca_device.c.obj
                0x080021f8                dwt_initialise
 .text.dwt_checkidlerc
                0x0800231c       0x10 CMakeFiles/UWB-UAV-LABEL.elf.dir/DecaDriver/deca_device.c.obj
                0x0800231c                dwt_checkidlerc
 .text.dwt_setinterrupt
                0x0800232c       0x6c CMakeFiles/UWB-UAV-LABEL.elf.dir/DecaDriver/deca_device.c.obj
                0x0800232c                dwt_setinterrupt
 .text.dwt_calcbandwidthadj
                0x08002398       0x6c CMakeFiles/UWB-UAV-LABEL.elf.dir/DecaDriver/deca_device.c.obj
                0x08002398                dwt_calcbandwidthadj
 .text.dwt_configuretxrf
                0x08002404       0x48 CMakeFiles/UWB-UAV-LABEL.elf.dir/DecaDriver/deca_device.c.obj
                0x08002404                dwt_configuretxrf
 .text.HAL_Init
                0x0800244c       0x34 CMakeFiles/UWB-UAV-LABEL.elf.dir/Drivers/STM32F4xx_HAL_Driver/Src/stm32f4xx_hal.c.obj
                0x0800244c                HAL_Init
 .text.HAL_IncTick
                0x08002480       0x18 CMakeFiles/UWB-UAV-LABEL.elf.dir/Drivers/STM32F4xx_HAL_Driver/Src/stm32f4xx_hal.c.obj
                0x08002480                HAL_IncTick
 .text.HAL_GetTick
                0x08002498        0xc CMakeFiles/UWB-UAV-LABEL.elf.dir/Drivers/STM32F4xx_HAL_Driver/Src/stm32f4xx_hal.c.obj
                0x08002498                HAL_GetTick
 .text.HAL_Delay
                0x080024a4       0x28 CMakeFiles/UWB-UAV-LABEL.elf.dir/Drivers/STM32F4xx_HAL_Driver/Src/stm32f4xx_hal.c.obj
                0x080024a4                HAL_Delay
 .text.HAL_NVIC_SetPriorityGrouping
                0x080024cc       0x24 CMakeFiles/UWB-UAV-LABEL.elf.dir/Drivers/STM32F4xx_HAL_Driver/Src/stm32f4xx_hal_cortex.c.obj
                0x080024cc                HAL_NVIC_SetPriorityGrouping
 .text.HAL_NVIC_SetPriority
                0x080024f0       0x64 CMakeFiles/UWB-UAV-LABEL.elf.dir/Drivers/STM32F4xx_HAL_Driver/Src/stm32f4xx_hal_cortex.c.obj
                0x080024f0                HAL_NVIC_SetPriority
 .text.HAL_NVIC_EnableIRQ
                0x08002554       0x1c CMakeFiles/UWB-UAV-LABEL.elf.dir/Drivers/STM32F4xx_HAL_Driver/Src/stm32f4xx_hal_cortex.c.obj
                0x08002554                HAL_NVIC_EnableIRQ
 .text.HAL_GPIO_Init
                0x08002570      0x1ac CMakeFiles/UWB-UAV-LABEL.elf.dir/Drivers/STM32F4xx_HAL_Driver/Src/stm32f4xx_hal_gpio.c.obj
                0x08002570                HAL_GPIO_Init
 .text.HAL_GPIO_WritePin
                0x0800271c        0xc CMakeFiles/UWB-UAV-LABEL.elf.dir/Drivers/STM32F4xx_HAL_Driver/Src/stm32f4xx_hal_gpio.c.obj
                0x0800271c                HAL_GPIO_WritePin
 .text.HAL_GPIO_EXTI_Callback
                0x08002728        0x4 CMakeFiles/UWB-UAV-LABEL.elf.dir/Drivers/STM32F4xx_HAL_Driver/Src/stm32f4xx_hal_gpio.c.obj
                0x08002728                HAL_GPIO_EXTI_Callback
 .text.HAL_GPIO_EXTI_IRQHandler
                0x0800272c       0x18 CMakeFiles/UWB-UAV-LABEL.elf.dir/Drivers/STM32F4xx_HAL_Driver/Src/stm32f4xx_hal_gpio.c.obj
                0x0800272c                HAL_GPIO_EXTI_IRQHandler
 .text.PCD_WriteEmptyTxFifo
                0x08002744       0xd4 CMakeFiles/UWB-UAV-LABEL.elf.dir/Drivers/STM32F4xx_HAL_Driver/Src/stm32f4xx_hal_pcd.c.obj
 .text.HAL_PCD_Init
                0x08002818      0x128 CMakeFiles/UWB-UAV-LABEL.elf.dir/Drivers/STM32F4xx_HAL_Driver/Src/stm32f4xx_hal_pcd.c.obj
                0x08002818                HAL_PCD_Init
 .text.HAL_PCD_Start
                0x08002940       0x40 CMakeFiles/UWB-UAV-LABEL.elf.dir/Drivers/STM32F4xx_HAL_Driver/Src/stm32f4xx_hal_pcd.c.obj
                0x08002940                HAL_PCD_Start
 .text.PCD_EP_OutXfrComplete_int
                0x08002980      0x100 CMakeFiles/UWB-UAV-LABEL.elf.dir/Drivers/STM32F4xx_HAL_Driver/Src/stm32f4xx_hal_pcd.c.obj
 .text.PCD_EP_OutSetupPacket_int
                0x08002a80       0x4c CMakeFiles/UWB-UAV-LABEL.elf.dir/Drivers/STM32F4xx_HAL_Driver/Src/stm32f4xx_hal_pcd.c.obj
 .text.HAL_PCD_SetAddress
                0x08002acc       0x28 CMakeFiles/UWB-UAV-LABEL.elf.dir/Drivers/STM32F4xx_HAL_Driver/Src/stm32f4xx_hal_pcd.c.obj
                0x08002acc                HAL_PCD_SetAddress
 .text.HAL_PCD_EP_Open
                0x08002af4       0x80 CMakeFiles/UWB-UAV-LABEL.elf.dir/Drivers/STM32F4xx_HAL_Driver/Src/stm32f4xx_hal_pcd.c.obj
                0x08002af4                HAL_PCD_EP_Open
 .text.HAL_PCD_EP_Close
                0x08002b74       0x70 CMakeFiles/UWB-UAV-LABEL.elf.dir/Drivers/STM32F4xx_HAL_Driver/Src/stm32f4xx_hal_pcd.c.obj
                0x08002b74                HAL_PCD_EP_Close
 .text.HAL_PCD_EP_Receive
                0x08002be4       0x5c CMakeFiles/UWB-UAV-LABEL.elf.dir/Drivers/STM32F4xx_HAL_Driver/Src/stm32f4xx_hal_pcd.c.obj
                0x08002be4                HAL_PCD_EP_Receive
 .text.HAL_PCD_EP_GetRxCount
                0x08002c40       0x14 CMakeFiles/UWB-UAV-LABEL.elf.dir/Drivers/STM32F4xx_HAL_Driver/Src/stm32f4xx_hal_pcd.c.obj
                0x08002c40                HAL_PCD_EP_GetRxCount
 .text.HAL_PCD_EP_Transmit
                0x08002c54       0x54 CMakeFiles/UWB-UAV-LABEL.elf.dir/Drivers/STM32F4xx_HAL_Driver/Src/stm32f4xx_hal_pcd.c.obj
                0x08002c54                HAL_PCD_EP_Transmit
 .text.HAL_PCD_EP_SetStall
                0x08002ca8       0x80 CMakeFiles/UWB-UAV-LABEL.elf.dir/Drivers/STM32F4xx_HAL_Driver/Src/stm32f4xx_hal_pcd.c.obj
                0x08002ca8                HAL_PCD_EP_SetStall
 .text.HAL_PCD_EP_ClrStall
                0x08002d28       0x70 CMakeFiles/UWB-UAV-LABEL.elf.dir/Drivers/STM32F4xx_HAL_Driver/Src/stm32f4xx_hal_pcd.c.obj
                0x08002d28                HAL_PCD_EP_ClrStall
 .text.HAL_PCD_EP_Abort
                0x08002d98       0x38 CMakeFiles/UWB-UAV-LABEL.elf.dir/Drivers/STM32F4xx_HAL_Driver/Src/stm32f4xx_hal_pcd.c.obj
                0x08002d98                HAL_PCD_EP_Abort
 .text.HAL_PCD_IRQHandler
                0x08002dd0      0x5b0 CMakeFiles/UWB-UAV-LABEL.elf.dir/Drivers/STM32F4xx_HAL_Driver/Src/stm32f4xx_hal_pcd.c.obj
                0x08002dd0                HAL_PCD_IRQHandler
 .text.HAL_PCDEx_SetTxFiFo
                0x08003380       0x48 CMakeFiles/UWB-UAV-LABEL.elf.dir/Drivers/STM32F4xx_HAL_Driver/Src/stm32f4xx_hal_pcd_ex.c.obj
                0x08003380                HAL_PCDEx_SetTxFiFo
 .text.HAL_PCDEx_SetRxFiFo
                0x080033c8        0x8 CMakeFiles/UWB-UAV-LABEL.elf.dir/Drivers/STM32F4xx_HAL_Driver/Src/stm32f4xx_hal_pcd_ex.c.obj
                0x080033c8                HAL_PCDEx_SetRxFiFo
 .text.HAL_PCDEx_LPM_Callback
                0x080033d0        0x4 CMakeFiles/UWB-UAV-LABEL.elf.dir/Drivers/STM32F4xx_HAL_Driver/Src/stm32f4xx_hal_pcd_ex.c.obj
                0x080033d0                HAL_PCDEx_LPM_Callback
 .text.HAL_RCC_OscConfig
                0x080033d4      0x428 CMakeFiles/UWB-UAV-LABEL.elf.dir/Drivers/STM32F4xx_HAL_Driver/Src/stm32f4xx_hal_rcc.c.obj
                0x080033d4                HAL_RCC_OscConfig
 .text.HAL_RCC_GetSysClockFreq
                0x080037fc       0xc0 CMakeFiles/UWB-UAV-LABEL.elf.dir/Drivers/STM32F4xx_HAL_Driver/Src/stm32f4xx_hal_rcc.c.obj
                0x080037fc                HAL_RCC_GetSysClockFreq
 .text.HAL_RCC_ClockConfig
                0x080038bc      0x168 CMakeFiles/UWB-UAV-LABEL.elf.dir/Drivers/STM32F4xx_HAL_Driver/Src/stm32f4xx_hal_rcc.c.obj
                0x080038bc                HAL_RCC_ClockConfig
 .text.HAL_RCC_GetHCLKFreq
                0x08003a24        0xc CMakeFiles/UWB-UAV-LABEL.elf.dir/Drivers/STM32F4xx_HAL_Driver/Src/stm32f4xx_hal_rcc.c.obj
                0x08003a24                HAL_RCC_GetHCLKFreq
 .text.HAL_RCC_GetPCLK1Freq
                0x08003a30       0x20 CMakeFiles/UWB-UAV-LABEL.elf.dir/Drivers/STM32F4xx_HAL_Driver/Src/stm32f4xx_hal_rcc.c.obj
                0x08003a30                HAL_RCC_GetPCLK1Freq
 .text.HAL_RCC_GetPCLK2Freq
                0x08003a50       0x20 CMakeFiles/UWB-UAV-LABEL.elf.dir/Drivers/STM32F4xx_HAL_Driver/Src/stm32f4xx_hal_rcc.c.obj
                0x08003a50                HAL_RCC_GetPCLK2Freq
 .text.HAL_RCC_GetClockConfig
                0x08003a70       0x3c CMakeFiles/UWB-UAV-LABEL.elf.dir/Drivers/STM32F4xx_HAL_Driver/Src/stm32f4xx_hal_rcc.c.obj
                0x08003a70                HAL_RCC_GetClockConfig
 .text.HAL_RCC_DeInit
                0x08003aac      0x148 CMakeFiles/UWB-UAV-LABEL.elf.dir/Drivers/STM32F4xx_HAL_Driver/Src/stm32f4xx_hal_rcc_ex.c.obj
                0x08003aac                HAL_RCC_DeInit
 .text.SPI_WaitFlagStateUntilTimeout
                0x08003bf4       0xcc CMakeFiles/UWB-UAV-LABEL.elf.dir/Drivers/STM32F4xx_HAL_Driver/Src/stm32f4xx_hal_spi.c.obj
 .text.SPI_EndRxTxTransaction
                0x08003cc0       0x68 CMakeFiles/UWB-UAV-LABEL.elf.dir/Drivers/STM32F4xx_HAL_Driver/Src/stm32f4xx_hal_spi.c.obj
 .text.HAL_SPI_Init
                0x08003d28       0xc4 CMakeFiles/UWB-UAV-LABEL.elf.dir/Drivers/STM32F4xx_HAL_Driver/Src/stm32f4xx_hal_spi.c.obj
                0x08003d28                HAL_SPI_Init
 .text.HAL_SPI_Transmit
                0x08003dec      0x1b0 CMakeFiles/UWB-UAV-LABEL.elf.dir/Drivers/STM32F4xx_HAL_Driver/Src/stm32f4xx_hal_spi.c.obj
                0x08003dec                HAL_SPI_Transmit
 .text.HAL_SPI_GetState
                0x08003f9c        0x8 CMakeFiles/UWB-UAV-LABEL.elf.dir/Drivers/STM32F4xx_HAL_Driver/Src/stm32f4xx_hal_spi.c.obj
                0x08003f9c                HAL_SPI_GetState
 .text.HAL_TIM_Base_MspInit
                0x08003fa4        0x4 CMakeFiles/UWB-UAV-LABEL.elf.dir/Drivers/STM32F4xx_HAL_Driver/Src/stm32f4xx_hal_tim.c.obj
                0x08003fa4                HAL_TIM_Base_MspInit
 .text.HAL_TIM_Base_Start_IT
                0x08003fa8       0x78 CMakeFiles/UWB-UAV-LABEL.elf.dir/Drivers/STM32F4xx_HAL_Driver/Src/stm32f4xx_hal_tim.c.obj
                0x08003fa8                HAL_TIM_Base_Start_IT
 .text.HAL_TIM_OC_DelayElapsedCallback
                0x08004020        0x4 CMakeFiles/UWB-UAV-LABEL.elf.dir/Drivers/STM32F4xx_HAL_Driver/Src/stm32f4xx_hal_tim.c.obj
                0x08004020                HAL_TIM_OC_DelayElapsedCallback
 .text.HAL_TIM_IC_CaptureCallback
                0x08004024        0x4 CMakeFiles/UWB-UAV-LABEL.elf.dir/Drivers/STM32F4xx_HAL_Driver/Src/stm32f4xx_hal_tim.c.obj
                0x08004024                HAL_TIM_IC_CaptureCallback
 .text.HAL_TIM_PWM_PulseFinishedCallback
                0x08004028        0x4 CMakeFiles/UWB-UAV-LABEL.elf.dir/Drivers/STM32F4xx_HAL_Driver/Src/stm32f4xx_hal_tim.c.obj
                0x08004028                HAL_TIM_PWM_PulseFinishedCallback
 .text.HAL_TIM_TriggerCallback
                0x0800402c        0x4 CMakeFiles/UWB-UAV-LABEL.elf.dir/Drivers/STM32F4xx_HAL_Driver/Src/stm32f4xx_hal_tim.c.obj
                0x0800402c                HAL_TIM_TriggerCallback
 .text.HAL_TIM_IRQHandler
                0x08004030      0x174 CMakeFiles/UWB-UAV-LABEL.elf.dir/Drivers/STM32F4xx_HAL_Driver/Src/stm32f4xx_hal_tim.c.obj
                0x08004030                HAL_TIM_IRQHandler
 .text.TIM_Base_SetConfig
                0x080041a4       0x98 CMakeFiles/UWB-UAV-LABEL.elf.dir/Drivers/STM32F4xx_HAL_Driver/Src/stm32f4xx_hal_tim.c.obj
                0x080041a4                TIM_Base_SetConfig
 .text.HAL_TIM_Base_Init
                0x0800423c       0x5c CMakeFiles/UWB-UAV-LABEL.elf.dir/Drivers/STM32F4xx_HAL_Driver/Src/stm32f4xx_hal_tim.c.obj
                0x0800423c                HAL_TIM_Base_Init
 .text.HAL_TIMEx_CommutCallback
                0x08004298        0x4 CMakeFiles/UWB-UAV-LABEL.elf.dir/Drivers/STM32F4xx_HAL_Driver/Src/stm32f4xx_hal_tim_ex.c.obj
                0x08004298                HAL_TIMEx_CommutCallback
 .text.HAL_TIMEx_BreakCallback
                0x0800429c        0x4 CMakeFiles/UWB-UAV-LABEL.elf.dir/Drivers/STM32F4xx_HAL_Driver/Src/stm32f4xx_hal_tim_ex.c.obj
                0x0800429c                HAL_TIMEx_BreakCallback
 .text.UART_SetConfig
                0x080042a0      0x110 CMakeFiles/UWB-UAV-LABEL.elf.dir/Drivers/STM32F4xx_HAL_Driver/Src/stm32f4xx_hal_uart.c.obj
 .text.UART_WaitOnFlagUntilTimeout
                0x080043b0       0x84 CMakeFiles/UWB-UAV-LABEL.elf.dir/Drivers/STM32F4xx_HAL_Driver/Src/stm32f4xx_hal_uart.c.obj
 .text.HAL_UART_Init
                0x08004434       0x64 CMakeFiles/UWB-UAV-LABEL.elf.dir/Drivers/STM32F4xx_HAL_Driver/Src/stm32f4xx_hal_uart.c.obj
                0x08004434                HAL_UART_Init
 .text.HAL_UART_Transmit
                0x08004498       0xdc CMakeFiles/UWB-UAV-LABEL.elf.dir/Drivers/STM32F4xx_HAL_Driver/Src/stm32f4xx_hal_uart.c.obj
                0x08004498                HAL_UART_Transmit
 .text.USB_CoreReset
                0x08004574       0x50 CMakeFiles/UWB-UAV-LABEL.elf.dir/Drivers/STM32F4xx_HAL_Driver/Src/stm32f4xx_ll_usb.c.obj
 .text.USB_CoreInit
                0x080045c4       0x88 CMakeFiles/UWB-UAV-LABEL.elf.dir/Drivers/STM32F4xx_HAL_Driver/Src/stm32f4xx_ll_usb.c.obj
                0x080045c4                USB_CoreInit
 .text.USB_SetTurnaroundTime
                0x0800464c       0xec CMakeFiles/UWB-UAV-LABEL.elf.dir/Drivers/STM32F4xx_HAL_Driver/Src/stm32f4xx_ll_usb.c.obj
                0x0800464c                USB_SetTurnaroundTime
 .text.USB_EnableGlobalInt
                0x08004738        0xc CMakeFiles/UWB-UAV-LABEL.elf.dir/Drivers/STM32F4xx_HAL_Driver/Src/stm32f4xx_ll_usb.c.obj
                0x08004738                USB_EnableGlobalInt
 .text.USB_DisableGlobalInt
                0x08004744        0xc CMakeFiles/UWB-UAV-LABEL.elf.dir/Drivers/STM32F4xx_HAL_Driver/Src/stm32f4xx_ll_usb.c.obj
                0x08004744                USB_DisableGlobalInt
 .text.USB_FlushTxFifo
                0x08004750       0x50 CMakeFiles/UWB-UAV-LABEL.elf.dir/Drivers/STM32F4xx_HAL_Driver/Src/stm32f4xx_ll_usb.c.obj
                0x08004750                USB_FlushTxFifo
 .text.USB_FlushRxFifo
                0x080047a0       0x4c CMakeFiles/UWB-UAV-LABEL.elf.dir/Drivers/STM32F4xx_HAL_Driver/Src/stm32f4xx_ll_usb.c.obj
                0x080047a0                USB_FlushRxFifo
 .text.USB_SetDevSpeed
                0x080047ec       0x10 CMakeFiles/UWB-UAV-LABEL.elf.dir/Drivers/STM32F4xx_HAL_Driver/Src/stm32f4xx_ll_usb.c.obj
                0x080047ec                USB_SetDevSpeed
 .text.USB_DevInit
                0x080047fc      0x194 CMakeFiles/UWB-UAV-LABEL.elf.dir/Drivers/STM32F4xx_HAL_Driver/Src/stm32f4xx_ll_usb.c.obj
                0x080047fc                USB_DevInit
 .text.USB_GetDevSpeed
                0x08004990       0x24 CMakeFiles/UWB-UAV-LABEL.elf.dir/Drivers/STM32F4xx_HAL_Driver/Src/stm32f4xx_ll_usb.c.obj
                0x08004990                USB_GetDevSpeed
 .text.USB_ActivateEndpoint
                0x080049b4       0x98 CMakeFiles/UWB-UAV-LABEL.elf.dir/Drivers/STM32F4xx_HAL_Driver/Src/stm32f4xx_ll_usb.c.obj
                0x080049b4                USB_ActivateEndpoint
 .text.USB_DeactivateEndpoint
                0x08004a4c       0xd8 CMakeFiles/UWB-UAV-LABEL.elf.dir/Drivers/STM32F4xx_HAL_Driver/Src/stm32f4xx_ll_usb.c.obj
                0x08004a4c                USB_DeactivateEndpoint
 .text.USB_EP0StartXfer
                0x08004b24      0x120 CMakeFiles/UWB-UAV-LABEL.elf.dir/Drivers/STM32F4xx_HAL_Driver/Src/stm32f4xx_ll_usb.c.obj
                0x08004b24                USB_EP0StartXfer
 .text.USB_EPStopXfer
                0x08004c44       0xc4 CMakeFiles/UWB-UAV-LABEL.elf.dir/Drivers/STM32F4xx_HAL_Driver/Src/stm32f4xx_ll_usb.c.obj
                0x08004c44                USB_EPStopXfer
 .text.USB_WritePacket
                0x08004d08       0x2c CMakeFiles/UWB-UAV-LABEL.elf.dir/Drivers/STM32F4xx_HAL_Driver/Src/stm32f4xx_ll_usb.c.obj
                0x08004d08                USB_WritePacket
 .text.USB_EPStartXfer
                0x08004d34      0x210 CMakeFiles/UWB-UAV-LABEL.elf.dir/Drivers/STM32F4xx_HAL_Driver/Src/stm32f4xx_ll_usb.c.obj
                0x08004d34                USB_EPStartXfer
 .text.USB_ReadPacket
                0x08004f44       0x4c CMakeFiles/UWB-UAV-LABEL.elf.dir/Drivers/STM32F4xx_HAL_Driver/Src/stm32f4xx_ll_usb.c.obj
                0x08004f44                USB_ReadPacket
 .text.USB_EPSetStall
                0x08004f90       0x5c CMakeFiles/UWB-UAV-LABEL.elf.dir/Drivers/STM32F4xx_HAL_Driver/Src/stm32f4xx_ll_usb.c.obj
                0x08004f90                USB_EPSetStall
 .text.USB_EPClearStall
                0x08004fec       0x5c CMakeFiles/UWB-UAV-LABEL.elf.dir/Drivers/STM32F4xx_HAL_Driver/Src/stm32f4xx_ll_usb.c.obj
                0x08004fec                USB_EPClearStall
 .text.USB_SetDevAddress
                0x08005048       0x20 CMakeFiles/UWB-UAV-LABEL.elf.dir/Drivers/STM32F4xx_HAL_Driver/Src/stm32f4xx_ll_usb.c.obj
                0x08005048                USB_SetDevAddress
 .text.USB_DevConnect
                0x08005068       0x1c CMakeFiles/UWB-UAV-LABEL.elf.dir/Drivers/STM32F4xx_HAL_Driver/Src/stm32f4xx_ll_usb.c.obj
                0x08005068                USB_DevConnect
 .text.USB_DevDisconnect
                0x08005084       0x1c CMakeFiles/UWB-UAV-LABEL.elf.dir/Drivers/STM32F4xx_HAL_Driver/Src/stm32f4xx_ll_usb.c.obj
                0x08005084                USB_DevDisconnect
 .text.USB_ReadInterrupts
                0x080050a0        0x8 CMakeFiles/UWB-UAV-LABEL.elf.dir/Drivers/STM32F4xx_HAL_Driver/Src/stm32f4xx_ll_usb.c.obj
                0x080050a0                USB_ReadInterrupts
 .text.USB_ReadDevAllOutEpInterrupt
                0x080050a8       0x10 CMakeFiles/UWB-UAV-LABEL.elf.dir/Drivers/STM32F4xx_HAL_Driver/Src/stm32f4xx_ll_usb.c.obj
                0x080050a8                USB_ReadDevAllOutEpInterrupt
 .text.USB_ReadDevAllInEpInterrupt
                0x080050b8       0x10 CMakeFiles/UWB-UAV-LABEL.elf.dir/Drivers/STM32F4xx_HAL_Driver/Src/stm32f4xx_ll_usb.c.obj
                0x080050b8                USB_ReadDevAllInEpInterrupt
 .text.USB_ReadDevOutEPInterrupt
                0x080050c8       0x14 CMakeFiles/UWB-UAV-LABEL.elf.dir/Drivers/STM32F4xx_HAL_Driver/Src/stm32f4xx_ll_usb.c.obj
                0x080050c8                USB_ReadDevOutEPInterrupt
 .text.USB_ReadDevInEPInterrupt
                0x080050dc       0x2c CMakeFiles/UWB-UAV-LABEL.elf.dir/Drivers/STM32F4xx_HAL_Driver/Src/stm32f4xx_ll_usb.c.obj
                0x080050dc                USB_ReadDevInEPInterrupt
 .text.USB_GetMode
                0x08005108        0x8 CMakeFiles/UWB-UAV-LABEL.elf.dir/Drivers/STM32F4xx_HAL_Driver/Src/stm32f4xx_ll_usb.c.obj
                0x08005108                USB_GetMode
 .text.USB_SetCurrentMode
                0x08005110       0x64 CMakeFiles/UWB-UAV-LABEL.elf.dir/Drivers/STM32F4xx_HAL_Driver/Src/stm32f4xx_ll_usb.c.obj
                0x08005110                USB_SetCurrentMode
 .text.USB_ActivateSetup
                0x08005174       0x20 CMakeFiles/UWB-UAV-LABEL.elf.dir/Drivers/STM32F4xx_HAL_Driver/Src/stm32f4xx_ll_usb.c.obj
                0x08005174                USB_ActivateSetup
 .text.USB_EP0_OutStart
                0x08005194       0x5c CMakeFiles/UWB-UAV-LABEL.elf.dir/Drivers/STM32F4xx_HAL_Driver/Src/stm32f4xx_ll_usb.c.obj
                0x08005194                USB_EP0_OutStart
 .text.USBD_CDC_EP0_RxReady
                0x080051f0       0x40 CMakeFiles/UWB-UAV-LABEL.elf.dir/Middlewares/ST/STM32_USB_Device_Library/Class/CDC/Src/usbd_cdc.c.obj
 .text.USBD_CDC_GetDeviceQualifierDescriptor
                0x08005230        0xc CMakeFiles/UWB-UAV-LABEL.elf.dir/Middlewares/ST/STM32_USB_Device_Library/Class/CDC/Src/usbd_cdc.c.obj
                0x08005230                USBD_CDC_GetDeviceQualifierDescriptor
 .text.USBD_CDC_GetOtherSpeedCfgDesc
                0x0800523c       0x48 CMakeFiles/UWB-UAV-LABEL.elf.dir/Middlewares/ST/STM32_USB_Device_Library/Class/CDC/Src/usbd_cdc.c.obj
 .text.USBD_CDC_GetFSCfgDesc
                0x08005284       0x48 CMakeFiles/UWB-UAV-LABEL.elf.dir/Middlewares/ST/STM32_USB_Device_Library/Class/CDC/Src/usbd_cdc.c.obj
 .text.USBD_CDC_GetHSCfgDesc
                0x080052cc       0x48 CMakeFiles/UWB-UAV-LABEL.elf.dir/Middlewares/ST/STM32_USB_Device_Library/Class/CDC/Src/usbd_cdc.c.obj
 .text.USBD_CDC_DataOut
                0x08005314       0x38 CMakeFiles/UWB-UAV-LABEL.elf.dir/Middlewares/ST/STM32_USB_Device_Library/Class/CDC/Src/usbd_cdc.c.obj
 .text.USBD_CDC_DataIn
                0x0800534c       0x7c CMakeFiles/UWB-UAV-LABEL.elf.dir/Middlewares/ST/STM32_USB_Device_Library/Class/CDC/Src/usbd_cdc.c.obj
 .text.USBD_CDC_Setup
                0x080053c8      0x118 CMakeFiles/UWB-UAV-LABEL.elf.dir/Middlewares/ST/STM32_USB_Device_Library/Class/CDC/Src/usbd_cdc.c.obj
 .text.USBD_CDC_DeInit
                0x080054e0       0x64 CMakeFiles/UWB-UAV-LABEL.elf.dir/Middlewares/ST/STM32_USB_Device_Library/Class/CDC/Src/usbd_cdc.c.obj
 .text.USBD_CDC_Init
                0x08005544       0xec CMakeFiles/UWB-UAV-LABEL.elf.dir/Middlewares/ST/STM32_USB_Device_Library/Class/CDC/Src/usbd_cdc.c.obj
 .text.USBD_CDC_RegisterInterface
                0x08005630       0x18 CMakeFiles/UWB-UAV-LABEL.elf.dir/Middlewares/ST/STM32_USB_Device_Library/Class/CDC/Src/usbd_cdc.c.obj
                0x08005630                USBD_CDC_RegisterInterface
 .text.USBD_CDC_SetTxBuffer
                0x08005648       0x1c CMakeFiles/UWB-UAV-LABEL.elf.dir/Middlewares/ST/STM32_USB_Device_Library/Class/CDC/Src/usbd_cdc.c.obj
                0x08005648                USBD_CDC_SetTxBuffer
 .text.USBD_CDC_SetRxBuffer
                0x08005664       0x18 CMakeFiles/UWB-UAV-LABEL.elf.dir/Middlewares/ST/STM32_USB_Device_Library/Class/CDC/Src/usbd_cdc.c.obj
                0x08005664                USBD_CDC_SetRxBuffer
 .text.USBD_CDC_TransmitPacket
                0x0800567c       0x3c CMakeFiles/UWB-UAV-LABEL.elf.dir/Middlewares/ST/STM32_USB_Device_Library/Class/CDC/Src/usbd_cdc.c.obj
                0x0800567c                USBD_CDC_TransmitPacket
 .text.USBD_CDC_ReceivePacket
                0x080056b8       0x38 CMakeFiles/UWB-UAV-LABEL.elf.dir/Middlewares/ST/STM32_USB_Device_Library/Class/CDC/Src/usbd_cdc.c.obj
                0x080056b8                USBD_CDC_ReceivePacket
 .text.USBD_Init
                0x080056f0       0x30 CMakeFiles/UWB-UAV-LABEL.elf.dir/Middlewares/ST/STM32_USB_Device_Library/Core/Src/usbd_core.c.obj
                0x080056f0                USBD_Init
 .text.USBD_RegisterClass
                0x08005720       0x40 CMakeFiles/UWB-UAV-LABEL.elf.dir/Middlewares/ST/STM32_USB_Device_Library/Core/Src/usbd_core.c.obj
                0x08005720                USBD_RegisterClass
 .text.USBD_Start
                0x08005760        0x8 CMakeFiles/UWB-UAV-LABEL.elf.dir/Middlewares/ST/STM32_USB_Device_Library/Core/Src/usbd_core.c.obj
                0x08005760                USBD_Start
 .text.USBD_SetClassConfig
                0x08005768       0x14 CMakeFiles/UWB-UAV-LABEL.elf.dir/Middlewares/ST/STM32_USB_Device_Library/Core/Src/usbd_core.c.obj
                0x08005768                USBD_SetClassConfig
 .text.USBD_ClrClassConfig
                0x0800577c       0x10 CMakeFiles/UWB-UAV-LABEL.elf.dir/Middlewares/ST/STM32_USB_Device_Library/Core/Src/usbd_core.c.obj
                0x0800577c                USBD_ClrClassConfig
 .text.USBD_LL_SetupStage
                0x0800578c       0x5c CMakeFiles/UWB-UAV-LABEL.elf.dir/Middlewares/ST/STM32_USB_Device_Library/Core/Src/usbd_core.c.obj
                0x0800578c                USBD_LL_SetupStage
 .text.USBD_LL_Reset
                0x080057e8       0x64 CMakeFiles/UWB-UAV-LABEL.elf.dir/Middlewares/ST/STM32_USB_Device_Library/Core/Src/usbd_core.c.obj
                0x080057e8                USBD_LL_Reset
 .text.USBD_LL_SetSpeed
                0x0800584c        0x8 CMakeFiles/UWB-UAV-LABEL.elf.dir/Middlewares/ST/STM32_USB_Device_Library/Core/Src/usbd_core.c.obj
                0x0800584c                USBD_LL_SetSpeed
 .text.USBD_LL_Suspend
                0x08005854       0x14 CMakeFiles/UWB-UAV-LABEL.elf.dir/Middlewares/ST/STM32_USB_Device_Library/Core/Src/usbd_core.c.obj
                0x08005854                USBD_LL_Suspend
 .text.USBD_LL_Resume
                0x08005868       0x18 CMakeFiles/UWB-UAV-LABEL.elf.dir/Middlewares/ST/STM32_USB_Device_Library/Core/Src/usbd_core.c.obj
                0x08005868                USBD_LL_Resume
 .text.USBD_LL_SOF
                0x08005880       0x1c CMakeFiles/UWB-UAV-LABEL.elf.dir/Middlewares/ST/STM32_USB_Device_Library/Core/Src/usbd_core.c.obj
                0x08005880                USBD_LL_SOF
 .text.USBD_LL_IsoINIncomplete
                0x0800589c       0x30 CMakeFiles/UWB-UAV-LABEL.elf.dir/Middlewares/ST/STM32_USB_Device_Library/Core/Src/usbd_core.c.obj
                0x0800589c                USBD_LL_IsoINIncomplete
 .text.USBD_LL_IsoOUTIncomplete
                0x080058cc       0x30 CMakeFiles/UWB-UAV-LABEL.elf.dir/Middlewares/ST/STM32_USB_Device_Library/Core/Src/usbd_core.c.obj
                0x080058cc                USBD_LL_IsoOUTIncomplete
 .text.USBD_LL_DevConnected
                0x080058fc        0x4 CMakeFiles/UWB-UAV-LABEL.elf.dir/Middlewares/ST/STM32_USB_Device_Library/Core/Src/usbd_core.c.obj
                0x080058fc                USBD_LL_DevConnected
 .text.USBD_LL_DevDisconnected
                0x08005900       0x20 CMakeFiles/UWB-UAV-LABEL.elf.dir/Middlewares/ST/STM32_USB_Device_Library/Core/Src/usbd_core.c.obj
                0x08005900                USBD_LL_DevDisconnected
 .text.USBD_CoreFindIF
                0x08005920        0x4 CMakeFiles/UWB-UAV-LABEL.elf.dir/Middlewares/ST/STM32_USB_Device_Library/Core/Src/usbd_core.c.obj
                0x08005920                USBD_CoreFindIF
 .text.USBD_CoreFindEP
                0x08005924        0x4 CMakeFiles/UWB-UAV-LABEL.elf.dir/Middlewares/ST/STM32_USB_Device_Library/Core/Src/usbd_core.c.obj
                0x08005924                USBD_CoreFindEP
 .text.USBD_LL_DataOutStage
                0x08005928       0xdc CMakeFiles/UWB-UAV-LABEL.elf.dir/Middlewares/ST/STM32_USB_Device_Library/Core/Src/usbd_core.c.obj
                0x08005928                USBD_LL_DataOutStage
 .text.USBD_LL_DataInStage
                0x08005a04       0xe8 CMakeFiles/UWB-UAV-LABEL.elf.dir/Middlewares/ST/STM32_USB_Device_Library/Core/Src/usbd_core.c.obj
                0x08005a04                USBD_LL_DataInStage
 .text.USBD_GetNextDesc
                0x08005aec       0x10 CMakeFiles/UWB-UAV-LABEL.elf.dir/Middlewares/ST/STM32_USB_Device_Library/Core/Src/usbd_core.c.obj
                0x08005aec                USBD_GetNextDesc
 .text.USBD_GetEpDesc
                0x08005afc       0x40 CMakeFiles/UWB-UAV-LABEL.elf.dir/Middlewares/ST/STM32_USB_Device_Library/Core/Src/usbd_core.c.obj
                0x08005afc                USBD_GetEpDesc
 .text.USBD_GetLen
                0x08005b3c       0x14 CMakeFiles/UWB-UAV-LABEL.elf.dir/Middlewares/ST/STM32_USB_Device_Library/Core/Src/usbd_ctlreq.c.obj
 .text.USBD_ParseSetupRequest
                0x08005b50       0x28 CMakeFiles/UWB-UAV-LABEL.elf.dir/Middlewares/ST/STM32_USB_Device_Library/Core/Src/usbd_ctlreq.c.obj
                0x08005b50                USBD_ParseSetupRequest
 .text.USBD_CtlError
                0x08005b78       0x14 CMakeFiles/UWB-UAV-LABEL.elf.dir/Middlewares/ST/STM32_USB_Device_Library/Core/Src/usbd_ctlreq.c.obj
                0x08005b78                USBD_CtlError
 .text.USBD_GetDescriptor
                0x08005b8c      0x1c4 CMakeFiles/UWB-UAV-LABEL.elf.dir/Middlewares/ST/STM32_USB_Device_Library/Core/Src/usbd_ctlreq.c.obj
 .text.USBD_SetAddress
                0x08005d50       0x50 CMakeFiles/UWB-UAV-LABEL.elf.dir/Middlewares/ST/STM32_USB_Device_Library/Core/Src/usbd_ctlreq.c.obj
 .text.USBD_SetConfig
                0x08005da0       0xd8 CMakeFiles/UWB-UAV-LABEL.elf.dir/Middlewares/ST/STM32_USB_Device_Library/Core/Src/usbd_ctlreq.c.obj
 .text.USBD_GetConfig
                0x08005e78       0x44 CMakeFiles/UWB-UAV-LABEL.elf.dir/Middlewares/ST/STM32_USB_Device_Library/Core/Src/usbd_ctlreq.c.obj
 .text.USBD_GetStatus
                0x08005ebc       0x38 CMakeFiles/UWB-UAV-LABEL.elf.dir/Middlewares/ST/STM32_USB_Device_Library/Core/Src/usbd_ctlreq.c.obj
 .text.USBD_SetFeature
                0x08005ef4       0x2c CMakeFiles/UWB-UAV-LABEL.elf.dir/Middlewares/ST/STM32_USB_Device_Library/Core/Src/usbd_ctlreq.c.obj
 .text.USBD_ClrFeature
                0x08005f20       0x24 CMakeFiles/UWB-UAV-LABEL.elf.dir/Middlewares/ST/STM32_USB_Device_Library/Core/Src/usbd_ctlreq.c.obj
 .text.USBD_StdDevReq
                0x08005f44       0x80 CMakeFiles/UWB-UAV-LABEL.elf.dir/Middlewares/ST/STM32_USB_Device_Library/Core/Src/usbd_ctlreq.c.obj
                0x08005f44                USBD_StdDevReq
 .text.USBD_StdItfReq
                0x08005fc4       0x88 CMakeFiles/UWB-UAV-LABEL.elf.dir/Middlewares/ST/STM32_USB_Device_Library/Core/Src/usbd_ctlreq.c.obj
                0x08005fc4                USBD_StdItfReq
 .text.USBD_StdEPReq
                0x0800604c      0x250 CMakeFiles/UWB-UAV-LABEL.elf.dir/Middlewares/ST/STM32_USB_Device_Library/Core/Src/usbd_ctlreq.c.obj
                0x0800604c                USBD_StdEPReq
 .text.USBD_GetString
                0x0800629c       0x38 CMakeFiles/UWB-UAV-LABEL.elf.dir/Middlewares/ST/STM32_USB_Device_Library/Core/Src/usbd_ctlreq.c.obj
                0x0800629c                USBD_GetString
 .text.USBD_CtlSendData
                0x080062d4       0x1c CMakeFiles/UWB-UAV-LABEL.elf.dir/Middlewares/ST/STM32_USB_Device_Library/Core/Src/usbd_ioreq.c.obj
                0x080062d4                USBD_CtlSendData
 .text.USBD_CtlContinueSendData
                0x080062f0       0x10 CMakeFiles/UWB-UAV-LABEL.elf.dir/Middlewares/ST/STM32_USB_Device_Library/Core/Src/usbd_ioreq.c.obj
                0x080062f0                USBD_CtlContinueSendData
 .text.USBD_CtlPrepareRx
                0x08006300       0x20 CMakeFiles/UWB-UAV-LABEL.elf.dir/Middlewares/ST/STM32_USB_Device_Library/Core/Src/usbd_ioreq.c.obj
                0x08006300                USBD_CtlPrepareRx
 .text.USBD_CtlContinueRx
                0x08006320       0x10 CMakeFiles/UWB-UAV-LABEL.elf.dir/Middlewares/ST/STM32_USB_Device_Library/Core/Src/usbd_ioreq.c.obj
                0x08006320                USBD_CtlContinueRx
 .text.USBD_CtlSendStatus
                0x08006330       0x18 CMakeFiles/UWB-UAV-LABEL.elf.dir/Middlewares/ST/STM32_USB_Device_Library/Core/Src/usbd_ioreq.c.obj
                0x08006330                USBD_CtlSendStatus
 .text.USBD_CtlReceiveStatus
                0x08006348       0x18 CMakeFiles/UWB-UAV-LABEL.elf.dir/Middlewares/ST/STM32_USB_Device_Library/Core/Src/usbd_ioreq.c.obj
                0x08006348                USBD_CtlReceiveStatus
 .text.SysTick_Handler
                0x08006360       0x18 CMakeFiles/UWB-UAV-LABEL.elf.dir/Middlewares/Third_Party/FreeRTOS/Source/CMSIS_RTOS_V2/cmsis_os2.c.obj
                0x08006360                SysTick_Handler
 .text.osKernelInitialize
                0x08006378       0x28 CMakeFiles/UWB-UAV-LABEL.elf.dir/Middlewares/Third_Party/FreeRTOS/Source/CMSIS_RTOS_V2/cmsis_os2.c.obj
                0x08006378                osKernelInitialize
 .text.osKernelStart
                0x080063a0       0x38 CMakeFiles/UWB-UAV-LABEL.elf.dir/Middlewares/Third_Party/FreeRTOS/Source/CMSIS_RTOS_V2/cmsis_os2.c.obj
                0x080063a0                osKernelStart
 .text.osThreadNew
                0x080063d8       0xc0 CMakeFiles/UWB-UAV-LABEL.elf.dir/Middlewares/Third_Party/FreeRTOS/Source/CMSIS_RTOS_V2/cmsis_os2.c.obj
                0x080063d8                osThreadNew
 .text.osDelay  0x08006498       0x1c CMakeFiles/UWB-UAV-LABEL.elf.dir/Middlewares/Third_Party/FreeRTOS/Source/CMSIS_RTOS_V2/cmsis_os2.c.obj
                0x08006498                osDelay
 .text.vApplicationGetIdleTaskMemory
                0x080064b4       0x18 CMakeFiles/UWB-UAV-LABEL.elf.dir/Middlewares/Third_Party/FreeRTOS/Source/CMSIS_RTOS_V2/cmsis_os2.c.obj
                0x080064b4                vApplicationGetIdleTaskMemory
 .text.vApplicationGetTimerTaskMemory
                0x080064cc       0x18 CMakeFiles/UWB-UAV-LABEL.elf.dir/Middlewares/Third_Party/FreeRTOS/Source/CMSIS_RTOS_V2/cmsis_os2.c.obj
                0x080064cc                vApplicationGetTimerTaskMemory
 .text.vListInitialise
                0x080064e4       0x18 CMakeFiles/UWB-UAV-LABEL.elf.dir/Middlewares/Third_Party/FreeRTOS/Source/list.c.obj
                0x080064e4                vListInitialise
 .text.vListInitialiseItem
                0x080064fc        0x8 CMakeFiles/UWB-UAV-LABEL.elf.dir/Middlewares/Third_Party/FreeRTOS/Source/list.c.obj
                0x080064fc                vListInitialiseItem
 .text.vListInsertEnd
                0x08006504       0x18 CMakeFiles/UWB-UAV-LABEL.elf.dir/Middlewares/Third_Party/FreeRTOS/Source/list.c.obj
                0x08006504                vListInsertEnd
 .text.vListInsert
                0x0800651c       0x34 CMakeFiles/UWB-UAV-LABEL.elf.dir/Middlewares/Third_Party/FreeRTOS/Source/list.c.obj
                0x0800651c                vListInsert
 .text.uxListRemove
                0x08006550       0x28 CMakeFiles/UWB-UAV-LABEL.elf.dir/Middlewares/Third_Party/FreeRTOS/Source/list.c.obj
                0x08006550                uxListRemove
 .text.prvTaskExitError
                0x08006578       0x40 CMakeFiles/UWB-UAV-LABEL.elf.dir/Middlewares/Third_Party/FreeRTOS/Source/portable/GCC/ARM_CM4F/port.c.obj
 .text.prvPortStartFirstTask
                0x080065b8       0x28 CMakeFiles/UWB-UAV-LABEL.elf.dir/Middlewares/Third_Party/FreeRTOS/Source/portable/GCC/ARM_CM4F/port.c.obj
 .text.vPortEnableVFP
                0x080065e0       0x14 CMakeFiles/UWB-UAV-LABEL.elf.dir/Middlewares/Third_Party/FreeRTOS/Source/portable/GCC/ARM_CM4F/port.c.obj
 .text.pxPortInitialiseStack
                0x080065f4       0x2c CMakeFiles/UWB-UAV-LABEL.elf.dir/Middlewares/Third_Party/FreeRTOS/Source/portable/GCC/ARM_CM4F/port.c.obj
                0x080065f4                pxPortInitialiseStack
 .text.SVC_Handler
                0x08006620       0x24 CMakeFiles/UWB-UAV-LABEL.elf.dir/Middlewares/Third_Party/FreeRTOS/Source/portable/GCC/ARM_CM4F/port.c.obj
                0x08006620                SVC_Handler
 .text.vPortEnterCritical
                0x08006644       0x44 CMakeFiles/UWB-UAV-LABEL.elf.dir/Middlewares/Third_Party/FreeRTOS/Source/portable/GCC/ARM_CM4F/port.c.obj
                0x08006644                vPortEnterCritical
 .text.vPortExitCritical
                0x08006688       0x2c CMakeFiles/UWB-UAV-LABEL.elf.dir/Middlewares/Third_Party/FreeRTOS/Source/portable/GCC/ARM_CM4F/port.c.obj
                0x08006688                vPortExitCritical
 *fill*         0x080066b4        0xc 
 .text.PendSV_Handler
                0x080066c0       0x64 CMakeFiles/UWB-UAV-LABEL.elf.dir/Middlewares/Third_Party/FreeRTOS/Source/portable/GCC/ARM_CM4F/port.c.obj
                0x080066c0                PendSV_Handler
 .text.xPortSysTickHandler
                0x08006724       0x2c CMakeFiles/UWB-UAV-LABEL.elf.dir/Middlewares/Third_Party/FreeRTOS/Source/portable/GCC/ARM_CM4F/port.c.obj
                0x08006724                xPortSysTickHandler
 .text.vPortSetupTimerInterrupt
                0x08006750       0x38 CMakeFiles/UWB-UAV-LABEL.elf.dir/Middlewares/Third_Party/FreeRTOS/Source/portable/GCC/ARM_CM4F/port.c.obj
                0x08006750                vPortSetupTimerInterrupt
 .text.xPortStartScheduler
                0x08006788      0x110 CMakeFiles/UWB-UAV-LABEL.elf.dir/Middlewares/Third_Party/FreeRTOS/Source/portable/GCC/ARM_CM4F/port.c.obj
                0x08006788                xPortStartScheduler
 .text.vPortValidateInterruptPriority
                0x08006898       0x5c CMakeFiles/UWB-UAV-LABEL.elf.dir/Middlewares/Third_Party/FreeRTOS/Source/portable/GCC/ARM_CM4F/port.c.obj
                0x08006898                vPortValidateInterruptPriority
 .text.prvHeapInit
                0x080068f4       0x64 CMakeFiles/UWB-UAV-LABEL.elf.dir/Middlewares/Third_Party/FreeRTOS/Source/portable/MemMang/heap_4.c.obj
 .text.prvInsertBlockIntoFreeList
                0x08006958       0x58 CMakeFiles/UWB-UAV-LABEL.elf.dir/Middlewares/Third_Party/FreeRTOS/Source/portable/MemMang/heap_4.c.obj
 .text.pvPortMalloc
                0x080069b0      0x110 CMakeFiles/UWB-UAV-LABEL.elf.dir/Middlewares/Third_Party/FreeRTOS/Source/portable/MemMang/heap_4.c.obj
                0x080069b0                pvPortMalloc
 .text.vPortFree
                0x08006ac0       0x84 CMakeFiles/UWB-UAV-LABEL.elf.dir/Middlewares/Third_Party/FreeRTOS/Source/portable/MemMang/heap_4.c.obj
                0x08006ac0                vPortFree
 .text.prvIsQueueFull
                0x08006b44       0x20 CMakeFiles/UWB-UAV-LABEL.elf.dir/Middlewares/Third_Party/FreeRTOS/Source/queue.c.obj
 .text.prvIsQueueEmpty
                0x08006b64       0x1c CMakeFiles/UWB-UAV-LABEL.elf.dir/Middlewares/Third_Party/FreeRTOS/Source/queue.c.obj
 .text.prvCopyDataToQueue
                0x08006b80       0x78 CMakeFiles/UWB-UAV-LABEL.elf.dir/Middlewares/Third_Party/FreeRTOS/Source/queue.c.obj
 .text.prvCopyDataFromQueue
                0x08006bf8       0x24 CMakeFiles/UWB-UAV-LABEL.elf.dir/Middlewares/Third_Party/FreeRTOS/Source/queue.c.obj
 .text.prvUnlockQueue
                0x08006c1c       0x68 CMakeFiles/UWB-UAV-LABEL.elf.dir/Middlewares/Third_Party/FreeRTOS/Source/queue.c.obj
 .text.xQueueGenericReset
                0x08006c84       0x80 CMakeFiles/UWB-UAV-LABEL.elf.dir/Middlewares/Third_Party/FreeRTOS/Source/queue.c.obj
                0x08006c84                xQueueGenericReset
 .text.prvInitialiseNewQueue
                0x08006d04       0x24 CMakeFiles/UWB-UAV-LABEL.elf.dir/Middlewares/Third_Party/FreeRTOS/Source/queue.c.obj
 .text.xQueueGenericCreateStatic
                0x08006d28       0xac CMakeFiles/UWB-UAV-LABEL.elf.dir/Middlewares/Third_Party/FreeRTOS/Source/queue.c.obj
                0x08006d28                xQueueGenericCreateStatic
 .text.xQueueGenericSend
                0x08006dd4      0x190 CMakeFiles/UWB-UAV-LABEL.elf.dir/Middlewares/Third_Party/FreeRTOS/Source/queue.c.obj
                0x08006dd4                xQueueGenericSend
 .text.xQueueGenericSendFromISR
                0x08006f64       0xe4 CMakeFiles/UWB-UAV-LABEL.elf.dir/Middlewares/Third_Party/FreeRTOS/Source/queue.c.obj
                0x08006f64                xQueueGenericSendFromISR
 .text.xQueueReceive
                0x08007048      0x158 CMakeFiles/UWB-UAV-LABEL.elf.dir/Middlewares/Third_Party/FreeRTOS/Source/queue.c.obj
                0x08007048                xQueueReceive
 .text.vQueueAddToRegistry
                0x080071a0       0x28 CMakeFiles/UWB-UAV-LABEL.elf.dir/Middlewares/Third_Party/FreeRTOS/Source/queue.c.obj
                0x080071a0                vQueueAddToRegistry
 .text.vQueueWaitForMessageRestricted
                0x080071c8       0x4c CMakeFiles/UWB-UAV-LABEL.elf.dir/Middlewares/Third_Party/FreeRTOS/Source/queue.c.obj
                0x080071c8                vQueueWaitForMessageRestricted
 .text.prvResetNextTaskUnblockTime
                0x08007214       0x2c CMakeFiles/UWB-UAV-LABEL.elf.dir/Middlewares/Third_Party/FreeRTOS/Source/tasks.c.obj
 .text.prvInitialiseNewTask
                0x08007240      0x100 CMakeFiles/UWB-UAV-LABEL.elf.dir/Middlewares/Third_Party/FreeRTOS/Source/tasks.c.obj
 .text.prvInitialiseTaskLists
                0x08007340       0x68 CMakeFiles/UWB-UAV-LABEL.elf.dir/Middlewares/Third_Party/FreeRTOS/Source/tasks.c.obj
 .text.prvAddNewTaskToReadyList
                0x080073a8       0xa8 CMakeFiles/UWB-UAV-LABEL.elf.dir/Middlewares/Third_Party/FreeRTOS/Source/tasks.c.obj
 .text.prvDeleteTCB
                0x08007450       0x44 CMakeFiles/UWB-UAV-LABEL.elf.dir/Middlewares/Third_Party/FreeRTOS/Source/tasks.c.obj
 .text.prvCheckTasksWaitingTermination
                0x08007494       0x44 CMakeFiles/UWB-UAV-LABEL.elf.dir/Middlewares/Third_Party/FreeRTOS/Source/tasks.c.obj
 .text.prvIdleTask
                0x080074d8       0x28 CMakeFiles/UWB-UAV-LABEL.elf.dir/Middlewares/Third_Party/FreeRTOS/Source/tasks.c.obj
 .text.prvAddCurrentTaskToDelayedList
                0x08007500       0x7c CMakeFiles/UWB-UAV-LABEL.elf.dir/Middlewares/Third_Party/FreeRTOS/Source/tasks.c.obj
 .text.xTaskCreateStatic
                0x0800757c       0x84 CMakeFiles/UWB-UAV-LABEL.elf.dir/Middlewares/Third_Party/FreeRTOS/Source/tasks.c.obj
                0x0800757c                xTaskCreateStatic
 .text.xTaskCreate
                0x08007600       0x68 CMakeFiles/UWB-UAV-LABEL.elf.dir/Middlewares/Third_Party/FreeRTOS/Source/tasks.c.obj
                0x08007600                xTaskCreate
 .text.vTaskStartScheduler
                0x08007668       0xac CMakeFiles/UWB-UAV-LABEL.elf.dir/Middlewares/Third_Party/FreeRTOS/Source/tasks.c.obj
                0x08007668                vTaskStartScheduler
 .text.vTaskSuspendAll
                0x08007714       0x10 CMakeFiles/UWB-UAV-LABEL.elf.dir/Middlewares/Third_Party/FreeRTOS/Source/tasks.c.obj
                0x08007714                vTaskSuspendAll
 .text.xTaskGetTickCount
                0x08007724        0xc CMakeFiles/UWB-UAV-LABEL.elf.dir/Middlewares/Third_Party/FreeRTOS/Source/tasks.c.obj
                0x08007724                xTaskGetTickCount
 .text.xTaskIncrementTick
                0x08007730      0x11c CMakeFiles/UWB-UAV-LABEL.elf.dir/Middlewares/Third_Party/FreeRTOS/Source/tasks.c.obj
                0x08007730                xTaskIncrementTick
 .text.xTaskResumeAll
                0x0800784c       0xf8 CMakeFiles/UWB-UAV-LABEL.elf.dir/Middlewares/Third_Party/FreeRTOS/Source/tasks.c.obj
                0x0800784c                xTaskResumeAll
 .text.vTaskDelay
                0x08007944       0x50 CMakeFiles/UWB-UAV-LABEL.elf.dir/Middlewares/Third_Party/FreeRTOS/Source/tasks.c.obj
                0x08007944                vTaskDelay
 .text.vTaskSwitchContext
                0x08007994       0xa4 CMakeFiles/UWB-UAV-LABEL.elf.dir/Middlewares/Third_Party/FreeRTOS/Source/tasks.c.obj
                0x08007994                vTaskSwitchContext
 .text.vTaskPlaceOnEventList
                0x08007a38       0x30 CMakeFiles/UWB-UAV-LABEL.elf.dir/Middlewares/Third_Party/FreeRTOS/Source/tasks.c.obj
                0x08007a38                vTaskPlaceOnEventList
 .text.vTaskPlaceOnEventListRestricted
                0x08007a68       0x38 CMakeFiles/UWB-UAV-LABEL.elf.dir/Middlewares/Third_Party/FreeRTOS/Source/tasks.c.obj
                0x08007a68                vTaskPlaceOnEventListRestricted
 .text.xTaskRemoveFromEventList
                0x08007aa0       0x8c CMakeFiles/UWB-UAV-LABEL.elf.dir/Middlewares/Third_Party/FreeRTOS/Source/tasks.c.obj
                0x08007aa0                xTaskRemoveFromEventList
 .text.vTaskInternalSetTimeOutState
                0x08007b2c       0x18 CMakeFiles/UWB-UAV-LABEL.elf.dir/Middlewares/Third_Party/FreeRTOS/Source/tasks.c.obj
                0x08007b2c                vTaskInternalSetTimeOutState
 .text.xTaskCheckForTimeOut
                0x08007b44       0x80 CMakeFiles/UWB-UAV-LABEL.elf.dir/Middlewares/Third_Party/FreeRTOS/Source/tasks.c.obj
                0x08007b44                xTaskCheckForTimeOut
 .text.vTaskMissedYield
                0x08007bc4        0xc CMakeFiles/UWB-UAV-LABEL.elf.dir/Middlewares/Third_Party/FreeRTOS/Source/tasks.c.obj
                0x08007bc4                vTaskMissedYield
 .text.xTaskGetSchedulerState
                0x08007bd0       0x20 CMakeFiles/UWB-UAV-LABEL.elf.dir/Middlewares/Third_Party/FreeRTOS/Source/tasks.c.obj
                0x08007bd0                xTaskGetSchedulerState
 .text.xTaskPriorityDisinherit
                0x08007bf0       0x94 CMakeFiles/UWB-UAV-LABEL.elf.dir/Middlewares/Third_Party/FreeRTOS/Source/tasks.c.obj
                0x08007bf0                xTaskPriorityDisinherit
 .text.prvGetNextExpireTime
                0x08007c84       0x20 CMakeFiles/UWB-UAV-LABEL.elf.dir/Middlewares/Third_Party/FreeRTOS/Source/timers.c.obj
 .text.prvInsertTimerInActiveList
                0x08007ca4       0x48 CMakeFiles/UWB-UAV-LABEL.elf.dir/Middlewares/Third_Party/FreeRTOS/Source/timers.c.obj
 .text.prvCheckForValidListAndQueue
                0x08007cec       0x6c CMakeFiles/UWB-UAV-LABEL.elf.dir/Middlewares/Third_Party/FreeRTOS/Source/timers.c.obj
 .text.xTimerCreateTimerTask
                0x08007d58       0x70 CMakeFiles/UWB-UAV-LABEL.elf.dir/Middlewares/Third_Party/FreeRTOS/Source/timers.c.obj
                0x08007d58                xTimerCreateTimerTask
 .text.xTimerGenericCommand
                0x08007dc8       0x6c CMakeFiles/UWB-UAV-LABEL.elf.dir/Middlewares/Third_Party/FreeRTOS/Source/timers.c.obj
                0x08007dc8                xTimerGenericCommand
 .text.prvSwitchTimerLists
                0x08007e34       0x80 CMakeFiles/UWB-UAV-LABEL.elf.dir/Middlewares/Third_Party/FreeRTOS/Source/timers.c.obj
 .text.prvSampleTimeNow
                0x08007eb4       0x2c CMakeFiles/UWB-UAV-LABEL.elf.dir/Middlewares/Third_Party/FreeRTOS/Source/timers.c.obj
 .text.prvProcessExpiredTimer
                0x08007ee0       0x68 CMakeFiles/UWB-UAV-LABEL.elf.dir/Middlewares/Third_Party/FreeRTOS/Source/timers.c.obj
 .text.prvProcessTimerOrBlockTask
                0x08007f48       0x74 CMakeFiles/UWB-UAV-LABEL.elf.dir/Middlewares/Third_Party/FreeRTOS/Source/timers.c.obj
 .text.prvProcessReceivedCommands
                0x08007fbc      0x108 CMakeFiles/UWB-UAV-LABEL.elf.dir/Middlewares/Third_Party/FreeRTOS/Source/timers.c.obj
 .text.prvTimerTask
                0x080080c4       0x18 CMakeFiles/UWB-UAV-LABEL.elf.dir/Middlewares/Third_Party/FreeRTOS/Source/timers.c.obj
 .text.MX_USB_DEVICE_Init
                0x080080dc       0x4c CMakeFiles/UWB-UAV-LABEL.elf.dir/USB_DEVICE/App/usb_device.c.obj
                0x080080dc                MX_USB_DEVICE_Init
 .text.CDC_DeInit_FS
                0x08008128        0x4 CMakeFiles/UWB-UAV-LABEL.elf.dir/USB_DEVICE/App/usbd_cdc_if.c.obj
 .text.CDC_Control_FS
                0x0800812c        0x4 CMakeFiles/UWB-UAV-LABEL.elf.dir/USB_DEVICE/App/usbd_cdc_if.c.obj
 .text.CDC_TransmitCplt_FS
                0x08008130        0x4 CMakeFiles/UWB-UAV-LABEL.elf.dir/USB_DEVICE/App/usbd_cdc_if.c.obj
 .text.CDC_Receive_FS
                0x08008134       0x1c CMakeFiles/UWB-UAV-LABEL.elf.dir/USB_DEVICE/App/usbd_cdc_if.c.obj
 .text.CDC_Init_FS
                0x08008150       0x28 CMakeFiles/UWB-UAV-LABEL.elf.dir/USB_DEVICE/App/usbd_cdc_if.c.obj
 .text.CDC_Transmit_FS
                0x08008178       0x2c CMakeFiles/UWB-UAV-LABEL.elf.dir/USB_DEVICE/App/usbd_cdc_if.c.obj
                0x08008178                CDC_Transmit_FS
 .text.USBD_FS_DeviceDescriptor
                0x080081a4        0xc CMakeFiles/UWB-UAV-LABEL.elf.dir/USB_DEVICE/App/usbd_desc.c.obj
                0x080081a4                USBD_FS_DeviceDescriptor
 .text.USBD_FS_LangIDStrDescriptor
                0x080081b0        0xc CMakeFiles/UWB-UAV-LABEL.elf.dir/USB_DEVICE/App/usbd_desc.c.obj
                0x080081b0                USBD_FS_LangIDStrDescriptor
 .text.IntToUnicode
                0x080081bc       0x30 CMakeFiles/UWB-UAV-LABEL.elf.dir/USB_DEVICE/App/usbd_desc.c.obj
 .text.Get_SerialNum
                0x080081ec       0x38 CMakeFiles/UWB-UAV-LABEL.elf.dir/USB_DEVICE/App/usbd_desc.c.obj
 .text.USBD_FS_SerialStrDescriptor
                0x08008224       0x14 CMakeFiles/UWB-UAV-LABEL.elf.dir/USB_DEVICE/App/usbd_desc.c.obj
                0x08008224                USBD_FS_SerialStrDescriptor
 .text.USBD_FS_ProductStrDescriptor
                0x08008238       0x24 CMakeFiles/UWB-UAV-LABEL.elf.dir/USB_DEVICE/App/usbd_desc.c.obj
                0x08008238                USBD_FS_ProductStrDescriptor
 .text.USBD_FS_ManufacturerStrDescriptor
                0x0800825c       0x1c CMakeFiles/UWB-UAV-LABEL.elf.dir/USB_DEVICE/App/usbd_desc.c.obj
                0x0800825c                USBD_FS_ManufacturerStrDescriptor
 .text.USBD_FS_ConfigStrDescriptor
                0x08008278       0x24 CMakeFiles/UWB-UAV-LABEL.elf.dir/USB_DEVICE/App/usbd_desc.c.obj
                0x08008278                USBD_FS_ConfigStrDescriptor
 .text.USBD_FS_InterfaceStrDescriptor
                0x0800829c       0x24 CMakeFiles/UWB-UAV-LABEL.elf.dir/USB_DEVICE/App/usbd_desc.c.obj
                0x0800829c                USBD_FS_InterfaceStrDescriptor
 .text.HAL_PCD_MspInit
                0x080082c0       0x84 CMakeFiles/UWB-UAV-LABEL.elf.dir/USB_DEVICE/Target/usbd_conf.c.obj
                0x080082c0                HAL_PCD_MspInit
 .text.HAL_PCD_SetupStageCallback
                0x08008344       0x10 CMakeFiles/UWB-UAV-LABEL.elf.dir/USB_DEVICE/Target/usbd_conf.c.obj
                0x08008344                HAL_PCD_SetupStageCallback
 .text.HAL_PCD_DataOutStageCallback
                0x08008354       0x18 CMakeFiles/UWB-UAV-LABEL.elf.dir/USB_DEVICE/Target/usbd_conf.c.obj
                0x08008354                HAL_PCD_DataOutStageCallback
 .text.HAL_PCD_DataInStageCallback
                0x0800836c       0x18 CMakeFiles/UWB-UAV-LABEL.elf.dir/USB_DEVICE/Target/usbd_conf.c.obj
                0x0800836c                HAL_PCD_DataInStageCallback
 .text.HAL_PCD_SOFCallback
                0x08008384        0xc CMakeFiles/UWB-UAV-LABEL.elf.dir/USB_DEVICE/Target/usbd_conf.c.obj
                0x08008384                HAL_PCD_SOFCallback
 .text.HAL_PCD_ResetCallback
                0x08008390       0x24 CMakeFiles/UWB-UAV-LABEL.elf.dir/USB_DEVICE/Target/usbd_conf.c.obj
                0x08008390                HAL_PCD_ResetCallback
 .text.HAL_PCD_SuspendCallback
                0x080083b4       0x30 CMakeFiles/UWB-UAV-LABEL.elf.dir/USB_DEVICE/Target/usbd_conf.c.obj
                0x080083b4                HAL_PCD_SuspendCallback
 .text.HAL_PCD_ResumeCallback
                0x080083e4        0xc CMakeFiles/UWB-UAV-LABEL.elf.dir/USB_DEVICE/Target/usbd_conf.c.obj
                0x080083e4                HAL_PCD_ResumeCallback
 .text.HAL_PCD_ISOOUTIncompleteCallback
                0x080083f0        0xc CMakeFiles/UWB-UAV-LABEL.elf.dir/USB_DEVICE/Target/usbd_conf.c.obj
                0x080083f0                HAL_PCD_ISOOUTIncompleteCallback
 .text.HAL_PCD_ISOINIncompleteCallback
                0x080083fc        0xc CMakeFiles/UWB-UAV-LABEL.elf.dir/USB_DEVICE/Target/usbd_conf.c.obj
                0x080083fc                HAL_PCD_ISOINIncompleteCallback
 .text.HAL_PCD_ConnectCallback
                0x08008408        0xc CMakeFiles/UWB-UAV-LABEL.elf.dir/USB_DEVICE/Target/usbd_conf.c.obj
                0x08008408                HAL_PCD_ConnectCallback
 .text.HAL_PCD_DisconnectCallback
                0x08008414        0xc CMakeFiles/UWB-UAV-LABEL.elf.dir/USB_DEVICE/Target/usbd_conf.c.obj
                0x08008414                HAL_PCD_DisconnectCallback
 .text.USBD_LL_Init
                0x08008420       0x64 CMakeFiles/UWB-UAV-LABEL.elf.dir/USB_DEVICE/Target/usbd_conf.c.obj
                0x08008420                USBD_LL_Init
 .text.USBD_LL_IsStallEP
                0x08008484       0x30 CMakeFiles/UWB-UAV-LABEL.elf.dir/USB_DEVICE/Target/usbd_conf.c.obj
                0x08008484                USBD_LL_IsStallEP
 .text.USBD_LL_GetRxDataSize
                0x080084b4        0xc CMakeFiles/UWB-UAV-LABEL.elf.dir/USB_DEVICE/Target/usbd_conf.c.obj
                0x080084b4                USBD_LL_GetRxDataSize
 .text.USBD_static_malloc
                0x080084c0        0x8 CMakeFiles/UWB-UAV-LABEL.elf.dir/USB_DEVICE/Target/usbd_conf.c.obj
                0x080084c0                USBD_static_malloc
 .text.USBD_static_free
                0x080084c8        0x4 CMakeFiles/UWB-UAV-LABEL.elf.dir/USB_DEVICE/Target/usbd_conf.c.obj
                0x080084c8                USBD_static_free
 .text.USBD_Get_USB_Status
                0x080084cc       0x14 CMakeFiles/UWB-UAV-LABEL.elf.dir/USB_DEVICE/Target/usbd_conf.c.obj
                0x080084cc                USBD_Get_USB_Status
 .text.USBD_LL_Start
                0x080084e0       0x10 CMakeFiles/UWB-UAV-LABEL.elf.dir/USB_DEVICE/Target/usbd_conf.c.obj
                0x080084e0                USBD_LL_Start
 .text.USBD_LL_OpenEP
                0x080084f0       0x18 CMakeFiles/UWB-UAV-LABEL.elf.dir/USB_DEVICE/Target/usbd_conf.c.obj
                0x080084f0                USBD_LL_OpenEP
 .text.USBD_LL_CloseEP
                0x08008508       0x10 CMakeFiles/UWB-UAV-LABEL.elf.dir/USB_DEVICE/Target/usbd_conf.c.obj
                0x08008508                USBD_LL_CloseEP
 .text.USBD_LL_StallEP
                0x08008518       0x10 CMakeFiles/UWB-UAV-LABEL.elf.dir/USB_DEVICE/Target/usbd_conf.c.obj
                0x08008518                USBD_LL_StallEP
 .text.USBD_LL_ClearStallEP
                0x08008528       0x10 CMakeFiles/UWB-UAV-LABEL.elf.dir/USB_DEVICE/Target/usbd_conf.c.obj
                0x08008528                USBD_LL_ClearStallEP
 .text.USBD_LL_SetUSBAddress
                0x08008538       0x10 CMakeFiles/UWB-UAV-LABEL.elf.dir/USB_DEVICE/Target/usbd_conf.c.obj
                0x08008538                USBD_LL_SetUSBAddress
 .text.USBD_LL_Transmit
                0x08008548       0x10 CMakeFiles/UWB-UAV-LABEL.elf.dir/USB_DEVICE/Target/usbd_conf.c.obj
                0x08008548                USBD_LL_Transmit
 .text.USBD_LL_PrepareReceive
                0x08008558       0x10 CMakeFiles/UWB-UAV-LABEL.elf.dir/USB_DEVICE/Target/usbd_conf.c.obj
                0x08008558                USBD_LL_PrepareReceive
 .text.reset_DWIC
                0x08008568       0x24 CMakeFiles/UWB-UAV-LABEL.elf.dir/User/Driver/Source/deca_conf.c.obj
                0x08008568                reset_DWIC
 .text.init_DWIC
                0x0800858c       0x98 CMakeFiles/UWB-UAV-LABEL.elf.dir/User/Driver/Source/deca_conf.c.obj
                0x0800858c                init_DWIC
 .text.Rx_Callback
                0x08008624       0x18 CMakeFiles/UWB-UAV-LABEL.elf.dir/User/Driver/Source/deca_process.c.obj
                0x08008624                Rx_Callback
 .text.process  0x0800863c        0x4 CMakeFiles/UWB-UAV-LABEL.elf.dir/User/Driver/Source/deca_process.c.obj
                0x0800863c                process
 .text.deca_sleep
                0x08008640        0x8 CMakeFiles/UWB-UAV-LABEL.elf.dir/User/Driver/Source/deca_sleep.c.obj
                0x08008640                deca_sleep
 .text.deca_usleep
                0x08008648       0x14 CMakeFiles/UWB-UAV-LABEL.elf.dir/User/Driver/Source/deca_sleep.c.obj
                0x08008648                deca_usleep
 .text.EXTI_GetITEnStatus
                0x0800865c       0x1c CMakeFiles/UWB-UAV-LABEL.elf.dir/User/Driver/Source/deca_spi.c.obj
                0x0800865c                EXTI_GetITEnStatus
 .text.decamutexon
                0x08008678        0xc CMakeFiles/UWB-UAV-LABEL.elf.dir/User/Driver/Source/deca_spi.c.obj
                0x08008678                decamutexon
 .text.decamutexoff
                0x08008684        0x4 CMakeFiles/UWB-UAV-LABEL.elf.dir/User/Driver/Source/deca_spi.c.obj
                0x08008684                decamutexoff
 .text.writetospiwithcrc
                0x08008688       0x64 CMakeFiles/UWB-UAV-LABEL.elf.dir/User/Driver/Source/deca_spi.c.obj
                0x08008688                writetospiwithcrc
 .text.writetospi
                0x080086ec       0x58 CMakeFiles/UWB-UAV-LABEL.elf.dir/User/Driver/Source/deca_spi.c.obj
                0x080086ec                writetospi
 .text.readfromspi
                0x08008744       0x80 CMakeFiles/UWB-UAV-LABEL.elf.dir/User/Driver/Source/deca_spi.c.obj
                0x08008744                readfromspi
 .text.__io_putchar
                0x080087c4       0x24 CMakeFiles/UWB-UAV-LABEL.elf.dir/User/Driver/Source/printf.c.obj
                0x080087c4                __io_putchar
 .text.usb_printf
                0x080087e8       0x30 CMakeFiles/UWB-UAV-LABEL.elf.dir/User/Driver/Source/printf.c.obj
                0x080087e8                usb_printf
 .text.__assert_func
                0x08008818       0x3c d:/sdk/arm/gnu_tool_arm_embedded/bin/../lib/gcc/arm-none-eabi/5.4.1/../../../../arm-none-eabi/lib/armv7e-m/fpu\libg.a(lib_a-assert.o)
                0x08008818                __assert_func
 .text.__errno  0x08008854        0xc d:/sdk/arm/gnu_tool_arm_embedded/bin/../lib/gcc/arm-none-eabi/5.4.1/../../../../arm-none-eabi/lib/armv7e-m/fpu\libg.a(lib_a-errno.o)
                0x08008854                __errno
 .text.fiprintf
                0x08008860       0x28 d:/sdk/arm/gnu_tool_arm_embedded/bin/../lib/gcc/arm-none-eabi/5.4.1/../../../../arm-none-eabi/lib/armv7e-m/fpu\libg.a(lib_a-fiprintf.o)
                0x08008860                fiprintf
 .text.__libc_init_array
                0x08008888       0x50 d:/sdk/arm/gnu_tool_arm_embedded/bin/../lib/gcc/arm-none-eabi/5.4.1/../../../../arm-none-eabi/lib/armv7e-m/fpu\libg.a(lib_a-init.o)
                0x08008888                __libc_init_array
 .text.memset   0x080088d8       0x9c d:/sdk/arm/gnu_tool_arm_embedded/bin/../lib/gcc/arm-none-eabi/5.4.1/../../../../arm-none-eabi/lib/armv7e-m/fpu\libg.a(lib_a-memset.o)
                0x080088d8                memset
 .text.cleanup_glue
                0x08008974       0x1c d:/sdk/arm/gnu_tool_arm_embedded/bin/../lib/gcc/arm-none-eabi/5.4.1/../../../../arm-none-eabi/lib/armv7e-m/fpu\libg.a(lib_a-reent.o)
                0x08008974                cleanup_glue
 .text._reclaim_reent
                0x08008990       0x88 d:/sdk/arm/gnu_tool_arm_embedded/bin/../lib/gcc/arm-none-eabi/5.4.1/../../../../arm-none-eabi/lib/armv7e-m/fpu\libg.a(lib_a-reent.o)
                0x08008990                _reclaim_reent
 .text.__sprint_r.part.0
                0x08008a18       0x78 d:/sdk/arm/gnu_tool_arm_embedded/bin/../lib/gcc/arm-none-eabi/5.4.1/../../../../arm-none-eabi/lib/armv7e-m/fpu\libg.a(lib_a-vfiprintf.o)
 .text._vfiprintf_r
                0x08008a90      0xdfc d:/sdk/arm/gnu_tool_arm_embedded/bin/../lib/gcc/arm-none-eabi/5.4.1/../../../../arm-none-eabi/lib/armv7e-m/fpu\libg.a(lib_a-vfiprintf.o)
                0x08008a90                _vfiprintf_r
 .text.__sbprintf
                0x0800988c       0x6c d:/sdk/arm/gnu_tool_arm_embedded/bin/../lib/gcc/arm-none-eabi/5.4.1/../../../../arm-none-eabi/lib/armv7e-m/fpu\libg.a(lib_a-vfiprintf.o)
 .text._vsnprintf_r
                0x080098f8       0x74 d:/sdk/arm/gnu_tool_arm_embedded/bin/../lib/gcc/arm-none-eabi/5.4.1/../../../../arm-none-eabi/lib/armv7e-m/fpu\libg.a(lib_a-vsnprintf.o)
                0x080098f8                _vsnprintf_r
 .text.vsnprintf
                0x0800996c       0x20 d:/sdk/arm/gnu_tool_arm_embedded/bin/../lib/gcc/arm-none-eabi/5.4.1/../../../../arm-none-eabi/lib/armv7e-m/fpu\libg.a(lib_a-vsnprintf.o)
                0x0800996c                vsnprintf
 .text.__swsetup_r
                0x0800998c       0xc8 d:/sdk/arm/gnu_tool_arm_embedded/bin/../lib/gcc/arm-none-eabi/5.4.1/../../../../arm-none-eabi/lib/armv7e-m/fpu\libg.a(lib_a-wsetup.o)
                0x0800998c                __swsetup_r
 .text.startup.register_fini
                0x08009a54       0x14 d:/sdk/arm/gnu_tool_arm_embedded/bin/../lib/gcc/arm-none-eabi/5.4.1/../../../../arm-none-eabi/lib/armv7e-m/fpu\libg.a(lib_a-__call_atexit.o)
 .text.abort    0x08009a68       0x10 d:/sdk/arm/gnu_tool_arm_embedded/bin/../lib/gcc/arm-none-eabi/5.4.1/../../../../arm-none-eabi/lib/armv7e-m/fpu\libg.a(lib_a-abort.o)
                0x08009a68                abort
 .text.atexit   0x08009a78        0xc d:/sdk/arm/gnu_tool_arm_embedded/bin/../lib/gcc/arm-none-eabi/5.4.1/../../../../arm-none-eabi/lib/armv7e-m/fpu\libg.a(lib_a-atexit.o)
                0x08009a78                atexit
 .text.__sflush_r
                0x08009a84      0x148 d:/sdk/arm/gnu_tool_arm_embedded/bin/../lib/gcc/arm-none-eabi/5.4.1/../../../../arm-none-eabi/lib/armv7e-m/fpu\libg.a(lib_a-fflush.o)
                0x08009a84                __sflush_r
 .text._fflush_r
                0x08009bcc       0x2c d:/sdk/arm/gnu_tool_arm_embedded/bin/../lib/gcc/arm-none-eabi/5.4.1/../../../../arm-none-eabi/lib/armv7e-m/fpu\libg.a(lib_a-fflush.o)
                0x08009bcc                _fflush_r
 .text._cleanup_r
                0x08009bf8        0xc d:/sdk/arm/gnu_tool_arm_embedded/bin/../lib/gcc/arm-none-eabi/5.4.1/../../../../arm-none-eabi/lib/armv7e-m/fpu\libg.a(lib_a-findfp.o)
                0x08009bf8                _cleanup_r
 .text.__sinit.part.1
                0x08009c04       0xf0 d:/sdk/arm/gnu_tool_arm_embedded/bin/../lib/gcc/arm-none-eabi/5.4.1/../../../../arm-none-eabi/lib/armv7e-m/fpu\libg.a(lib_a-findfp.o)
 .text.__sinit  0x08009cf4        0xc d:/sdk/arm/gnu_tool_arm_embedded/bin/../lib/gcc/arm-none-eabi/5.4.1/../../../../arm-none-eabi/lib/armv7e-m/fpu\libg.a(lib_a-findfp.o)
                0x08009cf4                __sinit
 .text.__sfp_lock_acquire
                0x08009d00        0x4 d:/sdk/arm/gnu_tool_arm_embedded/bin/../lib/gcc/arm-none-eabi/5.4.1/../../../../arm-none-eabi/lib/armv7e-m/fpu\libg.a(lib_a-findfp.o)
                0x08009d00                __sfp_lock_acquire
 .text.__sfp_lock_release
                0x08009d04        0x4 d:/sdk/arm/gnu_tool_arm_embedded/bin/../lib/gcc/arm-none-eabi/5.4.1/../../../../arm-none-eabi/lib/armv7e-m/fpu\libg.a(lib_a-findfp.o)
                0x08009d04                __sfp_lock_release
 .text.__libc_fini_array
                0x08009d08       0x28 d:/sdk/arm/gnu_tool_arm_embedded/bin/../lib/gcc/arm-none-eabi/5.4.1/../../../../arm-none-eabi/lib/armv7e-m/fpu\libg.a(lib_a-fini.o)
                0x08009d08                __libc_fini_array
 .text.__fputwc
                0x08009d30       0x98 d:/sdk/arm/gnu_tool_arm_embedded/bin/../lib/gcc/arm-none-eabi/5.4.1/../../../../arm-none-eabi/lib/armv7e-m/fpu\libg.a(lib_a-fputwc.o)
                0x08009d30                __fputwc
 .text._fputwc_r
                0x08009dc8       0x28 d:/sdk/arm/gnu_tool_arm_embedded/bin/../lib/gcc/arm-none-eabi/5.4.1/../../../../arm-none-eabi/lib/armv7e-m/fpu\libg.a(lib_a-fputwc.o)
                0x08009dc8                _fputwc_r
 .text._malloc_trim_r
                0x08009df0       0x9c d:/sdk/arm/gnu_tool_arm_embedded/bin/../lib/gcc/arm-none-eabi/5.4.1/../../../../arm-none-eabi/lib/armv7e-m/fpu\libg.a(lib_a-freer.o)
                0x08009df0                _malloc_trim_r
 .text._free_r  0x08009e8c      0x1d0 d:/sdk/arm/gnu_tool_arm_embedded/bin/../lib/gcc/arm-none-eabi/5.4.1/../../../../arm-none-eabi/lib/armv7e-m/fpu\libg.a(lib_a-freer.o)
                0x08009e8c                _free_r
 .text.__sfvwrite_r
                0x0800a05c      0x304 d:/sdk/arm/gnu_tool_arm_embedded/bin/../lib/gcc/arm-none-eabi/5.4.1/../../../../arm-none-eabi/lib/armv7e-m/fpu\libg.a(lib_a-fvwrite.o)
                0x0800a05c                __sfvwrite_r
 .text._fwalk_reent
                0x0800a360       0x54 d:/sdk/arm/gnu_tool_arm_embedded/bin/../lib/gcc/arm-none-eabi/5.4.1/../../../../arm-none-eabi/lib/armv7e-m/fpu\libg.a(lib_a-fwalk.o)
                0x0800a360                _fwalk_reent
 .text.__locale_mb_cur_max
                0x0800a3b4       0x1c d:/sdk/arm/gnu_tool_arm_embedded/bin/../lib/gcc/arm-none-eabi/5.4.1/../../../../arm-none-eabi/lib/armv7e-m/fpu\libg.a(lib_a-locale.o)
                0x0800a3b4                __locale_mb_cur_max
 .text.__swhatbuf_r
                0x0800a3d0       0x60 d:/sdk/arm/gnu_tool_arm_embedded/bin/../lib/gcc/arm-none-eabi/5.4.1/../../../../arm-none-eabi/lib/armv7e-m/fpu\libg.a(lib_a-makebuf.o)
                0x0800a3d0                __swhatbuf_r
 .text.__smakebuf_r
                0x0800a430       0x88 d:/sdk/arm/gnu_tool_arm_embedded/bin/../lib/gcc/arm-none-eabi/5.4.1/../../../../arm-none-eabi/lib/armv7e-m/fpu\libg.a(lib_a-makebuf.o)
                0x0800a430                __smakebuf_r
 .text._malloc_r
                0x0800a4b8      0x570 d:/sdk/arm/gnu_tool_arm_embedded/bin/../lib/gcc/arm-none-eabi/5.4.1/../../../../arm-none-eabi/lib/armv7e-m/fpu\libg.a(lib_a-mallocr.o)
                0x0800a4b8                _malloc_r
 .text.__ascii_mbtowc
                0x0800aa28       0x2c d:/sdk/arm/gnu_tool_arm_embedded/bin/../lib/gcc/arm-none-eabi/5.4.1/../../../../arm-none-eabi/lib/armv7e-m/fpu\libg.a(lib_a-mbtowc_r.o)
                0x0800aa28                __ascii_mbtowc
 .text.memmove  0x0800aa54       0xc8 d:/sdk/arm/gnu_tool_arm_embedded/bin/../lib/gcc/arm-none-eabi/5.4.1/../../../../arm-none-eabi/lib/armv7e-m/fpu\libg.a(lib_a-memmove.o)
                0x0800aa54                memmove
 .text.__malloc_lock
                0x0800ab1c        0x4 d:/sdk/arm/gnu_tool_arm_embedded/bin/../lib/gcc/arm-none-eabi/5.4.1/../../../../arm-none-eabi/lib/armv7e-m/fpu\libg.a(lib_a-mlock.o)
                0x0800ab1c                __malloc_lock
 .text.__malloc_unlock
                0x0800ab20        0x4 d:/sdk/arm/gnu_tool_arm_embedded/bin/../lib/gcc/arm-none-eabi/5.4.1/../../../../arm-none-eabi/lib/armv7e-m/fpu\libg.a(lib_a-mlock.o)
                0x0800ab20                __malloc_unlock
 .text._realloc_r
                0x0800ab24      0x3e0 d:/sdk/arm/gnu_tool_arm_embedded/bin/../lib/gcc/arm-none-eabi/5.4.1/../../../../arm-none-eabi/lib/armv7e-m/fpu\libg.a(lib_a-reallocr.o)
                0x0800ab24                _realloc_r
 .text._sbrk_r  0x0800af04       0x24 d:/sdk/arm/gnu_tool_arm_embedded/bin/../lib/gcc/arm-none-eabi/5.4.1/../../../../arm-none-eabi/lib/armv7e-m/fpu\libg.a(lib_a-sbrkr.o)
                0x0800af04                _sbrk_r
 .text._raise_r
                0x0800af28       0x58 d:/sdk/arm/gnu_tool_arm_embedded/bin/../lib/gcc/arm-none-eabi/5.4.1/../../../../arm-none-eabi/lib/armv7e-m/fpu\libg.a(lib_a-signal.o)
                0x0800af28                _raise_r
 .text.raise    0x0800af80       0x10 d:/sdk/arm/gnu_tool_arm_embedded/bin/../lib/gcc/arm-none-eabi/5.4.1/../../../../arm-none-eabi/lib/armv7e-m/fpu\libg.a(lib_a-signal.o)
                0x0800af80                raise
 .text._kill_r  0x0800af90       0x28 d:/sdk/arm/gnu_tool_arm_embedded/bin/../lib/gcc/arm-none-eabi/5.4.1/../../../../arm-none-eabi/lib/armv7e-m/fpu\libg.a(lib_a-signalr.o)
                0x0800af90                _kill_r
 .text._getpid_r
                0x0800afb8        0x4 d:/sdk/arm/gnu_tool_arm_embedded/bin/../lib/gcc/arm-none-eabi/5.4.1/../../../../arm-none-eabi/lib/armv7e-m/fpu\libg.a(lib_a-signalr.o)
                0x0800afb8                _getpid_r
 .text.__sread  0x0800afbc       0x24 d:/sdk/arm/gnu_tool_arm_embedded/bin/../lib/gcc/arm-none-eabi/5.4.1/../../../../arm-none-eabi/lib/armv7e-m/fpu\libg.a(lib_a-stdio.o)
                0x0800afbc                __sread
 .text.__swrite
                0x0800afe0       0x3c d:/sdk/arm/gnu_tool_arm_embedded/bin/../lib/gcc/arm-none-eabi/5.4.1/../../../../arm-none-eabi/lib/armv7e-m/fpu\libg.a(lib_a-stdio.o)
                0x0800afe0                __swrite
 .text.__sseek  0x0800b01c       0x20 d:/sdk/arm/gnu_tool_arm_embedded/bin/../lib/gcc/arm-none-eabi/5.4.1/../../../../arm-none-eabi/lib/armv7e-m/fpu\libg.a(lib_a-stdio.o)
                0x0800b01c                __sseek
 .text.__sclose
                0x0800b03c        0x8 d:/sdk/arm/gnu_tool_arm_embedded/bin/../lib/gcc/arm-none-eabi/5.4.1/../../../../arm-none-eabi/lib/armv7e-m/fpu\libg.a(lib_a-stdio.o)
                0x0800b03c                __sclose
 *fill*         0x0800b044        0x4 
 .text._svfprintf_r
                0x0800b048     0x16e4 d:/sdk/arm/gnu_tool_arm_embedded/bin/../lib/gcc/arm-none-eabi/5.4.1/../../../../arm-none-eabi/lib/armv7e-m/fpu\libg.a(lib_a-svfprintf.o)
                0x0800b048                _svfprintf_r
 .text.__swbuf_r
                0x0800c72c       0xac d:/sdk/arm/gnu_tool_arm_embedded/bin/../lib/gcc/arm-none-eabi/5.4.1/../../../../arm-none-eabi/lib/armv7e-m/fpu\libg.a(lib_a-wbuf.o)
                0x0800c72c                __swbuf_r
 .text._wcrtomb_r
                0x0800c7d8       0x54 d:/sdk/arm/gnu_tool_arm_embedded/bin/../lib/gcc/arm-none-eabi/5.4.1/../../../../arm-none-eabi/lib/armv7e-m/fpu\libg.a(lib_a-wcrtomb.o)
                0x0800c7d8                _wcrtomb_r
 .text.__ascii_wctomb
                0x0800c82c       0x1c d:/sdk/arm/gnu_tool_arm_embedded/bin/../lib/gcc/arm-none-eabi/5.4.1/../../../../arm-none-eabi/lib/armv7e-m/fpu\libg.a(lib_a-wctomb_r.o)
                0x0800c82c                __ascii_wctomb
 .text._write_r
                0x0800c848       0x2c d:/sdk/arm/gnu_tool_arm_embedded/bin/../lib/gcc/arm-none-eabi/5.4.1/../../../../arm-none-eabi/lib/armv7e-m/fpu\libg.a(lib_a-writer.o)
                0x0800c848                _write_r